Archive member included to satisfy reference by file (symbol)

/usr/lib/gcc/arm-none-eabi/9.2.1/thumb/v6-m/nofp/libgcc.a(_dvmd_tls.o)
                              CMakeFiles/robot_pwm.dir/home/ubuntu/pico/pico-sdk/src/rp2_common/pico_divider/divider.S.obj (__aeabi_idiv0)
/usr/lib/gcc/arm-none-eabi/9.2.1/../../../arm-none-eabi/lib/thumb/v6-m/nofp/libc.a(lib_a-atexit.o)
                              /usr/lib/gcc/arm-none-eabi/9.2.1/../../../arm-none-eabi/lib/thumb/v6-m/nofp/crt0.o (atexit)
/usr/lib/gcc/arm-none-eabi/9.2.1/../../../arm-none-eabi/lib/thumb/v6-m/nofp/libc.a(lib_a-calloc.o)
                              CMakeFiles/robot_pwm.dir/home/ubuntu/pico/pico-sdk/src/rp2_common/pico_malloc/pico_malloc.c.obj (calloc)
/usr/lib/gcc/arm-none-eabi/9.2.1/../../../arm-none-eabi/lib/thumb/v6-m/nofp/libc.a(lib_a-callocr.o)
                              /usr/lib/gcc/arm-none-eabi/9.2.1/../../../arm-none-eabi/lib/thumb/v6-m/nofp/libc.a(lib_a-calloc.o) (_calloc_r)
/usr/lib/gcc/arm-none-eabi/9.2.1/../../../arm-none-eabi/lib/thumb/v6-m/nofp/libc.a(lib_a-fini.o)
                              /usr/lib/gcc/arm-none-eabi/9.2.1/../../../arm-none-eabi/lib/thumb/v6-m/nofp/crt0.o (__libc_fini_array)
/usr/lib/gcc/arm-none-eabi/9.2.1/../../../arm-none-eabi/lib/thumb/v6-m/nofp/libc.a(lib_a-impure.o)
                              /usr/lib/gcc/arm-none-eabi/9.2.1/../../../arm-none-eabi/lib/thumb/v6-m/nofp/libc.a(lib_a-calloc.o) (_impure_ptr)
/usr/lib/gcc/arm-none-eabi/9.2.1/../../../arm-none-eabi/lib/thumb/v6-m/nofp/libc.a(lib_a-init.o)
                              /usr/lib/gcc/arm-none-eabi/9.2.1/../../../arm-none-eabi/lib/thumb/v6-m/nofp/crt0.o (__libc_init_array)
/usr/lib/gcc/arm-none-eabi/9.2.1/../../../arm-none-eabi/lib/thumb/v6-m/nofp/libc.a(lib_a-malloc.o)
                              CMakeFiles/robot_pwm.dir/home/ubuntu/pico/pico-sdk/src/rp2_common/pico_malloc/pico_malloc.c.obj (malloc)
/usr/lib/gcc/arm-none-eabi/9.2.1/../../../arm-none-eabi/lib/thumb/v6-m/nofp/libc.a(lib_a-mallocr.o)
                              /usr/lib/gcc/arm-none-eabi/9.2.1/../../../arm-none-eabi/lib/thumb/v6-m/nofp/libc.a(lib_a-callocr.o) (_malloc_r)
/usr/lib/gcc/arm-none-eabi/9.2.1/../../../arm-none-eabi/lib/thumb/v6-m/nofp/libc.a(lib_a-mlock.o)
                              /usr/lib/gcc/arm-none-eabi/9.2.1/../../../arm-none-eabi/lib/thumb/v6-m/nofp/libc.a(lib_a-mallocr.o) (__malloc_lock)
/usr/lib/gcc/arm-none-eabi/9.2.1/../../../arm-none-eabi/lib/thumb/v6-m/nofp/libc.a(lib_a-realloc.o)
                              CMakeFiles/robot_pwm.dir/home/ubuntu/pico/pico-sdk/src/rp2_common/pico_malloc/pico_malloc.c.obj (realloc)
/usr/lib/gcc/arm-none-eabi/9.2.1/../../../arm-none-eabi/lib/thumb/v6-m/nofp/libc.a(lib_a-reallocr.o)
                              /usr/lib/gcc/arm-none-eabi/9.2.1/../../../arm-none-eabi/lib/thumb/v6-m/nofp/libc.a(lib_a-realloc.o) (_realloc_r)
/usr/lib/gcc/arm-none-eabi/9.2.1/../../../arm-none-eabi/lib/thumb/v6-m/nofp/libc.a(lib_a-sbrkr.o)
                              /usr/lib/gcc/arm-none-eabi/9.2.1/../../../arm-none-eabi/lib/thumb/v6-m/nofp/libc.a(lib_a-mallocr.o) (_sbrk_r)
/usr/lib/gcc/arm-none-eabi/9.2.1/../../../arm-none-eabi/lib/thumb/v6-m/nofp/libc.a(lib_a-strlen-stub.o)
                              CMakeFiles/robot_pwm.dir/home/ubuntu/pico/pico-sdk/src/rp2_common/pico_stdio/stdio.c.obj (strlen)
/usr/lib/gcc/arm-none-eabi/9.2.1/../../../arm-none-eabi/lib/thumb/v6-m/nofp/libc.a(lib_a-__atexit.o)
                              /usr/lib/gcc/arm-none-eabi/9.2.1/../../../arm-none-eabi/lib/thumb/v6-m/nofp/libc.a(lib_a-atexit.o) (__register_exitproc)
/usr/lib/gcc/arm-none-eabi/9.2.1/../../../arm-none-eabi/lib/thumb/v6-m/nofp/libc.a(lib_a-freer.o)
                              /usr/lib/gcc/arm-none-eabi/9.2.1/../../../arm-none-eabi/lib/thumb/v6-m/nofp/libc.a(lib_a-malloc.o) (_free_r)
/usr/lib/gcc/arm-none-eabi/9.2.1/../../../arm-none-eabi/lib/thumb/v6-m/nofp/libc.a(lib_a-memmove.o)
                              /usr/lib/gcc/arm-none-eabi/9.2.1/../../../arm-none-eabi/lib/thumb/v6-m/nofp/libc.a(lib_a-reallocr.o) (memmove)
/usr/lib/gcc/arm-none-eabi/9.2.1/../../../arm-none-eabi/lib/thumb/v6-m/nofp/libc.a(lib_a-reent.o)
                              /usr/lib/gcc/arm-none-eabi/9.2.1/../../../arm-none-eabi/lib/thumb/v6-m/nofp/libc.a(lib_a-sbrkr.o) (errno)

Allocating common symbols
Common symbol       size              file

sf_table            0x100             CMakeFiles/robot_pwm.dir/home/ubuntu/pico/pico-sdk/src/rp2_common/pico_float/float_init_rom.c.obj
errno               0x4               /usr/lib/gcc/arm-none-eabi/9.2.1/../../../arm-none-eabi/lib/thumb/v6-m/nofp/libc.a(lib_a-reent.o)
_usbd_qdef_buf      0xc0              CMakeFiles/robot_pwm.dir/home/ubuntu/pico/pico-sdk/lib/tinyusb/src/device/usbd.c.obj
sd_table            0x100             CMakeFiles/robot_pwm.dir/home/ubuntu/pico/pico-sdk/src/rp2_common/pico_double/double_init_rom.c.obj

Discarded input sections

[...]
Memory Configuration

Name             Origin             Length             Attributes
FLASH            0x0000000010000000 0x0000000000200000 xr
RAM              0x0000000020000000 0x0000000000040000 xrw
SCRATCH_X        0x0000000020040000 0x0000000000001000 xrw
SCRATCH_Y        0x0000000020041000 0x0000000000001000 xrw
*default*        0x0000000000000000 0xffffffffffffffff

Linker script and memory map

LOAD /usr/lib/gcc/arm-none-eabi/9.2.1/thumb/v6-m/nofp/crti.o
LOAD /usr/lib/gcc/arm-none-eabi/9.2.1/thumb/v6-m/nofp/crtbegin.o
LOAD /usr/lib/gcc/arm-none-eabi/9.2.1/../../../arm-none-eabi/lib/thumb/v6-m/nofp/crt0.o

.flash_begin    0x0000000010000000        0x0
                0x0000000010000000                __flash_binary_start = .

.boot2          0x0000000010000000      0x100
                0x0000000010000000                __boot2_start__ = .
 *(.boot2)
 .boot2         0x0000000010000000      0x100 /tmp/ccaSOU44.o
                0x0000000010000100                __boot2_end__ = .
                0x0000000000000001                ASSERT (((__boot2_end__ - __boot2_start__) == 0x100), ERROR: Pico second stage bootloader must be 256 bytes in size)

.text           0x0000000010000100     0x79a8
                0x0000000010000100                __logical_binary_start = .
 *(.vectors)
 .vectors       0x0000000010000100       0xd4 CMakeFiles/robot_pwm.dir/home/ubuntu/pico/pico-sdk/src/rp2_common/pico_standard_link/crt0.S.obj
                0x0000000010000100                __vectors
                0x0000000010000100                __VECTOR_TABLE
                0x00000000100001c0                isr_invalid
                0x00000000100001c0                __default_isrs_start
                0x00000000100001c2                isr_nmi
                0x00000000100001c4                isr_hardfault
                0x00000000100001c6                isr_svcall
                0x00000000100001c8                isr_pendsv
                0x00000000100001ca                isr_systick
                0x00000000100001cc                isr_irq30
                0x00000000100001cc                __unhandled_user_irq
                0x00000000100001cc                isr_irq13
                0x00000000100001cc                isr_irq27
                0x00000000100001cc                isr_irq31
                0x00000000100001cc                isr_irq5
                0x00000000100001cc                isr_irq11
                0x00000000100001cc                isr_irq23
                0x00000000100001cc                isr_irq18
                0x00000000100001cc                isr_irq28
                0x00000000100001cc                isr_irq19
                0x00000000100001cc                isr_irq0
                0x00000000100001cc                isr_irq6
                0x00000000100001cc                isr_irq22
                0x00000000100001cc                isr_irq17
                0x00000000100001cc                isr_irq14
                0x00000000100001cc                isr_irq2
                0x00000000100001cc                isr_irq10
                0x00000000100001cc                isr_irq8
                0x00000000100001cc                isr_irq24
                0x00000000100001cc                isr_irq1
                0x00000000100001cc                isr_irq7
                0x00000000100001cc                isr_irq21
                0x00000000100001cc                isr_irq20
                0x00000000100001cc                isr_irq15
                0x00000000100001cc                isr_irq25
                0x00000000100001cc                isr_irq4
                0x00000000100001cc                isr_irq16
                0x00000000100001cc                isr_irq29
                0x00000000100001cc                isr_irq26
                0x00000000100001cc                __default_isrs_end
                0x00000000100001cc                isr_irq3
                0x00000000100001cc                isr_irq12
                0x00000000100001cc                isr_irq9
                0x00000000100001d2                unhandled_user_irq_num_in_r0
 *(.binary_info_header)
 .binary_info_header
                0x00000000100001d4       0x14 CMakeFiles/robot_pwm.dir/home/ubuntu/pico/pico-sdk/src/rp2_common/pico_standard_link/crt0.S.obj
                0x00000000100001e8                __binary_info_header_end = .
 *(.reset)
 .reset         0x00000000100001e8       0xa0 CMakeFiles/robot_pwm.dir/home/ubuntu/pico/pico-sdk/src/rp2_common/pico_standard_link/crt0.S.obj
                0x00000000100001e8                _entry_point
 .reset         0x0000000010000288       0x30 CMakeFiles/robot_pwm.dir/home/ubuntu/pico/pico-sdk/src/rp2_common/pico_standard_link/binary_info.c.obj
 *(.init)
 .init          0x00000000100002b8        0x4 /usr/lib/gcc/arm-none-eabi/9.2.1/thumb/v6-m/nofp/crti.o
                0x00000000100002b8                _init
 *(EXCLUDE_FILE(*libm.a: *libc.a:*lib_a-mem*.o *libgcc.a:) .text*)
 .text          0x00000000100002bc       0x98 /usr/lib/gcc/arm-none-eabi/9.2.1/thumb/v6-m/nofp/crtbegin.o
 .text._Z13gpio_callbackjm
                0x0000000010000354       0x80 CMakeFiles/robot_pwm.dir/main.cpp.obj
                0x0000000010000354                gpio_callback(unsigned int, unsigned long)
 .text._Z13timerCallbackP15repeating_timer
                0x00000000100003d4      0x18c CMakeFiles/robot_pwm.dir/main.cpp.obj
                0x00000000100003d4                timerCallback(repeating_timer*)
 .text._Z5setupv
                0x0000000010000560       0xd4 CMakeFiles/robot_pwm.dir/main.cpp.obj
                0x0000000010000560                setup()
 .text.startup.main
                0x0000000010000634      0x2a0 CMakeFiles/robot_pwm.dir/main.cpp.obj
                0x0000000010000634                main
 .text.startup._GLOBAL__sub_I_encoder1_ticks
                0x00000000100008d4       0x74 CMakeFiles/robot_pwm.dir/main.cpp.obj
 .text._ZN7DCMotorC2Ejjjff
                0x0000000010000948       0xb4 CMakeFiles/robot_pwm.dir/src/motor_control.cpp.obj
                0x0000000010000948                DCMotor::DCMotor(unsigned int, unsigned int, unsigned int, float, float)
                0x0000000010000948                DCMotor::DCMotor(unsigned int, unsigned int, unsigned int, float, float)
 .text._ZN7DCMotor5writeEf
                0x00000000100009fc       0xc8 CMakeFiles/robot_pwm.dir/src/motor_control.cpp.obj
                0x00000000100009fc                DCMotor::write(float)
 .text._ZN3PIDC2Efffff
                0x0000000010000ac4       0x18 CMakeFiles/robot_pwm.dir/src/pid.cpp.obj
                0x0000000010000ac4                PID::PID(float, float, float, float, float)
                0x0000000010000ac4                PID::PID(float, float, float, float, float)
 .text._ZN3PID9calculateEfff
                0x0000000010000adc       0xb8 CMakeFiles/robot_pwm.dir/src/pid.cpp.obj
                0x0000000010000adc                PID::calculate(float, float, float)
 .text.gpio_default_irq_handler
                0x0000000010000b94      0x248 CMakeFiles/robot_pwm.dir/home/ubuntu/pico/pico-sdk/src/rp2_common/hardware_gpio/gpio.c.obj
 .text.gpio_set_function
                0x0000000010000ddc       0x30 CMakeFiles/robot_pwm.dir/home/ubuntu/pico/pico-sdk/src/rp2_common/hardware_gpio/gpio.c.obj
                0x0000000010000ddc                gpio_set_function
 .text.gpio_set_pulls
                0x0000000010000e0c       0x30 CMakeFiles/robot_pwm.dir/home/ubuntu/pico/pico-sdk/src/rp2_common/hardware_gpio/gpio.c.obj
                0x0000000010000e0c                gpio_set_pulls
 .text.gpio_set_irq_enabled_with_callback
                0x0000000010000e3c       0xb0 CMakeFiles/robot_pwm.dir/home/ubuntu/pico/pico-sdk/src/rp2_common/hardware_gpio/gpio.c.obj
                0x0000000010000e3c                gpio_set_irq_enabled_with_callback
 .text.gpio_init
                0x0000000010000eec       0x3c CMakeFiles/robot_pwm.dir/home/ubuntu/pico/pico-sdk/src/rp2_common/hardware_gpio/gpio.c.obj
                0x0000000010000eec                gpio_init
 .text.running_on_fpga
                0x0000000010000f28       0x10 CMakeFiles/robot_pwm.dir/home/ubuntu/pico/pico-sdk/src/rp2_common/pico_platform/platform.c.obj
                0x0000000010000f28                running_on_fpga
 .text.hw_claim_or_assert
                0x0000000010000f38       0x48 CMakeFiles/robot_pwm.dir/home/ubuntu/pico/pico-sdk/src/rp2_common/hardware_claim/claim.c.obj
                0x0000000010000f38                hw_claim_or_assert
 .text.hw_claim_unused_from_range
                0x0000000010000f80       0x9c CMakeFiles/robot_pwm.dir/home/ubuntu/pico/pico-sdk/src/rp2_common/hardware_claim/claim.c.obj
                0x0000000010000f80                hw_claim_unused_from_range
 .text.spin_locks_reset
                0x000000001000101c       0x1c CMakeFiles/robot_pwm.dir/home/ubuntu/pico/pico-sdk/src/rp2_common/hardware_sync/sync.c.obj
                0x000000001000101c                spin_locks_reset
 .text.next_striped_spin_lock_num
                0x0000000010001038       0x18 CMakeFiles/robot_pwm.dir/home/ubuntu/pico/pico-sdk/src/rp2_common/hardware_sync/sync.c.obj
                0x0000000010001038                next_striped_spin_lock_num
 .text.spin_lock_claim_unused
                0x0000000010001050       0x20 CMakeFiles/robot_pwm.dir/home/ubuntu/pico/pico-sdk/src/rp2_common/hardware_sync/sync.c.obj
                0x0000000010001050                spin_lock_claim_unused
 .text.irq_set_enabled
                0x0000000010001070       0x24 CMakeFiles/robot_pwm.dir/home/ubuntu/pico/pico-sdk/src/rp2_common/hardware_irq/irq.c.obj
                0x0000000010001070                irq_set_enabled
 .text.irq_set_pending
                0x0000000010001094       0x10 CMakeFiles/robot_pwm.dir/home/ubuntu/pico/pico-sdk/src/rp2_common/hardware_irq/irq.c.obj
                0x0000000010001094                irq_set_pending
 .text.irq_has_shared_handler
                0x00000000100010a4       0x2c CMakeFiles/robot_pwm.dir/home/ubuntu/pico/pico-sdk/src/rp2_common/hardware_irq/irq.c.obj
                0x00000000100010a4                irq_has_shared_handler
 .text.irq_get_vtable_handler
                0x00000000100010d0       0x10 CMakeFiles/robot_pwm.dir/home/ubuntu/pico/pico-sdk/src/rp2_common/hardware_irq/irq.c.obj
                0x00000000100010d0                irq_get_vtable_handler
 .text.irq_set_exclusive_handler
                0x00000000100010e0       0x54 CMakeFiles/robot_pwm.dir/home/ubuntu/pico/pico-sdk/src/rp2_common/hardware_irq/irq.c.obj
                0x00000000100010e0                irq_set_exclusive_handler
 .text.irq_add_shared_handler
                0x0000000010001134      0x1c4 CMakeFiles/robot_pwm.dir/home/ubuntu/pico/pico-sdk/src/rp2_common/hardware_irq/irq.c.obj
                0x0000000010001134                irq_add_shared_handler
 .text.irq_remove_handler
                0x00000000100012f8      0x1b4 CMakeFiles/robot_pwm.dir/home/ubuntu/pico/pico-sdk/src/rp2_common/hardware_irq/irq.c.obj
                0x00000000100012f8                irq_remove_handler
 .text.irq_add_tail_to_free_list
                0x00000000100014ac       0xb4 CMakeFiles/robot_pwm.dir/home/ubuntu/pico/pico-sdk/src/rp2_common/hardware_irq/irq.c.obj
                0x00000000100014ac                irq_add_tail_to_free_list
 .text.irq_init_priorities
                0x0000000010001560       0x24 CMakeFiles/robot_pwm.dir/home/ubuntu/pico/pico-sdk/src/rp2_common/hardware_irq/irq.c.obj
                0x0000000010001560                irq_init_priorities
 .text.user_irq_claim_unused
                0x0000000010001584       0x28 CMakeFiles/robot_pwm.dir/home/ubuntu/pico/pico-sdk/src/rp2_common/hardware_irq/irq.c.obj
                0x0000000010001584                user_irq_claim_unused
 .text.lock_init
                0x00000000100015ac       0x10 CMakeFiles/robot_pwm.dir/home/ubuntu/pico/pico-sdk/src/common/pico_sync/lock_core.c.obj
                0x00000000100015ac                lock_init
 .text.mutex_init
                0x00000000100015bc       0x1c CMakeFiles/robot_pwm.dir/home/ubuntu/pico/pico-sdk/src/common/pico_sync/mutex.c.obj
                0x00000000100015bc                mutex_init
 .text.recursive_mutex_init
                0x00000000100015d8       0x1c CMakeFiles/robot_pwm.dir/home/ubuntu/pico/pico-sdk/src/common/pico_sync/mutex.c.obj
                0x00000000100015d8                recursive_mutex_init
 .text.critical_section_init
                0x00000000100015f4       0x1c CMakeFiles/robot_pwm.dir/home/ubuntu/pico/pico-sdk/src/common/pico_sync/critical_section.c.obj
                0x00000000100015f4                critical_section_init
 .text.critical_section_init_with_lock_num
                0x0000000010001610       0x14 CMakeFiles/robot_pwm.dir/home/ubuntu/pico/pico-sdk/src/common/pico_sync/critical_section.c.obj
                0x0000000010001610                critical_section_init_with_lock_num
 .text.timer_pool_entry_comparator
                0x0000000010001624       0x34 CMakeFiles/robot_pwm.dir/home/ubuntu/pico/pico-sdk/src/common/pico_time/time.c.obj
                0x0000000010001624                timer_pool_entry_comparator
 .text.repeating_timer_callback
                0x0000000010001658       0x1c CMakeFiles/robot_pwm.dir/home/ubuntu/pico/pico-sdk/src/common/pico_time/time.c.obj
 .text.sleep_until_callback
                0x0000000010001674       0x30 CMakeFiles/robot_pwm.dir/home/ubuntu/pico/pico-sdk/src/common/pico_time/time.c.obj
 .text.add_alarm_under_lock
                0x00000000100016a4      0x108 CMakeFiles/robot_pwm.dir/home/ubuntu/pico/pico-sdk/src/common/pico_time/time.c.obj
 .text.alarm_pool_alarm_callback
                0x00000000100017ac      0x1bc CMakeFiles/robot_pwm.dir/home/ubuntu/pico/pico-sdk/src/common/pico_time/time.c.obj
 .text.alarm_pool_init_default
                0x0000000010001968       0x6c CMakeFiles/robot_pwm.dir/home/ubuntu/pico/pico-sdk/src/common/pico_time/time.c.obj
                0x0000000010001968                alarm_pool_init_default
 .text.alarm_pool_get_default
                0x00000000100019d4        0x8 CMakeFiles/robot_pwm.dir/home/ubuntu/pico/pico-sdk/src/common/pico_time/time.c.obj
                0x00000000100019d4                alarm_pool_get_default
 .text.alarm_pool_add_alarm_at
                0x00000000100019dc      0x18c CMakeFiles/robot_pwm.dir/home/ubuntu/pico/pico-sdk/src/common/pico_time/time.c.obj
                0x00000000100019dc                alarm_pool_add_alarm_at
 .text.alarm_pool_core_num
                0x0000000010001b68        0x4 CMakeFiles/robot_pwm.dir/home/ubuntu/pico/pico-sdk/src/common/pico_time/time.c.obj
                0x0000000010001b68                alarm_pool_core_num
 .text.alarm_pool_add_repeating_timer_us
                0x0000000010001b6c      0x204 CMakeFiles/robot_pwm.dir/home/ubuntu/pico/pico-sdk/src/common/pico_time/time.c.obj
                0x0000000010001b6c                alarm_pool_add_repeating_timer_us
 .text.sleep_until
                0x0000000010001d70       0xc4 CMakeFiles/robot_pwm.dir/home/ubuntu/pico/pico-sdk/src/common/pico_time/time.c.obj
                0x0000000010001d70                sleep_until
 .text.sleep_ms
                0x0000000010001e34       0x34 CMakeFiles/robot_pwm.dir/home/ubuntu/pico/pico-sdk/src/common/pico_time/time.c.obj
                0x0000000010001e34                sleep_ms
 .text.best_effort_wfe_or_timeout
                0x0000000010001e68       0xd4 CMakeFiles/robot_pwm.dir/home/ubuntu/pico/pico-sdk/src/common/pico_time/time.c.obj
                0x0000000010001e68                best_effort_wfe_or_timeout
 .text.hardware_alarm_irq_handler
                0x0000000010001f3c       0xbc CMakeFiles/robot_pwm.dir/home/ubuntu/pico/pico-sdk/src/rp2_common/hardware_timer/timer.c.obj
 .text.hardware_alarm_claim
                0x0000000010001ff8       0x18 CMakeFiles/robot_pwm.dir/home/ubuntu/pico/pico-sdk/src/rp2_common/hardware_timer/timer.c.obj
                0x0000000010001ff8                hardware_alarm_claim
 .text.time_us_64
                0x0000000010002010       0x14 CMakeFiles/robot_pwm.dir/home/ubuntu/pico/pico-sdk/src/rp2_common/hardware_timer/timer.c.obj
                0x0000000010002010                time_us_64
 .text.busy_wait_until
                0x0000000010002024       0x20 CMakeFiles/robot_pwm.dir/home/ubuntu/pico/pico-sdk/src/rp2_common/hardware_timer/timer.c.obj
                0x0000000010002024                busy_wait_until
 .text.hardware_alarm_set_callback
                0x0000000010002044       0x8c CMakeFiles/robot_pwm.dir/home/ubuntu/pico/pico-sdk/src/rp2_common/hardware_timer/timer.c.obj
                0x0000000010002044                hardware_alarm_set_callback
 .text.hardware_alarm_set_target
                0x00000000100020d0       0xd4 CMakeFiles/robot_pwm.dir/home/ubuntu/pico/pico-sdk/src/rp2_common/hardware_timer/timer.c.obj
                0x00000000100020d0                hardware_alarm_set_target
 .text.hardware_alarm_cancel
                0x00000000100021a4       0x40 CMakeFiles/robot_pwm.dir/home/ubuntu/pico/pico-sdk/src/rp2_common/hardware_timer/timer.c.obj
                0x00000000100021a4                hardware_alarm_cancel
 .text.ph_merge_nodes
                0x00000000100021e4       0x68 CMakeFiles/robot_pwm.dir/home/ubuntu/pico/pico-sdk/src/common/pico_util/pheap.c.obj
 .text.ph_post_alloc_init
                0x000000001000224c       0x3c CMakeFiles/robot_pwm.dir/home/ubuntu/pico/pico-sdk/src/common/pico_util/pheap.c.obj
                0x000000001000224c                ph_post_alloc_init
 .text.ph_merge_two_pass
                0x0000000010002288       0x90 CMakeFiles/robot_pwm.dir/home/ubuntu/pico/pico-sdk/src/common/pico_util/pheap.c.obj
                0x0000000010002288                ph_merge_two_pass
 .text.ph_remove_any_head
                0x0000000010002318      0x100 CMakeFiles/robot_pwm.dir/home/ubuntu/pico/pico-sdk/src/common/pico_util/pheap.c.obj
 .text.ph_remove_head
                0x0000000010002418      0x144 CMakeFiles/robot_pwm.dir/home/ubuntu/pico/pico-sdk/src/common/pico_util/pheap.c.obj
                0x0000000010002418                ph_remove_head
 .text.ph_remove_and_free_node
                0x000000001000255c       0x7c CMakeFiles/robot_pwm.dir/home/ubuntu/pico/pico-sdk/src/common/pico_util/pheap.c.obj
                0x000000001000255c                ph_remove_and_free_node
 .text.clocks_init
                0x00000000100025d8      0x2d0 CMakeFiles/robot_pwm.dir/home/ubuntu/pico/pico-sdk/src/rp2_common/hardware_clocks/clocks.c.obj
                0x00000000100025d8                clocks_init
 .text.pll_init
                0x00000000100028a8       0xa0 CMakeFiles/robot_pwm.dir/home/ubuntu/pico/pico-sdk/src/rp2_common/hardware_pll/pll.c.obj
                0x00000000100028a8                pll_init
 .text.watchdog_start_tick
                0x0000000010002948       0x10 CMakeFiles/robot_pwm.dir/home/ubuntu/pico/pico-sdk/src/rp2_common/hardware_watchdog/watchdog.c.obj
                0x0000000010002948                watchdog_start_tick
 .text.watchdog_reboot
                0x0000000010002958       0x98 CMakeFiles/robot_pwm.dir/home/ubuntu/pico/pico-sdk/src/rp2_common/hardware_watchdog/watchdog.c.obj
                0x0000000010002958                watchdog_reboot
 .text.xosc_init
                0x00000000100029f0       0x28 CMakeFiles/robot_pwm.dir/home/ubuntu/pico/pico-sdk/src/rp2_common/hardware_xosc/xosc.c.obj
                0x00000000100029f0                xosc_init
 .text.runtime_init
                0x0000000010002a18       0xf0 CMakeFiles/robot_pwm.dir/home/ubuntu/pico/pico-sdk/src/rp2_common/pico_runtime/runtime.c.obj
                0x0000000010002a18                runtime_init
 .text._exit    0x0000000010002b08        0x4 CMakeFiles/robot_pwm.dir/home/ubuntu/pico/pico-sdk/src/rp2_common/pico_runtime/runtime.c.obj
                0x0000000010002b08                _exit
 .text.exit     0x0000000010002b0c        0x8 CMakeFiles/robot_pwm.dir/home/ubuntu/pico/pico-sdk/src/rp2_common/pico_runtime/runtime.c.obj
                0x0000000010002b0c                exit
 .text.panic    0x0000000010002b14       0x30 CMakeFiles/robot_pwm.dir/home/ubuntu/pico/pico-sdk/src/rp2_common/pico_runtime/runtime.c.obj
                0x0000000010002b14                panic
 .text.hard_assertion_failure
                0x0000000010002b44        0xc CMakeFiles/robot_pwm.dir/home/ubuntu/pico/pico-sdk/src/rp2_common/pico_runtime/runtime.c.obj
                0x0000000010002b44                hard_assertion_failure
 .text._out_null
                0x0000000010002b50        0x4 CMakeFiles/robot_pwm.dir/home/ubuntu/pico/pico-sdk/src/rp2_common/pico_printf/printf.c.obj
 .text._out_rev
                0x0000000010002b54       0xd0 CMakeFiles/robot_pwm.dir/home/ubuntu/pico/pico-sdk/src/rp2_common/pico_printf/printf.c.obj
 .text._ntoa_format
                0x0000000010002c24      0x1d0 CMakeFiles/robot_pwm.dir/home/ubuntu/pico/pico-sdk/src/rp2_common/pico_printf/printf.c.obj
 .text._out_char
                0x0000000010002df4       0x10 CMakeFiles/robot_pwm.dir/home/ubuntu/pico/pico-sdk/src/rp2_common/pico_printf/printf.c.obj
 .text._out_fct
                0x0000000010002e04       0x10 CMakeFiles/robot_pwm.dir/home/ubuntu/pico/pico-sdk/src/rp2_common/pico_printf/printf.c.obj
 .text._etoa    0x0000000010002e14      0x478 CMakeFiles/robot_pwm.dir/home/ubuntu/pico/pico-sdk/src/rp2_common/pico_printf/printf.c.obj
 .text._ftoa    0x000000001000328c      0x3e0 CMakeFiles/robot_pwm.dir/home/ubuntu/pico/pico-sdk/src/rp2_common/pico_printf/printf.c.obj
 .text._vsnprintf
                0x000000001000366c      0xb08 CMakeFiles/robot_pwm.dir/home/ubuntu/pico/pico-sdk/src/rp2_common/pico_printf/printf.c.obj
 .text.vfctprintf
                0x0000000010004174       0x20 CMakeFiles/robot_pwm.dir/home/ubuntu/pico/pico-sdk/src/rp2_common/pico_printf/printf.c.obj
                0x0000000010004174                vfctprintf
 .text.weak_raw_vprintf
                0x0000000010004194       0x30 CMakeFiles/robot_pwm.dir/home/ubuntu/pico/pico-sdk/src/rp2_common/pico_printf/printf.c.obj
                0x0000000010004194                weak_raw_vprintf
 .text          0x00000000100041c4       0x10 CMakeFiles/robot_pwm.dir/home/ubuntu/pico/pico-sdk/src/rp2_common/pico_bit_ops/bit_ops_aeabi.S.obj
 .text.rom_func_lookup
                0x00000000100041d4       0x10 CMakeFiles/robot_pwm.dir/home/ubuntu/pico/pico-sdk/src/rp2_common/pico_bootrom/bootrom.c.obj
                0x00000000100041d4                rom_func_lookup
 .text.rom_data_lookup
                0x00000000100041e4       0x10 CMakeFiles/robot_pwm.dir/home/ubuntu/pico/pico-sdk/src/rp2_common/pico_bootrom/bootrom.c.obj
                0x00000000100041e4                rom_data_lookup
 .text.rom_funcs_lookup
                0x00000000100041f4       0x3c CMakeFiles/robot_pwm.dir/home/ubuntu/pico/pico-sdk/src/rp2_common/pico_bootrom/bootrom.c.obj
                0x00000000100041f4                rom_funcs_lookup
 .text.__wrap___aeabi_idiv
                0x0000000010004230       0x50 CMakeFiles/robot_pwm.dir/home/ubuntu/pico/pico-sdk/src/rp2_common/pico_divider/divider.S.obj
                0x0000000010004230                __wrap___aeabi_idivmod
                0x0000000010004230                divmod_s32s32
                0x0000000010004230                div_s32s32
                0x0000000010004230                __wrap___aeabi_idiv
                0x0000000010004238                divmod_s32s32_unsafe
                0x0000000010004264                divmod_s32s32_savestate
 .text.__wrap___aeabi_uidiv
                0x0000000010004280       0x4c CMakeFiles/robot_pwm.dir/home/ubuntu/pico/pico-sdk/src/rp2_common/pico_divider/divider.S.obj
                0x0000000010004280                __wrap___aeabi_uidiv
                0x0000000010004280                __wrap___aeabi_uidivmod
                0x0000000010004280                div_u32u32
                0x0000000010004280                divmod_u32u32
                0x0000000010004288                divmod_u32u32_unsafe
                0x00000000100042b0                divmod_u32u32_savestate
 .text.__wrap___aeabi_ldiv
                0x00000000100042cc      0x424 CMakeFiles/robot_pwm.dir/home/ubuntu/pico/pico-sdk/src/rp2_common/pico_divider/divider.S.obj
                0x00000000100042cc                div_s64s64
                0x00000000100042cc                divmod_s64s64
                0x00000000100042cc                __wrap___aeabi_ldivmod
                0x00000000100042fc                div_u64u64
                0x00000000100042fc                divmod_u64u64
                0x00000000100042fc                __wrap___aeabi_uldivmod
                0x000000001000430c                divmod_u64u64_savestate
                0x000000001000432c                divmod_s64s64_unsafe
                0x00000000100043b4                divmod_u64u64_unsafe
 .text.__wrap___aeabi_darithmetic
                0x00000000100046f0       0x80 CMakeFiles/robot_pwm.dir/home/ubuntu/pico/pico-sdk/src/rp2_common/pico_double/double_aeabi.S.obj
                0x00000000100046f0                __wrap___aeabi_drsub
                0x00000000100046f6                __wrap___aeabi_dsub
                0x0000000010004708                __wrap___aeabi_dadd
                0x000000001000471a                __wrap___aeabi_ddiv
                0x0000000010004756                __wrap___aeabi_dmul
 .text.__wrap___aeabi_cdcmple
                0x0000000010004770       0x6c CMakeFiles/robot_pwm.dir/home/ubuntu/pico/pico-sdk/src/rp2_common/pico_double/double_aeabi.S.obj
                0x0000000010004770                __wrap___aeabi_cdrcmple
                0x0000000010004780                __wrap___aeabi_cdcmple
                0x0000000010004780                __wrap___aeabi_cdcmpeq
 .text.__wrap___aeabi_dcmplt
                0x00000000100047dc        0xc CMakeFiles/robot_pwm.dir/home/ubuntu/pico/pico-sdk/src/rp2_common/pico_double/double_aeabi.S.obj
                0x00000000100047dc                __wrap___aeabi_dcmplt
 .text.__wrap___aeabi_dcmple
                0x00000000100047e8       0x10 CMakeFiles/robot_pwm.dir/home/ubuntu/pico/pico-sdk/src/rp2_common/pico_double/double_aeabi.S.obj
                0x00000000100047e8                __wrap___aeabi_dcmple
 .text.__wrap___aeabi_dcmpge
                0x00000000100047f8       0x10 CMakeFiles/robot_pwm.dir/home/ubuntu/pico/pico-sdk/src/rp2_common/pico_double/double_aeabi.S.obj
                0x00000000100047f8                __wrap___aeabi_dcmpge
 .text.__wrap___aeabi_dcmpgt
                0x0000000010004808        0xa CMakeFiles/robot_pwm.dir/home/ubuntu/pico/pico-sdk/src/rp2_common/pico_double/double_aeabi.S.obj
                0x0000000010004808                __wrap___aeabi_dcmpgt
 .text.__wrap___aeabi_dcmpun
                0x0000000010004812       0x1c CMakeFiles/robot_pwm.dir/home/ubuntu/pico/pico-sdk/src/rp2_common/pico_double/double_aeabi.S.obj
                0x0000000010004812                __wrap___aeabi_dcmpun
 *fill*         0x000000001000482e        0x2 
 .text.__wrap___aeabi_i2d
                0x0000000010004830       0x38 CMakeFiles/robot_pwm.dir/home/ubuntu/pico/pico-sdk/src/rp2_common/pico_double/double_aeabi.S.obj
                0x0000000010004830                __wrap___aeabi_ui2d
                0x0000000010004838                __wrap___aeabi_i2d
 .text.__wrap___aeabi_d2iz
                0x0000000010004868       0x48 CMakeFiles/robot_pwm.dir/home/ubuntu/pico/pico-sdk/src/rp2_common/pico_double/double_aeabi.S.obj
                0x0000000010004868                __wrap___aeabi_d2iz
                0x0000000010004868                double2int_z
 .text.__wrap___aeabi_d2uiz
                0x00000000100048b0       0x18 CMakeFiles/robot_pwm.dir/home/ubuntu/pico/pico-sdk/src/rp2_common/pico_double/double_aeabi.S.obj
                0x00000000100048b0                double2uint
                0x00000000100048b0                __wrap___aeabi_d2uiz
 .text.__wrap___aeabi_l2d
                0x00000000100048c8       0x18 CMakeFiles/robot_pwm.dir/home/ubuntu/pico/pico-sdk/src/rp2_common/pico_double/double_aeabi.S.obj
                0x00000000100048c8                __wrap___aeabi_l2d
 .text.__wrap___aeabi_d2f
                0x00000000100048e0       0x18 CMakeFiles/robot_pwm.dir/home/ubuntu/pico/pico-sdk/src/rp2_common/pico_double/double_aeabi.S.obj
                0x00000000100048e0                __wrap___aeabi_d2f
 .text.__aeabi_double_init
                0x00000000100048f8       0xc0 CMakeFiles/robot_pwm.dir/home/ubuntu/pico/pico-sdk/src/rp2_common/pico_double/double_init_rom.c.obj
                0x00000000100048f8                __aeabi_double_init
 .text.double_table_shim_on_use_helper
                0x00000000100049b8       0x2c CMakeFiles/robot_pwm.dir/home/ubuntu/pico/pico-sdk/src/rp2_common/pico_double/double_v1_rom_shim.S.obj
                0x00000000100049b8                double_table_shim_on_use_helper
 .text.__wrap___aeabi_dsub
                0x00000000100049e4       0x10 CMakeFiles/robot_pwm.dir/home/ubuntu/pico/pico-sdk/src/rp2_common/pico_double/double_v1_rom_shim.S.obj
                0x00000000100049e4                drsub_shim
                0x00000000100049ea                dsub_shim
 .text.dadd_shim
                0x00000000100049f4      0x15c CMakeFiles/robot_pwm.dir/home/ubuntu/pico/pico-sdk/src/rp2_common/pico_double/double_v1_rom_shim.S.obj
                0x00000000100049f4                dadd_shim
 .text.dmul_shim
                0x0000000010004b50      0x15c CMakeFiles/robot_pwm.dir/home/ubuntu/pico/pico-sdk/src/rp2_common/pico_double/double_v1_rom_shim.S.obj
                0x0000000010004b50                dmul_shim
 .text.ddiv_shim
                0x0000000010004cac      0x1b0 CMakeFiles/robot_pwm.dir/home/ubuntu/pico/pico-sdk/src/rp2_common/pico_double/double_v1_rom_shim.S.obj
                0x0000000010004cac                ddiv_shim
 .text.double2uint_shim
                0x0000000010004e5c        0xe CMakeFiles/robot_pwm.dir/home/ubuntu/pico/pico-sdk/src/rp2_common/pico_double/double_v1_rom_shim.S.obj
                0x0000000010004e5c                double2uint_shim
                0x0000000010004e5e                double2ufix_shim
 *fill*         0x0000000010004e6a        0x2 
 .text.double2uint64_shim
                0x0000000010004e6c       0x70 CMakeFiles/robot_pwm.dir/home/ubuntu/pico/pico-sdk/src/rp2_common/pico_double/double_v1_rom_shim.S.obj
                0x0000000010004e6c                double2uint64_shim
                0x0000000010004e6e                double2ufix64_shim
                0x0000000010004e8e                d2fix_a
 .text.double2float_shim
                0x0000000010004edc       0x5c CMakeFiles/robot_pwm.dir/home/ubuntu/pico/pico-sdk/src/rp2_common/pico_double/double_v1_rom_shim.S.obj
                0x0000000010004edc                double2float_shim
 .text.x2double_shims
                0x0000000010004f38       0x90 CMakeFiles/robot_pwm.dir/home/ubuntu/pico/pico-sdk/src/rp2_common/pico_double/double_v1_rom_shim.S.obj
                0x0000000010004f38                uint2double_shim
                0x0000000010004f3a                ufix2double_shim
                0x0000000010004f40                int2double_shim
                0x0000000010004f42                fix2double_shim
                0x0000000010004f48                uint642double_shim
                0x0000000010004f4a                ufix642double_shim
                0x0000000010004f50                int642double_shim
                0x0000000010004f52                fix642double_shim
 .text.dunpacks
                0x0000000010004fc8       0x3c CMakeFiles/robot_pwm.dir/home/ubuntu/pico/pico-sdk/src/rp2_common/pico_double/double_v1_rom_shim.S.obj
                0x0000000010004fc8                dunpacks
 .text.__aeabi_lmul
                0x0000000010005004       0x32 CMakeFiles/robot_pwm.dir/home/ubuntu/pico/pico-sdk/src/rp2_common/pico_int64_ops/pico_int64_ops_aeabi.S.obj
                0x0000000010005004                __wrap___aeabi_lmul
 *fill*         0x0000000010005036        0x2 
 .text.__wrap___aeabi_farithmetic
                0x0000000010005038       0x48 CMakeFiles/robot_pwm.dir/home/ubuntu/pico/pico-sdk/src/rp2_common/pico_float/float_aeabi.S.obj
                0x0000000010005038                __wrap___aeabi_frsub
                0x000000001000503e                __wrap___aeabi_fsub
                0x0000000010005044                __wrap___aeabi_fadd
                0x000000001000504a                __wrap___aeabi_fdiv
                0x0000000010005072                __wrap___aeabi_fmul
 .text.__wrap___aeabi_cfcmple
                0x0000000010005080       0x50 CMakeFiles/robot_pwm.dir/home/ubuntu/pico/pico-sdk/src/rp2_common/pico_float/float_aeabi.S.obj
                0x0000000010005080                __wrap___aeabi_cfrcmple
                0x000000001000508c                __wrap___aeabi_cfcmpeq
                0x000000001000508c                __wrap___aeabi_cfcmple
 .text.__wrap___aeabi_fcmplt
                0x00000000100050d0        0xc CMakeFiles/robot_pwm.dir/home/ubuntu/pico/pico-sdk/src/rp2_common/pico_float/float_aeabi.S.obj
                0x00000000100050d0                __wrap___aeabi_fcmplt
 .text.__wrap___aeabi_fcmple
                0x00000000100050dc       0x10 CMakeFiles/robot_pwm.dir/home/ubuntu/pico/pico-sdk/src/rp2_common/pico_float/float_aeabi.S.obj
                0x00000000100050dc                __wrap___aeabi_fcmple
 .text.__wrap___aeabi_fcmpge
                0x00000000100050ec       0x10 CMakeFiles/robot_pwm.dir/home/ubuntu/pico/pico-sdk/src/rp2_common/pico_float/float_aeabi.S.obj
                0x00000000100050ec                __wrap___aeabi_fcmpge
 .text.__wrap___aeabi_fcmpgt
                0x00000000100050fc        0xa CMakeFiles/robot_pwm.dir/home/ubuntu/pico/pico-sdk/src/rp2_common/pico_float/float_aeabi.S.obj
                0x00000000100050fc                __wrap___aeabi_fcmpgt
 *fill*         0x0000000010005106        0x2 
 .text.__wrap___aeabi_i2f
                0x0000000010005108       0x44 CMakeFiles/robot_pwm.dir/home/ubuntu/pico/pico-sdk/src/rp2_common/pico_float/float_aeabi.S.obj
                0x0000000010005108                __wrap___aeabi_i2f
 .text.__wrap___aeabi_f2iz
                0x000000001000514c       0x4e CMakeFiles/robot_pwm.dir/home/ubuntu/pico/pico-sdk/src/rp2_common/pico_float/float_aeabi.S.obj
                0x000000001000514c                __wrap___aeabi_f2iz
                0x000000001000514c                float2int_z
 *fill*         0x000000001000519a        0x2 
 .text.float2int
                0x000000001000519c       0x14 CMakeFiles/robot_pwm.dir/home/ubuntu/pico/pico-sdk/src/rp2_common/pico_float/float_aeabi.S.obj
                0x000000001000519c                float2int
 .text.__wrap___aeabi_f2uiz
                0x00000000100051b0        0xc CMakeFiles/robot_pwm.dir/home/ubuntu/pico/pico-sdk/src/rp2_common/pico_float/float_aeabi.S.obj
                0x00000000100051b0                __wrap___aeabi_f2uiz
 .text.__wrap___aeabi_f2d
                0x00000000100051bc       0x14 CMakeFiles/robot_pwm.dir/home/ubuntu/pico/pico-sdk/src/rp2_common/pico_float/float_aeabi.S.obj
                0x00000000100051bc                __wrap___aeabi_f2d
 .text.__aeabi_float_init
                0x00000000100051d0       0x64 CMakeFiles/robot_pwm.dir/home/ubuntu/pico/pico-sdk/src/rp2_common/pico_float/float_init_rom.c.obj
                0x00000000100051d0                __aeabi_float_init
 .text.float_table_shim_on_use_helper
                0x0000000010005234       0x2c CMakeFiles/robot_pwm.dir/home/ubuntu/pico/pico-sdk/src/rp2_common/pico_float/float_v1_rom_shim.S.obj
                0x0000000010005234                float_table_shim_on_use_helper
 .text.float232_shims
                0x0000000010005260       0x18 CMakeFiles/robot_pwm.dir/home/ubuntu/pico/pico-sdk/src/rp2_common/pico_float/float_v1_rom_shim.S.obj
                0x0000000010005260                float2int_shim
                0x0000000010005262                float2fix_shim
 .text.float2double_shim
                0x0000000010005278       0x30 CMakeFiles/robot_pwm.dir/home/ubuntu/pico/pico-sdk/src/rp2_common/pico_float/float_v1_rom_shim.S.obj
                0x0000000010005278                float2double_shim
 .text          0x00000000100052a8       0x10 CMakeFiles/robot_pwm.dir/home/ubuntu/pico/pico-sdk/src/rp2_common/pico_mem_ops/mem_ops_aeabi.S.obj
                0x00000000100052a8                __aeabi_mem_init
 .text.memset   0x00000000100052b8        0xc CMakeFiles/robot_pwm.dir/home/ubuntu/pico/pico-sdk/src/rp2_common/pico_mem_ops/mem_ops_aeabi.S.obj
                0x00000000100052b8                __wrap_memset
 .text.memcpy   0x00000000100052c4        0xc CMakeFiles/robot_pwm.dir/home/ubuntu/pico/pico-sdk/src/rp2_common/pico_mem_ops/mem_ops_aeabi.S.obj
                0x00000000100052c4                __wrap___aeabi_memcpy
                0x00000000100052c4                __wrap_memcpy
 .text.stdio_out_chars_no_crlf
                0x00000000100052d0       0x10 CMakeFiles/robot_pwm.dir/home/ubuntu/pico/pico-sdk/src/rp2_common/pico_stdio/stdio.c.obj
 .text.stdio_buffered_printer
                0x00000000100052e0       0x60 CMakeFiles/robot_pwm.dir/home/ubuntu/pico/pico-sdk/src/rp2_common/pico_stdio/stdio.c.obj
 .text.stdio_out_chars_crlf
                0x0000000010005340       0x10 CMakeFiles/robot_pwm.dir/home/ubuntu/pico/pico-sdk/src/rp2_common/pico_stdio/stdio.c.obj
 .text.stdio_put_string
                0x0000000010005350      0x104 CMakeFiles/robot_pwm.dir/home/ubuntu/pico/pico-sdk/src/rp2_common/pico_stdio/stdio.c.obj
 .text.__wrap_putchar
                0x0000000010005454       0x98 CMakeFiles/robot_pwm.dir/home/ubuntu/pico/pico-sdk/src/rp2_common/pico_stdio/stdio.c.obj
                0x0000000010005454                __wrap_putchar
 .text.__wrap_puts
                0x00000000100054ec       0x3c CMakeFiles/robot_pwm.dir/home/ubuntu/pico/pico-sdk/src/rp2_common/pico_stdio/stdio.c.obj
                0x00000000100054ec                __wrap_puts
 .text.stdio_set_driver_enabled
                0x0000000010005528       0x30 CMakeFiles/robot_pwm.dir/home/ubuntu/pico/pico-sdk/src/rp2_common/pico_stdio/stdio.c.obj
                0x0000000010005528                stdio_set_driver_enabled
 .text.__wrap_vprintf
                0x0000000010005558       0xd4 CMakeFiles/robot_pwm.dir/home/ubuntu/pico/pico-sdk/src/rp2_common/pico_stdio/stdio.c.obj
                0x0000000010005558                __wrap_vprintf
 .text.__wrap_printf
                0x000000001000562c       0x18 CMakeFiles/robot_pwm.dir/home/ubuntu/pico/pico-sdk/src/rp2_common/pico_stdio/stdio.c.obj
                0x000000001000562c                __wrap_printf
 .text.stdio_init_all
                0x0000000010005644        0x8 CMakeFiles/robot_pwm.dir/home/ubuntu/pico/pico-sdk/src/rp2_common/pico_stdio/stdio.c.obj
                0x0000000010005644                stdio_init_all
 .text.resetd_init
                0x000000001000564c        0x4 CMakeFiles/robot_pwm.dir/home/ubuntu/pico/pico-sdk/src/rp2_common/pico_stdio_usb/reset_interface.c.obj
 .text.resetd_reset
                0x0000000010005650        0xc CMakeFiles/robot_pwm.dir/home/ubuntu/pico/pico-sdk/src/rp2_common/pico_stdio_usb/reset_interface.c.obj
 .text.resetd_open
                0x000000001000565c       0x28 CMakeFiles/robot_pwm.dir/home/ubuntu/pico/pico-sdk/src/rp2_common/pico_stdio_usb/reset_interface.c.obj
 .text.resetd_xfer_cb
                0x0000000010005684        0x4 CMakeFiles/robot_pwm.dir/home/ubuntu/pico/pico-sdk/src/rp2_common/pico_stdio_usb/reset_interface.c.obj
 .text.resetd_control_xfer_cb
                0x0000000010005688       0x64 CMakeFiles/robot_pwm.dir/home/ubuntu/pico/pico-sdk/src/rp2_common/pico_stdio_usb/reset_interface.c.obj
 .text.usbd_app_driver_get_cb
                0x00000000100056ec        0xc CMakeFiles/robot_pwm.dir/home/ubuntu/pico/pico-sdk/src/rp2_common/pico_stdio_usb/reset_interface.c.obj
                0x00000000100056ec                usbd_app_driver_get_cb
 .text.tud_cdc_line_coding_cb
                0x00000000100056f8       0x34 CMakeFiles/robot_pwm.dir/home/ubuntu/pico/pico-sdk/src/rp2_common/pico_stdio_usb/reset_interface.c.obj
                0x00000000100056f8                tud_cdc_line_coding_cb
 .text.stdio_usb_set_chars_available_callback
                0x000000001000572c       0x14 CMakeFiles/robot_pwm.dir/home/ubuntu/pico/pico-sdk/src/rp2_common/pico_stdio_usb/stdio_usb.c.obj
                0x000000001000572c                stdio_usb_set_chars_available_callback
 .text.usb_irq  0x0000000010005740       0x10 CMakeFiles/robot_pwm.dir/home/ubuntu/pico/pico-sdk/src/rp2_common/pico_stdio_usb/stdio_usb.c.obj
 .text.timer_task
                0x0000000010005750       0x54 CMakeFiles/robot_pwm.dir/home/ubuntu/pico/pico-sdk/src/rp2_common/pico_stdio_usb/stdio_usb.c.obj
 .text.stdio_usb_in_chars
                0x00000000100057a4       0x90 CMakeFiles/robot_pwm.dir/home/ubuntu/pico/pico-sdk/src/rp2_common/pico_stdio_usb/stdio_usb.c.obj
                0x00000000100057a4                stdio_usb_in_chars
 .text.stdio_usb_out_chars
                0x0000000010005834      0x100 CMakeFiles/robot_pwm.dir/home/ubuntu/pico/pico-sdk/src/rp2_common/pico_stdio_usb/stdio_usb.c.obj
 .text.low_priority_worker_irq
                0x0000000010005934       0xa8 CMakeFiles/robot_pwm.dir/home/ubuntu/pico/pico-sdk/src/rp2_common/pico_stdio_usb/stdio_usb.c.obj
 .text.tud_cdc_rx_cb
                0x00000000100059dc       0x20 CMakeFiles/robot_pwm.dir/home/ubuntu/pico/pico-sdk/src/rp2_common/pico_stdio_usb/stdio_usb.c.obj
                0x00000000100059dc                tud_cdc_rx_cb
 .text.stdio_usb_init
                0x00000000100059fc       0xdc CMakeFiles/robot_pwm.dir/home/ubuntu/pico/pico-sdk/src/rp2_common/pico_stdio_usb/stdio_usb.c.obj
                0x00000000100059fc                stdio_usb_init
 .text.tud_descriptor_device_cb
                0x0000000010005ad8        0x8 CMakeFiles/robot_pwm.dir/home/ubuntu/pico/pico-sdk/src/rp2_common/pico_stdio_usb/stdio_usb_descriptors.c.obj
                0x0000000010005ad8                tud_descriptor_device_cb
 .text.tud_descriptor_configuration_cb
                0x0000000010005ae0        0x8 CMakeFiles/robot_pwm.dir/home/ubuntu/pico/pico-sdk/src/rp2_common/pico_stdio_usb/stdio_usb_descriptors.c.obj
                0x0000000010005ae0                tud_descriptor_configuration_cb
 .text.tud_descriptor_string_cb
                0x0000000010005ae8       0x70 CMakeFiles/robot_pwm.dir/home/ubuntu/pico/pico-sdk/src/rp2_common/pico_stdio_usb/stdio_usb_descriptors.c.obj
                0x0000000010005ae8                tud_descriptor_string_cb
 .text.startup._retrieve_unique_id_on_boot
                0x0000000010005b58       0x10 CMakeFiles/robot_pwm.dir/home/ubuntu/pico/pico-sdk/src/rp2_common/pico_unique_id/unique_id.c.obj
 .text.pico_get_unique_board_id_string
                0x0000000010005b68      0x1bc CMakeFiles/robot_pwm.dir/home/ubuntu/pico/pico-sdk/src/rp2_common/pico_unique_id/unique_id.c.obj
                0x0000000010005b68                pico_get_unique_board_id_string
 .text.flash_get_unique_id
                0x0000000010005d24       0x40 CMakeFiles/robot_pwm.dir/home/ubuntu/pico/pico-sdk/src/rp2_common/hardware_flash/flash.c.obj
                0x0000000010005d24                flash_get_unique_id
 .text.dcd_int_enable
                0x0000000010005d64        0xc CMakeFiles/robot_pwm.dir/home/ubuntu/pico/pico-sdk/lib/tinyusb/src/portable/raspberrypi/rp2040/dcd_rp2040.c.obj
                0x0000000010005d64                dcd_int_enable
 .text.dcd_set_address
                0x0000000010005d70       0x14 CMakeFiles/robot_pwm.dir/home/ubuntu/pico/pico-sdk/lib/tinyusb/src/portable/raspberrypi/rp2040/dcd_rp2040.c.obj
                0x0000000010005d70                dcd_set_address
 .text.dcd_connect
                0x0000000010005d84       0x10 CMakeFiles/robot_pwm.dir/home/ubuntu/pico/pico-sdk/lib/tinyusb/src/portable/raspberrypi/rp2040/dcd_rp2040.c.obj
                0x0000000010005d84                dcd_connect
 .text.dcd_init
                0x0000000010005d94       0x9c CMakeFiles/robot_pwm.dir/home/ubuntu/pico/pico-sdk/lib/tinyusb/src/portable/raspberrypi/rp2040/dcd_rp2040.c.obj
                0x0000000010005d94                dcd_init
 .text.dcd_edpt0_status_complete
                0x0000000010005e30       0x1c CMakeFiles/robot_pwm.dir/home/ubuntu/pico/pico-sdk/lib/tinyusb/src/portable/raspberrypi/rp2040/dcd_rp2040.c.obj
                0x0000000010005e30                dcd_edpt0_status_complete
 .text.dcd_edpt_open
                0x0000000010005e4c      0x108 CMakeFiles/robot_pwm.dir/home/ubuntu/pico/pico-sdk/lib/tinyusb/src/portable/raspberrypi/rp2040/dcd_rp2040.c.obj
                0x0000000010005e4c                dcd_edpt_open
 .text.dcd_edpt_close_all
                0x0000000010005f54        0x8 CMakeFiles/robot_pwm.dir/home/ubuntu/pico/pico-sdk/lib/tinyusb/src/portable/raspberrypi/rp2040/dcd_rp2040.c.obj
                0x0000000010005f54                dcd_edpt_close_all
 .text.dcd_edpt_xfer
                0x0000000010005f5c       0x24 CMakeFiles/robot_pwm.dir/home/ubuntu/pico/pico-sdk/lib/tinyusb/src/portable/raspberrypi/rp2040/dcd_rp2040.c.obj
                0x0000000010005f5c                dcd_edpt_xfer
 .text.dcd_edpt_stall
                0x0000000010005f80       0x38 CMakeFiles/robot_pwm.dir/home/ubuntu/pico/pico-sdk/lib/tinyusb/src/portable/raspberrypi/rp2040/dcd_rp2040.c.obj
                0x0000000010005f80                dcd_edpt_stall
 .text.dcd_edpt_clear_stall
                0x0000000010005fb8       0x30 CMakeFiles/robot_pwm.dir/home/ubuntu/pico/pico-sdk/lib/tinyusb/src/portable/raspberrypi/rp2040/dcd_rp2040.c.obj
                0x0000000010005fb8                dcd_edpt_clear_stall
 .text.rp2040_usb_init
                0x0000000010005fe8       0x4c CMakeFiles/robot_pwm.dir/home/ubuntu/pico/pico-sdk/lib/tinyusb/src/portable/raspberrypi/rp2040/rp2040_usb.c.obj
                0x0000000010005fe8                rp2040_usb_init
 .text.hw_endpoint_xfer_start
                0x0000000010006034       0x54 CMakeFiles/robot_pwm.dir/home/ubuntu/pico/pico-sdk/lib/tinyusb/src/portable/raspberrypi/rp2040/rp2040_usb.c.obj
                0x0000000010006034                hw_endpoint_xfer_start
 .text.tud_mounted
                0x0000000010006088       0x10 CMakeFiles/robot_pwm.dir/home/ubuntu/pico/pico-sdk/lib/tinyusb/src/device/usbd.c.obj
                0x0000000010006088                tud_mounted
 .text.tud_suspended
                0x0000000010006098       0x10 CMakeFiles/robot_pwm.dir/home/ubuntu/pico/pico-sdk/lib/tinyusb/src/device/usbd.c.obj
                0x0000000010006098                tud_suspended
 .text.tud_inited
                0x00000000100060a8       0x14 CMakeFiles/robot_pwm.dir/home/ubuntu/pico/pico-sdk/lib/tinyusb/src/device/usbd.c.obj
                0x00000000100060a8                tud_inited
 .text.tud_init
                0x00000000100060bc       0xe4 CMakeFiles/robot_pwm.dir/home/ubuntu/pico/pico-sdk/lib/tinyusb/src/device/usbd.c.obj
                0x00000000100060bc                tud_init
 .text.tud_task_ext
                0x00000000100061a0      0x858 CMakeFiles/robot_pwm.dir/home/ubuntu/pico/pico-sdk/lib/tinyusb/src/device/usbd.c.obj
                0x00000000100061a0                tud_task_ext
 .text.usbd_open_edpt_pair
                0x00000000100069f8       0x9c CMakeFiles/robot_pwm.dir/home/ubuntu/pico/pico-sdk/lib/tinyusb/src/device/usbd.c.obj
                0x00000000100069f8                usbd_open_edpt_pair
 .text.usbd_defer_func
                0x0000000010006a94       0x4c CMakeFiles/robot_pwm.dir/home/ubuntu/pico/pico-sdk/lib/tinyusb/src/device/usbd.c.obj
                0x0000000010006a94                usbd_defer_func
 .text.usbd_edpt_open
                0x0000000010006ae0       0x34 CMakeFiles/robot_pwm.dir/home/ubuntu/pico/pico-sdk/lib/tinyusb/src/device/usbd.c.obj
                0x0000000010006ae0                usbd_edpt_open
 .text.usbd_edpt_claim
                0x0000000010006b14       0x28 CMakeFiles/robot_pwm.dir/home/ubuntu/pico/pico-sdk/lib/tinyusb/src/device/usbd.c.obj
                0x0000000010006b14                usbd_edpt_claim
 .text.usbd_edpt_release
                0x0000000010006b3c       0x28 CMakeFiles/robot_pwm.dir/home/ubuntu/pico/pico-sdk/lib/tinyusb/src/device/usbd.c.obj
                0x0000000010006b3c                usbd_edpt_release
 .text.usbd_edpt_xfer
                0x0000000010006b64       0x4c CMakeFiles/robot_pwm.dir/home/ubuntu/pico/pico-sdk/lib/tinyusb/src/device/usbd.c.obj
                0x0000000010006b64                usbd_edpt_xfer
 .text.tud_control_status
                0x0000000010006bb0       0x30 CMakeFiles/robot_pwm.dir/home/ubuntu/pico/pico-sdk/lib/tinyusb/src/device/usbd_control.c.obj
                0x0000000010006bb0                tud_control_status
 .text.tud_control_xfer
                0x0000000010006be0       0xb8 CMakeFiles/robot_pwm.dir/home/ubuntu/pico/pico-sdk/lib/tinyusb/src/device/usbd_control.c.obj
                0x0000000010006be0                tud_control_xfer
 .text.usbd_control_reset
                0x0000000010006c98       0x14 CMakeFiles/robot_pwm.dir/home/ubuntu/pico/pico-sdk/lib/tinyusb/src/device/usbd_control.c.obj
                0x0000000010006c98                usbd_control_reset
 .text.usbd_control_set_complete_callback
                0x0000000010006cac        0xc CMakeFiles/robot_pwm.dir/home/ubuntu/pico/pico-sdk/lib/tinyusb/src/device/usbd_control.c.obj
                0x0000000010006cac                usbd_control_set_complete_callback
 .text.usbd_control_set_request
                0x0000000010006cb8       0x1c CMakeFiles/robot_pwm.dir/home/ubuntu/pico/pico-sdk/lib/tinyusb/src/device/usbd_control.c.obj
                0x0000000010006cb8                usbd_control_set_request
 .text.usbd_control_xfer_cb
                0x0000000010006cd4       0xf8 CMakeFiles/robot_pwm.dir/home/ubuntu/pico/pico-sdk/lib/tinyusb/src/device/usbd_control.c.obj
                0x0000000010006cd4                usbd_control_xfer_cb
 .text.tud_cdc_n_connected
                0x0000000010006dcc       0x30 CMakeFiles/robot_pwm.dir/home/ubuntu/pico/pico-sdk/lib/tinyusb/src/class/cdc/cdc_device.c.obj
                0x0000000010006dcc                tud_cdc_n_connected
 .text.tud_cdc_n_available
                0x0000000010006dfc       0x18 CMakeFiles/robot_pwm.dir/home/ubuntu/pico/pico-sdk/lib/tinyusb/src/class/cdc/cdc_device.c.obj
                0x0000000010006dfc                tud_cdc_n_available
 .text.tud_cdc_n_read
                0x0000000010006e14       0x70 CMakeFiles/robot_pwm.dir/home/ubuntu/pico/pico-sdk/lib/tinyusb/src/class/cdc/cdc_device.c.obj
                0x0000000010006e14                tud_cdc_n_read
 .text.tud_cdc_n_write_flush
                0x0000000010006e84       0x78 CMakeFiles/robot_pwm.dir/home/ubuntu/pico/pico-sdk/lib/tinyusb/src/class/cdc/cdc_device.c.obj
                0x0000000010006e84                tud_cdc_n_write_flush
 .text.tud_cdc_n_write
                0x0000000010006efc       0x34 CMakeFiles/robot_pwm.dir/home/ubuntu/pico/pico-sdk/lib/tinyusb/src/class/cdc/cdc_device.c.obj
                0x0000000010006efc                tud_cdc_n_write
 .text.tud_cdc_n_write_available
                0x0000000010006f30       0x18 CMakeFiles/robot_pwm.dir/home/ubuntu/pico/pico-sdk/lib/tinyusb/src/class/cdc/cdc_device.c.obj
                0x0000000010006f30                tud_cdc_n_write_available
 .text.cdcd_init
                0x0000000010006f48       0x7c CMakeFiles/robot_pwm.dir/home/ubuntu/pico/pico-sdk/lib/tinyusb/src/class/cdc/cdc_device.c.obj
                0x0000000010006f48                cdcd_init
 .text.cdcd_reset
                0x0000000010006fc4       0x2c CMakeFiles/robot_pwm.dir/home/ubuntu/pico/pico-sdk/lib/tinyusb/src/class/cdc/cdc_device.c.obj
                0x0000000010006fc4                cdcd_reset
 .text.cdcd_open
                0x0000000010006ff0       0xe8 CMakeFiles/robot_pwm.dir/home/ubuntu/pico/pico-sdk/lib/tinyusb/src/class/cdc/cdc_device.c.obj
                0x0000000010006ff0                cdcd_open
 .text.cdcd_control_xfer_cb
                0x00000000100070d8       0xe4 CMakeFiles/robot_pwm.dir/home/ubuntu/pico/pico-sdk/lib/tinyusb/src/class/cdc/cdc_device.c.obj
                0x00000000100070d8                cdcd_control_xfer_cb
 .text.cdcd_xfer_cb
                0x00000000100071bc      0x198 CMakeFiles/robot_pwm.dir/home/ubuntu/pico/pico-sdk/lib/tinyusb/src/class/cdc/cdc_device.c.obj
                0x00000000100071bc                cdcd_xfer_cb
 .text.tusb_init
                0x0000000010007354        0xc CMakeFiles/robot_pwm.dir/home/ubuntu/pico/pico-sdk/lib/tinyusb/src/tusb.c.obj
                0x0000000010007354                tusb_init
 .text.tusb_inited
                0x0000000010007360        0x8 CMakeFiles/robot_pwm.dir/home/ubuntu/pico/pico-sdk/lib/tinyusb/src/tusb.c.obj
                0x0000000010007360                tusb_inited
 .text.tu_edpt_claim
                0x0000000010007368       0x50 CMakeFiles/robot_pwm.dir/home/ubuntu/pico/pico-sdk/lib/tinyusb/src/tusb.c.obj
                0x0000000010007368                tu_edpt_claim
 .text.tu_edpt_release
                0x00000000100073b8       0x38 CMakeFiles/robot_pwm.dir/home/ubuntu/pico/pico-sdk/lib/tinyusb/src/tusb.c.obj
                0x00000000100073b8                tu_edpt_release
 .text.tu_edpt_validate
                0x00000000100073f0       0x78 CMakeFiles/robot_pwm.dir/home/ubuntu/pico/pico-sdk/lib/tinyusb/src/tusb.c.obj
                0x00000000100073f0                tu_edpt_validate
 .text.tu_edpt_bind_driver
                0x0000000010007468       0x34 CMakeFiles/robot_pwm.dir/home/ubuntu/pico/pico-sdk/lib/tinyusb/src/tusb.c.obj
                0x0000000010007468                tu_edpt_bind_driver
 .text.tu_fifo_config
                0x000000001000749c       0x70 CMakeFiles/robot_pwm.dir/home/ubuntu/pico/pico-sdk/lib/tinyusb/src/common/tusb_fifo.c.obj
                0x000000001000749c                tu_fifo_config
 .text.tu_fifo_count
                0x000000001000750c       0x2c CMakeFiles/robot_pwm.dir/home/ubuntu/pico/pico-sdk/lib/tinyusb/src/common/tusb_fifo.c.obj
                0x000000001000750c                tu_fifo_count
 .text.tu_fifo_empty
                0x0000000010007538       0x10 CMakeFiles/robot_pwm.dir/home/ubuntu/pico/pico-sdk/lib/tinyusb/src/common/tusb_fifo.c.obj
                0x0000000010007538                tu_fifo_empty
 .text.tu_fifo_remaining
                0x0000000010007548       0x2c CMakeFiles/robot_pwm.dir/home/ubuntu/pico/pico-sdk/lib/tinyusb/src/common/tusb_fifo.c.obj
                0x0000000010007548                tu_fifo_remaining
 .text.tu_fifo_read
                0x0000000010007574       0x9c CMakeFiles/robot_pwm.dir/home/ubuntu/pico/pico-sdk/lib/tinyusb/src/common/tusb_fifo.c.obj
                0x0000000010007574                tu_fifo_read
 .text.tu_fifo_read_n
                0x0000000010007610       0xf0 CMakeFiles/robot_pwm.dir/home/ubuntu/pico/pico-sdk/lib/tinyusb/src/common/tusb_fifo.c.obj
                0x0000000010007610                tu_fifo_read_n
 .text.tu_fifo_write
                0x0000000010007700       0x88 CMakeFiles/robot_pwm.dir/home/ubuntu/pico/pico-sdk/lib/tinyusb/src/common/tusb_fifo.c.obj
                0x0000000010007700                tu_fifo_write
 .text.tu_fifo_write_n
                0x0000000010007788      0x158 CMakeFiles/robot_pwm.dir/home/ubuntu/pico/pico-sdk/lib/tinyusb/src/common/tusb_fifo.c.obj
                0x0000000010007788                tu_fifo_write_n
 .text.tu_fifo_clear
                0x00000000100078e0       0x40 CMakeFiles/robot_pwm.dir/home/ubuntu/pico/pico-sdk/lib/tinyusb/src/common/tusb_fifo.c.obj
                0x00000000100078e0                tu_fifo_clear
 .text.tu_fifo_set_overwritable
                0x0000000010007920       0x48 CMakeFiles/robot_pwm.dir/home/ubuntu/pico/pico-sdk/lib/tinyusb/src/common/tusb_fifo.c.obj
                0x0000000010007920                tu_fifo_set_overwritable
 .text          0x0000000010007968       0x68 /usr/lib/gcc/arm-none-eabi/9.2.1/../../../arm-none-eabi/lib/thumb/v6-m/nofp/libc.a(lib_a-strlen-stub.o)
                0x0000000010007968                strlen
 *(.fini)
 .fini          0x00000000100079d0        0x4 /usr/lib/gcc/arm-none-eabi/9.2.1/thumb/v6-m/nofp/crti.o
                0x00000000100079d0                _fini
 *fill*         0x00000000100079d4        0x4 
 .fini.__stub   0x00000000100079d8       0xd0 linker stubs
 *crtbegin.o(.ctors)
 *crtbegin?.o(.ctors)
 *(EXCLUDE_FILE(*crtend.o *crtend?.o) .ctors)
 *(SORT_BY_NAME(.ctors.*))
 *(.ctors)
 *crtbegin.o(.dtors)
 *crtbegin?.o(.dtors)
 *(EXCLUDE_FILE(*crtend.o *crtend?.o) .dtors)
 *(SORT_BY_NAME(.dtors.*))
 *(.dtors)
 *(.eh_frame*)
 .eh_frame      0x0000000010007aa8        0x0 /usr/lib/gcc/arm-none-eabi/9.2.1/thumb/v6-m/nofp/crtbegin.o
                0x0000000010007aa8                . = ALIGN (0x4)

.glue_7         0x0000000010007aa8        0x0
 .glue_7        0x0000000010007aa8        0x0 linker stubs

.glue_7t        0x0000000010007aa8        0x0
 .glue_7t       0x0000000010007aa8        0x0 linker stubs

.vfp11_veneer   0x0000000010007aa8        0x0
 .vfp11_veneer  0x0000000010007aa8        0x0 linker stubs

.v4_bx          0x0000000010007aa8        0x0
 .v4_bx         0x0000000010007aa8        0x0 linker stubs

.iplt           0x0000000010007aa8        0x0
 .iplt          0x0000000010007aa8        0x0 /usr/lib/gcc/arm-none-eabi/9.2.1/thumb/v6-m/nofp/crtbegin.o

.rodata         0x0000000010007aa8      0x5e4
 *(EXCLUDE_FILE(*libm.a: *libc.a:*lib_a-mem*.o *libgcc.a:) .rodata*)
 .rodata._Z19print_relative_timePKcfffffffll.str1.4
                0x0000000010007aa8       0xae CMakeFiles/robot_pwm.dir/main.cpp.obj
 *fill*         0x0000000010007b56        0x2 
 .rodata.main.str1.4
                0x0000000010007b58        0xe CMakeFiles/robot_pwm.dir/main.cpp.obj
 *fill*         0x0000000010007b66        0x2 
 .rodata.spin_lock_claim_unused.str1.4
                0x0000000010007b68       0x1b CMakeFiles/robot_pwm.dir/home/ubuntu/pico/pico-sdk/src/rp2_common/hardware_sync/sync.c.obj
 *fill*         0x0000000010007b83        0x1 
 .rodata.user_irq_claim_unused.str1.4
                0x0000000010007b84       0x1b CMakeFiles/robot_pwm.dir/home/ubuntu/pico/pico-sdk/src/rp2_common/hardware_irq/irq.c.obj
 *fill*         0x0000000010007b9f        0x1 
 .rodata.hardware_alarm_claim.str1.4
                0x0000000010007ba0       0x22 CMakeFiles/robot_pwm.dir/home/ubuntu/pico/pico-sdk/src/rp2_common/hardware_timer/timer.c.obj
 *fill*         0x0000000010007bc2        0x2 
 .rodata.panic.str1.4
                0x0000000010007bc4       0x10 CMakeFiles/robot_pwm.dir/home/ubuntu/pico/pico-sdk/src/rp2_common/pico_runtime/runtime.c.obj
                                         0x12 (size before relaxing)
 .rodata.hard_assertion_failure.str1.4
                0x0000000010007bd4        0xc CMakeFiles/robot_pwm.dir/home/ubuntu/pico/pico-sdk/src/rp2_common/pico_runtime/runtime.c.obj
 .rodata._ftoa.str1.4
                0x0000000010007be0       0x15 CMakeFiles/robot_pwm.dir/home/ubuntu/pico/pico-sdk/src/rp2_common/pico_printf/printf.c.obj
 *fill*         0x0000000010007bf5        0x3 
 .rodata._vsnprintf
                0x0000000010007bf8      0x1e0 CMakeFiles/robot_pwm.dir/home/ubuntu/pico/pico-sdk/src/rp2_common/pico_printf/printf.c.obj
 .rodata.pow10.5444
                0x0000000010007dd8       0x50 CMakeFiles/robot_pwm.dir/home/ubuntu/pico/pico-sdk/src/rp2_common/pico_printf/printf.c.obj
 .rodata.str1.4
                0x0000000010007e28       0x44 CMakeFiles/robot_pwm.dir/home/ubuntu/pico/pico-sdk/src/rp2_common/pico_standard_link/binary_info.c.obj
 .rodata.__bi_44
                0x0000000010007e6c        0xc CMakeFiles/robot_pwm.dir/home/ubuntu/pico/pico-sdk/src/rp2_common/pico_standard_link/binary_info.c.obj
 .rodata.__bi_56
                0x0000000010007e78        0xc CMakeFiles/robot_pwm.dir/home/ubuntu/pico/pico-sdk/src/rp2_common/pico_standard_link/binary_info.c.obj
 .rodata.__bi_75
                0x0000000010007e84        0xc CMakeFiles/robot_pwm.dir/home/ubuntu/pico/pico-sdk/src/rp2_common/pico_standard_link/binary_info.c.obj
 .rodata.__bi_81
                0x0000000010007e90        0xc CMakeFiles/robot_pwm.dir/home/ubuntu/pico/pico-sdk/src/rp2_common/pico_standard_link/binary_info.c.obj
 .rodata._resetd_driver
                0x0000000010007e9c       0x18 CMakeFiles/robot_pwm.dir/home/ubuntu/pico/pico-sdk/src/rp2_common/pico_stdio_usb/reset_interface.c.obj
 .rodata.str1.4
                0x0000000010007eb4       0x13 CMakeFiles/robot_pwm.dir/home/ubuntu/pico/pico-sdk/src/rp2_common/pico_stdio_usb/stdio_usb.c.obj
 *fill*         0x0000000010007ec7        0x1 
 .rodata.__bi_182.7656
                0x0000000010007ec8        0xc CMakeFiles/robot_pwm.dir/home/ubuntu/pico/pico-sdk/src/rp2_common/pico_stdio_usb/stdio_usb.c.obj
 .rodata.str1.4
                0x0000000010007ed4       0x2a CMakeFiles/robot_pwm.dir/home/ubuntu/pico/pico-sdk/src/rp2_common/pico_stdio_usb/stdio_usb_descriptors.c.obj
 *fill*         0x0000000010007efe        0x2 
 .rodata.usbd_desc_cfg
                0x0000000010007f00       0x54 CMakeFiles/robot_pwm.dir/home/ubuntu/pico/pico-sdk/src/rp2_common/pico_stdio_usb/stdio_usb_descriptors.c.obj
 .rodata.usbd_desc_device
                0x0000000010007f54       0x12 CMakeFiles/robot_pwm.dir/home/ubuntu/pico/pico-sdk/src/rp2_common/pico_stdio_usb/stdio_usb_descriptors.c.obj
 *fill*         0x0000000010007f66        0x2 
 .rodata.usbd_desc_str
                0x0000000010007f68       0x18 CMakeFiles/robot_pwm.dir/home/ubuntu/pico/pico-sdk/src/rp2_common/pico_stdio_usb/stdio_usb_descriptors.c.obj
 .rodata.str1.4
                0x0000000010007f80       0x14 CMakeFiles/robot_pwm.dir/home/ubuntu/pico/pico-sdk/lib/tinyusb/src/portable/raspberrypi/rp2040/dcd_rp2040.c.obj
 .rodata.str1.4
                0x0000000010007f94       0x53 CMakeFiles/robot_pwm.dir/home/ubuntu/pico/pico-sdk/lib/tinyusb/src/portable/raspberrypi/rp2040/rp2040_usb.c.obj
 *fill*         0x0000000010007fe7        0x1 
 .rodata.tud_task_ext
                0x0000000010007fe8       0x8c CMakeFiles/robot_pwm.dir/home/ubuntu/pico/pico-sdk/lib/tinyusb/src/device/usbd.c.obj
 .rodata._usbd_driver
                0x0000000010008074       0x18 CMakeFiles/robot_pwm.dir/home/ubuntu/pico/pico-sdk/lib/tinyusb/src/device/usbd.c.obj
                0x000000001000808c                . = ALIGN (0x4)
 *(SORT_BY_ALIGNMENT(SORT_BY_NAME(.flashdata*)))
                0x000000001000808c                . = ALIGN (0x4)

.ARM.extab
 *(.ARM.extab* .gnu.linkonce.armextab.*)
                0x000000001000808c                __exidx_start = .

.ARM.exidx
 *(.ARM.exidx* .gnu.linkonce.armexidx.*)
                0x000000001000808c                __exidx_end = .
                0x000000001000808c                . = ALIGN (0x4)
                0x000000001000808c                __binary_info_start = .

.binary_info    0x000000001000808c       0x24
 *(.binary_info.keep.*)
 .binary_info.keep.__bi_ptr22
                0x000000001000808c        0x4 CMakeFiles/robot_pwm.dir/home/ubuntu/pico/pico-sdk/src/rp2_common/pico_standard_link/binary_info.c.obj
 .binary_info.keep.__bi_ptr30
                0x0000000010008090        0x4 CMakeFiles/robot_pwm.dir/home/ubuntu/pico/pico-sdk/src/rp2_common/pico_standard_link/binary_info.c.obj
 .binary_info.keep.__bi_ptr38
                0x0000000010008094        0x4 CMakeFiles/robot_pwm.dir/home/ubuntu/pico/pico-sdk/src/rp2_common/pico_standard_link/binary_info.c.obj
 .binary_info.keep.__bi_ptr44
                0x0000000010008098        0x4 CMakeFiles/robot_pwm.dir/home/ubuntu/pico/pico-sdk/src/rp2_common/pico_standard_link/binary_info.c.obj
 .binary_info.keep.__bi_ptr50
                0x000000001000809c        0x4 CMakeFiles/robot_pwm.dir/home/ubuntu/pico/pico-sdk/src/rp2_common/pico_standard_link/binary_info.c.obj
 .binary_info.keep.__bi_ptr56
                0x00000000100080a0        0x4 CMakeFiles/robot_pwm.dir/home/ubuntu/pico/pico-sdk/src/rp2_common/pico_standard_link/binary_info.c.obj
 .binary_info.keep.__bi_ptr75
                0x00000000100080a4        0x4 CMakeFiles/robot_pwm.dir/home/ubuntu/pico/pico-sdk/src/rp2_common/pico_standard_link/binary_info.c.obj
 .binary_info.keep.__bi_ptr81
                0x00000000100080a8        0x4 CMakeFiles/robot_pwm.dir/home/ubuntu/pico/pico-sdk/src/rp2_common/pico_standard_link/binary_info.c.obj
 *(.binary_info.*)
 .binary_info.__bi_ptr182
                0x00000000100080ac        0x4 CMakeFiles/robot_pwm.dir/home/ubuntu/pico/pico-sdk/src/rp2_common/pico_stdio_usb/stdio_usb.c.obj
                0x00000000100080b0                __binary_info_end = .

.rel.dyn        0x00000000100080b0        0x0
 .rel.iplt      0x00000000100080b0        0x0 /usr/lib/gcc/arm-none-eabi/9.2.1/thumb/v6-m/nofp/crtbegin.o
                0x00000000100080b0                . = ALIGN (0x4)

.ram_vector_table
                0x0000000020000000       0xc0
 *(.ram_vector_table)
 .ram_vector_table
                0x0000000020000000       0xc0 CMakeFiles/robot_pwm.dir/home/ubuntu/pico/pico-sdk/src/rp2_common/pico_runtime/runtime.c.obj
                0x0000000020000000                ram_vector_table

.data           0x00000000200000c0      0xe90 load address 0x00000000100080b0
                0x00000000200000c0                __data_start__ = .
 *(vtable)
 *(.time_critical*)
 .time_critical.mutex_try_enter
                0x00000000200000c0       0x48 CMakeFiles/robot_pwm.dir/home/ubuntu/pico/pico-sdk/src/common/pico_sync/mutex.c.obj
                0x00000000200000c0                mutex_try_enter
 .time_critical.mutex_try_enter_block_until
                0x0000000020000108       0xb0 CMakeFiles/robot_pwm.dir/home/ubuntu/pico/pico-sdk/src/common/pico_sync/mutex.c.obj
                0x0000000020000108                mutex_try_enter_block_until
 .time_critical.mutex_enter_timeout_ms
                0x00000000200001b8       0x90 CMakeFiles/robot_pwm.dir/home/ubuntu/pico/pico-sdk/src/common/pico_sync/mutex.c.obj
                0x00000000200001b8                mutex_enter_timeout_ms
 .time_critical.mutex_exit
                0x0000000020000248       0x28 CMakeFiles/robot_pwm.dir/home/ubuntu/pico/pico-sdk/src/common/pico_sync/mutex.c.obj
                0x0000000020000248                mutex_exit
 .time_critical.flash_init_boot2_copyout
                0x0000000020000270       0x30 CMakeFiles/robot_pwm.dir/home/ubuntu/pico/pico-sdk/src/rp2_common/hardware_flash/flash.c.obj
 .time_critical.flash_enable_xip_via_boot2
                0x00000000200002a0       0x10 CMakeFiles/robot_pwm.dir/home/ubuntu/pico/pico-sdk/src/rp2_common/hardware_flash/flash.c.obj
 .time_critical.flash_cs_force
                0x00000000200002b0       0x38 CMakeFiles/robot_pwm.dir/home/ubuntu/pico/pico-sdk/src/rp2_common/hardware_flash/flash.c.obj
 .time_critical.flash_do_cmd
                0x00000000200002e8       0xc4 CMakeFiles/robot_pwm.dir/home/ubuntu/pico/pico-sdk/src/rp2_common/hardware_flash/flash.c.obj
                0x00000000200002e8                flash_do_cmd
 .time_critical.reset_non_control_endpoints
                0x00000000200003ac       0xbc CMakeFiles/robot_pwm.dir/home/ubuntu/pico/pico-sdk/lib/tinyusb/src/portable/raspberrypi/rp2040/dcd_rp2040.c.obj
 .time_critical.hw_handle_buff_status
                0x0000000020000468       0xb4 CMakeFiles/robot_pwm.dir/home/ubuntu/pico/pico-sdk/lib/tinyusb/src/portable/raspberrypi/rp2040/dcd_rp2040.c.obj
 .time_critical.dcd_rp2040_irq
                0x000000002000051c      0x4f4 CMakeFiles/robot_pwm.dir/home/ubuntu/pico/pico-sdk/lib/tinyusb/src/portable/raspberrypi/rp2040/dcd_rp2040.c.obj
 .time_critical.prepare_ep_buffer
                0x0000000020000a10       0x70 CMakeFiles/robot_pwm.dir/home/ubuntu/pico/pico-sdk/lib/tinyusb/src/portable/raspberrypi/rp2040/rp2040_usb.c.obj
 .time_critical.sync_ep_buffer
                0x0000000020000a80       0x4c CMakeFiles/robot_pwm.dir/home/ubuntu/pico/pico-sdk/lib/tinyusb/src/portable/raspberrypi/rp2040/rp2040_usb.c.obj
 .time_critical._hw_endpoint_xfer_sync
                0x0000000020000acc       0x28 CMakeFiles/robot_pwm.dir/home/ubuntu/pico/pico-sdk/lib/tinyusb/src/portable/raspberrypi/rp2040/rp2040_usb.c.obj
 .time_critical.e15_is_bulkin_ep
                0x0000000020000af4       0x28 CMakeFiles/robot_pwm.dir/home/ubuntu/pico/pico-sdk/lib/tinyusb/src/portable/raspberrypi/rp2040/rp2040_usb.c.obj
 .time_critical.e15_is_critical_frame_period
                0x0000000020000b1c       0x38 CMakeFiles/robot_pwm.dir/home/ubuntu/pico/pico-sdk/lib/tinyusb/src/portable/raspberrypi/rp2040/rp2040_usb.c.obj
 .time_critical.hw_endpoint_reset_transfer
                0x0000000020000b54        0xc CMakeFiles/robot_pwm.dir/home/ubuntu/pico/pico-sdk/lib/tinyusb/src/portable/raspberrypi/rp2040/rp2040_usb.c.obj
                0x0000000020000b54                hw_endpoint_reset_transfer
 .time_critical._hw_endpoint_buffer_control_update32
                0x0000000020000b60       0x58 CMakeFiles/robot_pwm.dir/home/ubuntu/pico/pico-sdk/lib/tinyusb/src/portable/raspberrypi/rp2040/rp2040_usb.c.obj
                0x0000000020000b60                _hw_endpoint_buffer_control_update32
 .time_critical.hw_endpoint_start_next_buffer
                0x0000000020000bb8       0x6c CMakeFiles/robot_pwm.dir/home/ubuntu/pico/pico-sdk/lib/tinyusb/src/portable/raspberrypi/rp2040/rp2040_usb.c.obj
                0x0000000020000bb8                hw_endpoint_start_next_buffer
 .time_critical.hw_endpoint_xfer_continue
                0x0000000020000c24       0x50 CMakeFiles/robot_pwm.dir/home/ubuntu/pico/pico-sdk/lib/tinyusb/src/portable/raspberrypi/rp2040/rp2040_usb.c.obj
                0x0000000020000c24                hw_endpoint_xfer_continue
 .time_critical.tinyusb
                0x0000000020000c74      0x170 CMakeFiles/robot_pwm.dir/home/ubuntu/pico/pico-sdk/lib/tinyusb/src/device/usbd.c.obj
                0x0000000020000c74                dcd_event_handler
 *(.text*)
 .text          0x0000000020000de4        0x4 /usr/lib/gcc/arm-none-eabi/9.2.1/thumb/v6-m/nofp/libgcc.a(_dvmd_tls.o)
                0x0000000020000de4                __aeabi_ldiv0
                0x0000000020000de4                __aeabi_idiv0
 .text.__stub   0x0000000020000de8       0x70 linker stubs
                0x0000000020000e58                . = ALIGN (0x4)
 *(.rodata*)
                0x0000000020000e58                . = ALIGN (0x4)
 *(.data*)
 .data.duty_cycle
                0x0000000020000e58        0x4 CMakeFiles/robot_pwm.dir/main.cpp.obj
                0x0000000020000e58                duty_cycle
 .data.striped_spin_lock_num
                0x0000000020000e5c        0x1 CMakeFiles/robot_pwm.dir/home/ubuntu/pico/pico-sdk/src/rp2_common/hardware_sync/sync.c.obj
 *fill*         0x0000000020000e5d        0x3 
 .data          0x0000000020000e60       0x48 CMakeFiles/robot_pwm.dir/home/ubuntu/pico/pico-sdk/src/rp2_common/hardware_irq/irq_handler_chain.S.obj
                0x0000000020000e60                irq_handler_chain_slots
                0x0000000020000e90                irq_handler_chain_first_slot
                0x0000000020000e9a                irq_handler_chain_remove_tail
 .data.default_alarm_pool
                0x0000000020000ea8       0x18 CMakeFiles/robot_pwm.dir/home/ubuntu/pico/pico-sdk/src/common/pico_time/time.c.obj
 .data.default_alarm_pool_heap
                0x0000000020000ec0       0x10 CMakeFiles/robot_pwm.dir/home/ubuntu/pico/pico-sdk/src/common/pico_time/time.c.obj
 .data.aeabi_bits_funcs
                0x0000000020000ed0       0x10 CMakeFiles/robot_pwm.dir/home/ubuntu/pico/pico-sdk/src/rp2_common/pico_bit_ops/bit_ops_aeabi.S.obj
                0x0000000020000ed0                aeabi_bits_funcs
                0x0000000020000ee0                aeabi_bits_funcs_end
 .data.aeabi_mem_funcs
                0x0000000020000ee0       0x10 CMakeFiles/robot_pwm.dir/home/ubuntu/pico/pico-sdk/src/rp2_common/pico_mem_ops/mem_ops_aeabi.S.obj
                0x0000000020000ee0                aeabi_mem_funcs
                0x0000000020000ef0                aeabi_mem_funcs_end
 .data.stdio_usb
                0x0000000020000ef0       0x14 CMakeFiles/robot_pwm.dir/home/ubuntu/pico/pico-sdk/src/rp2_common/pico_stdio_usb/stdio_usb.c.obj
                0x0000000020000ef0                stdio_usb
 .data.ep_dir_string
                0x0000000020000f04        0x8 CMakeFiles/robot_pwm.dir/home/ubuntu/pico/pico-sdk/lib/tinyusb/src/portable/raspberrypi/rp2040/rp2040_usb.c.obj
                0x0000000020000f04                ep_dir_string
 .data._usbd_qdef
                0x0000000020000f0c       0x1c CMakeFiles/robot_pwm.dir/home/ubuntu/pico/pico-sdk/lib/tinyusb/src/device/usbd.c.obj
                0x0000000020000f0c                _usbd_qdef
 .data._usbd_rhport
                0x0000000020000f28        0x1 CMakeFiles/robot_pwm.dir/home/ubuntu/pico/pico-sdk/lib/tinyusb/src/device/usbd.c.obj
                0x0000000020000f2c                . = ALIGN (0x4)
 *fill*         0x0000000020000f29        0x3 
 *(.after_data.*)
                0x0000000020000f2c                . = ALIGN (0x4)
                0x0000000020000f2c                PROVIDE (__mutex_array_start = .)
 *(SORT_BY_NAME(.mutex_array.*))
 *(.mutex_array)
 .mutex_array   0x0000000020000f2c        0x8 CMakeFiles/robot_pwm.dir/home/ubuntu/pico/pico-sdk/src/rp2_common/pico_stdio/stdio.c.obj
                0x0000000020000f34                PROVIDE (__mutex_array_end = .)
                0x0000000020000f34                . = ALIGN (0x4)
                0x0000000020000f34                PROVIDE (__preinit_array_start = .)
 *(SORT_BY_NAME(.preinit_array.*))
 .preinit_array.00001
                0x0000000020000f34        0x4 CMakeFiles/robot_pwm.dir/home/ubuntu/pico/pico-sdk/src/rp2_common/pico_mem_ops/mem_ops_aeabi.S.obj
 .preinit_array.00010
                0x0000000020000f38        0x4 CMakeFiles/robot_pwm.dir/home/ubuntu/pico/pico-sdk/src/rp2_common/pico_bit_ops/bit_ops_aeabi.S.obj
 .preinit_array.00020
                0x0000000020000f3c        0x4 CMakeFiles/robot_pwm.dir/home/ubuntu/pico/pico-sdk/src/rp2_common/pico_double/double_aeabi.S.obj
 .preinit_array.00020
                0x0000000020000f40        0x4 CMakeFiles/robot_pwm.dir/home/ubuntu/pico/pico-sdk/src/rp2_common/pico_float/float_aeabi.S.obj
 *(.preinit_array)
                0x0000000020000f44                PROVIDE (__preinit_array_end = .)
                0x0000000020000f44                . = ALIGN (0x4)
                0x0000000020000f44                PROVIDE (__init_array_start = .)
 *(SORT_BY_NAME(.init_array.*))
 *(.init_array)
 .init_array    0x0000000020000f44        0x4 /usr/lib/gcc/arm-none-eabi/9.2.1/thumb/v6-m/nofp/crtbegin.o
 .init_array    0x0000000020000f48        0x4 CMakeFiles/robot_pwm.dir/main.cpp.obj
 .init_array    0x0000000020000f4c        0x4 CMakeFiles/robot_pwm.dir/home/ubuntu/pico/pico-sdk/src/rp2_common/pico_unique_id/unique_id.c.obj
                0x0000000020000f50                PROVIDE (__init_array_end = .)
                0x0000000020000f50                . = ALIGN (0x4)
                0x0000000020000f50                PROVIDE (__fini_array_start = .)
 *(SORT_BY_NAME(.fini_array.*))
 *(.fini_array)
                0x0000000020000f50                PROVIDE (__fini_array_end = .)
 *(.jcr)
                0x0000000020000f50                . = ALIGN (0x4)
                0x0000000020000f50                __data_end__ = .
                0x00000000100080b0                __etext = LOADADDR (.data)

.tm_clone_table
                0x0000000020000f50        0x0 load address 0x0000000010008f40
 .tm_clone_table
                0x0000000020000f50        0x0 /usr/lib/gcc/arm-none-eabi/9.2.1/thumb/v6-m/nofp/crtbegin.o
 .tm_clone_table
                0x0000000020000f50        0x0 /usr/lib/gcc/arm-none-eabi/9.2.1/thumb/v6-m/nofp/crtend.o

.igot.plt       0x0000000020000f50        0x0 load address 0x0000000010008f40
 .igot.plt      0x0000000020000f50        0x0 /usr/lib/gcc/arm-none-eabi/9.2.1/thumb/v6-m/nofp/crtbegin.o

.uninitialized_data
                0x0000000020000f50        0x0 load address 0x0000000010008f40
                0x0000000020000f50                . = ALIGN (0x4)
 *(.uninitialized_data*)

.scratch_x      0x0000000020040000        0x0 load address 0x0000000010008f40
                0x0000000020040000                __scratch_x_start__ = .
 *(.scratch_x.*)
                0x0000000020040000                . = ALIGN (0x4)
                0x0000000020040000                __scratch_x_end__ = .
                0x0000000010008f40                __scratch_x_source__ = LOADADDR (.scratch_x)

.scratch_y      0x0000000020041000        0x0 load address 0x0000000010008f40
                0x0000000020041000                __scratch_y_start__ = .
 *(.scratch_y.*)
                0x0000000020041000                . = ALIGN (0x4)
                0x0000000020041000                __scratch_y_end__ = .
                0x0000000010008f40                __scratch_y_source__ = LOADADDR (.scratch_y)

.bss            0x0000000020000f50      0xe5c
                0x0000000020000f50                . = ALIGN (0x4)
                0x0000000020000f50                __bss_start__ = .
 *(SORT_BY_ALIGNMENT(SORT_BY_NAME(.bss*)))
 .bss.boot_time
                0x0000000020000f50        0x8 CMakeFiles/robot_pwm.dir/main.cpp.obj
                0x0000000020000f50                boot_time
 .bss.default_alarm_pool_entries
                0x0000000020000f58      0x100 CMakeFiles/robot_pwm.dir/home/ubuntu/pico/pico-sdk/src/common/pico_time/time.c.obj
 .bss.last_avail_time.7629
                0x0000000020001058        0x8 CMakeFiles/robot_pwm.dir/home/ubuntu/pico/pico-sdk/src/rp2_common/pico_stdio_usb/stdio_usb.c.obj
 .bss.prev_time
                0x0000000020001060        0x8 CMakeFiles/robot_pwm.dir/main.cpp.obj
                0x0000000020001060                prev_time
 .bss           0x0000000020001068       0x1c /usr/lib/gcc/arm-none-eabi/9.2.1/thumb/v6-m/nofp/crtbegin.o
 .bss._app_driver
                0x0000000020001084        0x4 CMakeFiles/robot_pwm.dir/home/ubuntu/pico/pico-sdk/lib/tinyusb/src/device/usbd.c.obj
 .bss._cdcd_itf
                0x0000000020001088      0x2c8 CMakeFiles/robot_pwm.dir/home/ubuntu/pico/pico-sdk/lib/tinyusb/src/class/cdc/cdc_device.c.obj
 .bss._ctrl_xfer
                0x0000000020001350       0x14 CMakeFiles/robot_pwm.dir/home/ubuntu/pico/pico-sdk/lib/tinyusb/src/device/usbd_control.c.obj
 .bss._ubsd_mutexdef
                0x0000000020001364        0x8 CMakeFiles/robot_pwm.dir/home/ubuntu/pico/pico-sdk/lib/tinyusb/src/device/usbd.c.obj
 .bss._usbd_ctrl_buf
                0x000000002000136c       0x40 CMakeFiles/robot_pwm.dir/home/ubuntu/pico/pico-sdk/lib/tinyusb/src/device/usbd_control.c.obj
 .bss._usbd_dev
                0x00000000200013ac       0x53 CMakeFiles/robot_pwm.dir/home/ubuntu/pico/pico-sdk/lib/tinyusb/src/device/usbd.c.obj
 *fill*         0x00000000200013ff        0x1 
 .bss._usbd_mutex
                0x0000000020001400        0x4 CMakeFiles/robot_pwm.dir/home/ubuntu/pico/pico-sdk/lib/tinyusb/src/device/usbd.c.obj
 .bss._usbd_q   0x0000000020001404        0x4 CMakeFiles/robot_pwm.dir/home/ubuntu/pico/pico-sdk/lib/tinyusb/src/device/usbd.c.obj
 .bss.alarm_callbacks
                0x0000000020001408       0x10 CMakeFiles/robot_pwm.dir/home/ubuntu/pico/pico-sdk/src/rp2_common/hardware_timer/timer.c.obj
 .bss.boot2_copyout
                0x0000000020001418      0x100 CMakeFiles/robot_pwm.dir/home/ubuntu/pico/pico-sdk/src/rp2_common/hardware_flash/flash.c.obj
 .bss.callbacks
                0x0000000020001518        0x8 CMakeFiles/robot_pwm.dir/home/ubuntu/pico/pico-sdk/src/rp2_common/hardware_gpio/gpio.c.obj
 .bss.chars_available_callback
                0x0000000020001520        0x4 CMakeFiles/robot_pwm.dir/home/ubuntu/pico/pico-sdk/src/rp2_common/pico_stdio_usb/stdio_usb.c.obj
 .bss.chars_available_param
                0x0000000020001524        0x4 CMakeFiles/robot_pwm.dir/home/ubuntu/pico/pico-sdk/src/rp2_common/pico_stdio_usb/stdio_usb.c.obj
 .bss.claimed   0x0000000020001528        0x4 CMakeFiles/robot_pwm.dir/home/ubuntu/pico/pico-sdk/src/rp2_common/hardware_sync/sync.c.obj
 .bss.configured_freq
                0x000000002000152c       0x28 CMakeFiles/robot_pwm.dir/home/ubuntu/pico/pico-sdk/src/rp2_common/hardware_clocks/clocks.c.obj
 .bss.default_alarm_pool_entry_ids_high
                0x0000000020001554       0x10 CMakeFiles/robot_pwm.dir/home/ubuntu/pico/pico-sdk/src/common/pico_time/time.c.obj
 .bss.default_alarm_pool_heap_nodes
                0x0000000020001564       0x30 CMakeFiles/robot_pwm.dir/home/ubuntu/pico/pico-sdk/src/common/pico_time/time.c.obj
 .bss.desc_str.7423
                0x0000000020001594       0x28 CMakeFiles/robot_pwm.dir/home/ubuntu/pico/pico-sdk/src/rp2_common/pico_stdio_usb/stdio_usb_descriptors.c.obj
 .bss.drivers   0x00000000200015bc        0x4 CMakeFiles/robot_pwm.dir/home/ubuntu/pico/pico-sdk/src/rp2_common/pico_stdio/stdio.c.obj
 .bss.e15_last_sof
                0x00000000200015c0        0x4 CMakeFiles/robot_pwm.dir/home/ubuntu/pico/pico-sdk/lib/tinyusb/src/portable/raspberrypi/rp2040/rp2040_usb.c.obj
                0x00000000200015c0                e15_last_sof
 .bss.encoder1_state
                0x00000000200015c4        0x4 CMakeFiles/robot_pwm.dir/main.cpp.obj
                0x00000000200015c4                encoder1_state
 .bss.encoder1_ticks
                0x00000000200015c8        0x4 CMakeFiles/robot_pwm.dir/main.cpp.obj
                0x00000000200015c8                encoder1_ticks
 .bss.encoder2_state
                0x00000000200015cc        0x4 CMakeFiles/robot_pwm.dir/main.cpp.obj
                0x00000000200015cc                encoder2_state
 .bss.encoder2_ticks
                0x00000000200015d0        0x4 CMakeFiles/robot_pwm.dir/main.cpp.obj
                0x00000000200015d0                encoder2_ticks
 .bss.filter    0x00000000200015d4        0x4 CMakeFiles/robot_pwm.dir/home/ubuntu/pico/pico-sdk/src/rp2_common/pico_stdio/stdio.c.obj
 .bss.hw_endpoints
                0x00000000200015d8      0x400 CMakeFiles/robot_pwm.dir/home/ubuntu/pico/pico-sdk/lib/tinyusb/src/portable/raspberrypi/rp2040/dcd_rp2040.c.obj
 .bss.lazy_vsnprintf
                0x00000000200019d8        0x4 CMakeFiles/robot_pwm.dir/home/ubuntu/pico/pico-sdk/src/rp2_common/pico_printf/printf.c.obj
 .bss.left_motor
                0x00000000200019dc       0x24 CMakeFiles/robot_pwm.dir/main.cpp.obj
                0x00000000200019dc                left_motor
 .bss.left_pid  0x0000000020001a00       0x28 CMakeFiles/robot_pwm.dir/main.cpp.obj
                0x0000000020001a00                left_pid
 .bss.load_value
                0x0000000020001a28        0x4 CMakeFiles/robot_pwm.dir/home/ubuntu/pico/pico-sdk/src/rp2_common/hardware_watchdog/watchdog.c.obj
 .bss.next_buffer_ptr
                0x0000000020001a2c        0x4 CMakeFiles/robot_pwm.dir/home/ubuntu/pico/pico-sdk/lib/tinyusb/src/portable/raspberrypi/rp2040/dcd_rp2040.c.obj
 .bss.one_shot_timer_crit_sec
                0x0000000020001a30        0x8 CMakeFiles/robot_pwm.dir/home/ubuntu/pico/pico-sdk/src/rp2_common/pico_stdio_usb/stdio_usb.c.obj
 .bss.pools     0x0000000020001a38       0x10 CMakeFiles/robot_pwm.dir/home/ubuntu/pico/pico-sdk/src/common/pico_time/time.c.obj
 .bss.prev_encoder1_ticks
                0x0000000020001a48        0x4 CMakeFiles/robot_pwm.dir/main.cpp.obj
                0x0000000020001a48                prev_encoder1_ticks
 .bss.prev_encoder2_ticks
                0x0000000020001a4c        0x4 CMakeFiles/robot_pwm.dir/main.cpp.obj
                0x0000000020001a4c                prev_encoder2_ticks
 .bss.raw_irq_mask
                0x0000000020001a50        0x8 CMakeFiles/robot_pwm.dir/home/ubuntu/pico/pico-sdk/src/rp2_common/hardware_gpio/gpio.c.obj
 .bss.retrieved_id
                0x0000000020001a58        0x8 CMakeFiles/robot_pwm.dir/home/ubuntu/pico/pico-sdk/src/rp2_common/pico_unique_id/unique_id.c.obj
 .bss.right_motor
                0x0000000020001a60       0x24 CMakeFiles/robot_pwm.dir/main.cpp.obj
                0x0000000020001a60                right_motor
 .bss.right_pid
                0x0000000020001a84       0x28 CMakeFiles/robot_pwm.dir/main.cpp.obj
                0x0000000020001a84                right_pid
 .bss.sf_clz_func
                0x0000000020001aac        0x4 CMakeFiles/robot_pwm.dir/home/ubuntu/pico/pico-sdk/src/rp2_common/pico_double/double_init_rom.c.obj
                0x0000000020001aac                sf_clz_func
 .bss.sleep_notifier
                0x0000000020001ab0        0x4 CMakeFiles/robot_pwm.dir/home/ubuntu/pico/pico-sdk/src/common/pico_time/time.c.obj
 .bss.stdio_usb_mutex
                0x0000000020001ab4        0x8 CMakeFiles/robot_pwm.dir/home/ubuntu/pico/pico-sdk/src/rp2_common/pico_stdio_usb/stdio_usb.c.obj
 .bss.step      0x0000000020001abc        0x4 CMakeFiles/robot_pwm.dir/main.cpp.obj
                0x0000000020001abc                step
 .bss.target_hi
                0x0000000020001ac0       0x10 CMakeFiles/robot_pwm.dir/home/ubuntu/pico/pico-sdk/src/rp2_common/hardware_timer/timer.c.obj
 .bss.usbd_serial_str
                0x0000000020001ad0       0x11 CMakeFiles/robot_pwm.dir/home/ubuntu/pico/pico-sdk/src/rp2_common/pico_stdio_usb/stdio_usb_descriptors.c.obj
 .bss._app_driver_count
                0x0000000020001ae1        0x1 CMakeFiles/robot_pwm.dir/home/ubuntu/pico/pico-sdk/lib/tinyusb/src/device/usbd.c.obj
 .bss._sof_enable
                0x0000000020001ae2        0x1 CMakeFiles/robot_pwm.dir/home/ubuntu/pico/pico-sdk/lib/tinyusb/src/portable/raspberrypi/rp2040/dcd_rp2040.c.obj
 .bss.boot2_copyout_valid
                0x0000000020001ae3        0x1 CMakeFiles/robot_pwm.dir/home/ubuntu/pico/pico-sdk/src/rp2_common/hardware_flash/flash.c.obj
 .bss.claimed   0x0000000020001ae4        0x1 CMakeFiles/robot_pwm.dir/home/ubuntu/pico/pico-sdk/src/rp2_common/hardware_timer/timer.c.obj
 .bss.irq_hander_chain_free_slot_head
                0x0000000020001ae5        0x1 CMakeFiles/robot_pwm.dir/home/ubuntu/pico/pico-sdk/src/rp2_common/hardware_irq/irq.c.obj
 .bss.itf_num   0x0000000020001ae6        0x1 CMakeFiles/robot_pwm.dir/home/ubuntu/pico/pico-sdk/src/rp2_common/pico_stdio_usb/reset_interface.c.obj
 .bss.low_priority_irq_num
                0x0000000020001ae7        0x1 CMakeFiles/robot_pwm.dir/home/ubuntu/pico/pico-sdk/src/rp2_common/pico_stdio_usb/stdio_usb.c.obj
 .bss.one_shot_timer_pending
                0x0000000020001ae8        0x1 CMakeFiles/robot_pwm.dir/home/ubuntu/pico/pico-sdk/src/rp2_common/pico_stdio_usb/stdio_usb.c.obj
 .bss.timer_callbacks_pending
                0x0000000020001ae9        0x1 CMakeFiles/robot_pwm.dir/home/ubuntu/pico/pico-sdk/src/rp2_common/hardware_timer/timer.c.obj
 .bss.timer_flag
                0x0000000020001aea        0x1 CMakeFiles/robot_pwm.dir/main.cpp.obj
                0x0000000020001aea                timer_flag
 .bss.user_irq_claimed
                0x0000000020001aeb        0x1 CMakeFiles/robot_pwm.dir/home/ubuntu/pico/pico-sdk/src/rp2_common/hardware_irq/irq.c.obj
 *(COMMON)
 COMMON         0x0000000020001aec      0x100 CMakeFiles/robot_pwm.dir/home/ubuntu/pico/pico-sdk/src/rp2_common/pico_double/double_init_rom.c.obj
                0x0000000020001aec                sd_table
 COMMON         0x0000000020001bec      0x100 CMakeFiles/robot_pwm.dir/home/ubuntu/pico/pico-sdk/src/rp2_common/pico_float/float_init_rom.c.obj
                0x0000000020001bec                sf_table
 COMMON         0x0000000020001cec       0xc0 CMakeFiles/robot_pwm.dir/home/ubuntu/pico/pico-sdk/lib/tinyusb/src/device/usbd.c.obj
                0x0000000020001cec                _usbd_qdef_buf
                0x0000000020001dac                . = ALIGN (0x4)
                0x0000000020001dac                __bss_end__ = .

.heap           0x0000000020001dac      0x800
                0x0000000020001dac                __end__ = .
                0x0000000020001dac                end = __end__
 *(.heap*)
 .heap          0x0000000020001dac      0x800 CMakeFiles/robot_pwm.dir/home/ubuntu/pico/pico-sdk/src/rp2_common/pico_standard_link/crt0.S.obj
                0x00000000200025ac                __HeapLimit = .

.stack1_dummy   0x0000000020040000        0x0
 *(.stack1*)

.stack_dummy    0x0000000020041000      0x800
 *(.stack*)
 .stack         0x0000000020041000      0x800 CMakeFiles/robot_pwm.dir/home/ubuntu/pico/pico-sdk/src/rp2_common/pico_standard_link/crt0.S.obj

.flash_end      0x0000000010008f40        0x0
                0x0000000010008f40                PROVIDE (__flash_binary_end = .)
                0x0000000020040000                __StackLimit = (ORIGIN (RAM) + LENGTH (RAM))
                0x0000000020041000                __StackOneTop = (ORIGIN (SCRATCH_X) + LENGTH (SCRATCH_X))
                0x0000000020042000                __StackTop = (ORIGIN (SCRATCH_Y) + LENGTH (SCRATCH_Y))
                0x0000000020041000                __StackOneBottom = (__StackOneTop - SIZEOF (.stack1_dummy))
                0x0000000020041800                __StackBottom = (__StackTop - SIZEOF (.stack_dummy))
                0x0000000020042000                PROVIDE (__stack = __StackTop)
                0x0000000000000001                ASSERT ((__StackLimit >= __HeapLimit), region RAM overflowed)
                0x0000000000000001                ASSERT (((__binary_info_header_end - __logical_binary_start) <= 0x100), Binary info must be in first 256 bytes of the binary)
LOAD CMakeFiles/robot_pwm.dir/main.cpp.obj
LOAD CMakeFiles/robot_pwm.dir/src/motor_control.cpp.obj
LOAD CMakeFiles/robot_pwm.dir/src/pid.cpp.obj
LOAD CMakeFiles/robot_pwm.dir/home/ubuntu/pico/pico-sdk/src/rp2_common/pico_stdlib/stdlib.c.obj
LOAD CMakeFiles/robot_pwm.dir/home/ubuntu/pico/pico-sdk/src/rp2_common/hardware_gpio/gpio.c.obj
LOAD CMakeFiles/robot_pwm.dir/home/ubuntu/pico/pico-sdk/src/rp2_common/pico_platform/platform.c.obj
LOAD CMakeFiles/robot_pwm.dir/home/ubuntu/pico/pico-sdk/src/rp2_common/hardware_claim/claim.c.obj
LOAD CMakeFiles/robot_pwm.dir/home/ubuntu/pico/pico-sdk/src/rp2_common/hardware_sync/sync.c.obj
LOAD CMakeFiles/robot_pwm.dir/home/ubuntu/pico/pico-sdk/src/rp2_common/hardware_irq/irq.c.obj
LOAD CMakeFiles/robot_pwm.dir/home/ubuntu/pico/pico-sdk/src/rp2_common/hardware_irq/irq_handler_chain.S.obj
LOAD CMakeFiles/robot_pwm.dir/home/ubuntu/pico/pico-sdk/src/common/pico_sync/sem.c.obj
LOAD CMakeFiles/robot_pwm.dir/home/ubuntu/pico/pico-sdk/src/common/pico_sync/lock_core.c.obj
LOAD CMakeFiles/robot_pwm.dir/home/ubuntu/pico/pico-sdk/src/common/pico_sync/mutex.c.obj
LOAD CMakeFiles/robot_pwm.dir/home/ubuntu/pico/pico-sdk/src/common/pico_sync/critical_section.c.obj
LOAD CMakeFiles/robot_pwm.dir/home/ubuntu/pico/pico-sdk/src/common/pico_time/time.c.obj
LOAD CMakeFiles/robot_pwm.dir/home/ubuntu/pico/pico-sdk/src/common/pico_time/timeout_helper.c.obj
LOAD CMakeFiles/robot_pwm.dir/home/ubuntu/pico/pico-sdk/src/rp2_common/hardware_timer/timer.c.obj
LOAD CMakeFiles/robot_pwm.dir/home/ubuntu/pico/pico-sdk/src/common/pico_util/datetime.c.obj
LOAD CMakeFiles/robot_pwm.dir/home/ubuntu/pico/pico-sdk/src/common/pico_util/pheap.c.obj
LOAD CMakeFiles/robot_pwm.dir/home/ubuntu/pico/pico-sdk/src/common/pico_util/queue.c.obj
LOAD CMakeFiles/robot_pwm.dir/home/ubuntu/pico/pico-sdk/src/rp2_common/hardware_uart/uart.c.obj
LOAD CMakeFiles/robot_pwm.dir/home/ubuntu/pico/pico-sdk/src/rp2_common/hardware_clocks/clocks.c.obj
LOAD CMakeFiles/robot_pwm.dir/home/ubuntu/pico/pico-sdk/src/rp2_common/hardware_pll/pll.c.obj
LOAD CMakeFiles/robot_pwm.dir/home/ubuntu/pico/pico-sdk/src/rp2_common/hardware_vreg/vreg.c.obj
LOAD CMakeFiles/robot_pwm.dir/home/ubuntu/pico/pico-sdk/src/rp2_common/hardware_watchdog/watchdog.c.obj
LOAD CMakeFiles/robot_pwm.dir/home/ubuntu/pico/pico-sdk/src/rp2_common/hardware_xosc/xosc.c.obj
LOAD CMakeFiles/robot_pwm.dir/home/ubuntu/pico/pico-sdk/src/rp2_common/hardware_divider/divider.S.obj
LOAD CMakeFiles/robot_pwm.dir/home/ubuntu/pico/pico-sdk/src/rp2_common/pico_runtime/runtime.c.obj
LOAD CMakeFiles/robot_pwm.dir/home/ubuntu/pico/pico-sdk/src/rp2_common/pico_printf/printf.c.obj
LOAD CMakeFiles/robot_pwm.dir/home/ubuntu/pico/pico-sdk/src/rp2_common/pico_bit_ops/bit_ops_aeabi.S.obj
LOAD CMakeFiles/robot_pwm.dir/home/ubuntu/pico/pico-sdk/src/rp2_common/pico_bootrom/bootrom.c.obj
LOAD CMakeFiles/robot_pwm.dir/home/ubuntu/pico/pico-sdk/src/rp2_common/pico_divider/divider.S.obj
LOAD CMakeFiles/robot_pwm.dir/home/ubuntu/pico/pico-sdk/src/rp2_common/pico_double/double_aeabi.S.obj
LOAD CMakeFiles/robot_pwm.dir/home/ubuntu/pico/pico-sdk/src/rp2_common/pico_double/double_init_rom.c.obj
LOAD CMakeFiles/robot_pwm.dir/home/ubuntu/pico/pico-sdk/src/rp2_common/pico_double/double_math.c.obj
LOAD CMakeFiles/robot_pwm.dir/home/ubuntu/pico/pico-sdk/src/rp2_common/pico_double/double_v1_rom_shim.S.obj
LOAD CMakeFiles/robot_pwm.dir/home/ubuntu/pico/pico-sdk/src/rp2_common/pico_int64_ops/pico_int64_ops_aeabi.S.obj
LOAD CMakeFiles/robot_pwm.dir/home/ubuntu/pico/pico-sdk/src/rp2_common/pico_float/float_aeabi.S.obj
LOAD CMakeFiles/robot_pwm.dir/home/ubuntu/pico/pico-sdk/src/rp2_common/pico_float/float_init_rom.c.obj
LOAD CMakeFiles/robot_pwm.dir/home/ubuntu/pico/pico-sdk/src/rp2_common/pico_float/float_math.c.obj
LOAD CMakeFiles/robot_pwm.dir/home/ubuntu/pico/pico-sdk/src/rp2_common/pico_float/float_v1_rom_shim.S.obj
LOAD CMakeFiles/robot_pwm.dir/home/ubuntu/pico/pico-sdk/src/rp2_common/pico_malloc/pico_malloc.c.obj
LOAD CMakeFiles/robot_pwm.dir/home/ubuntu/pico/pico-sdk/src/rp2_common/pico_mem_ops/mem_ops_aeabi.S.obj
LOAD CMakeFiles/robot_pwm.dir/home/ubuntu/pico/pico-sdk/src/rp2_common/pico_standard_link/crt0.S.obj
LOAD CMakeFiles/robot_pwm.dir/home/ubuntu/pico/pico-sdk/src/rp2_common/pico_standard_link/new_delete.cpp.obj
LOAD CMakeFiles/robot_pwm.dir/home/ubuntu/pico/pico-sdk/src/rp2_common/pico_standard_link/binary_info.c.obj
LOAD CMakeFiles/robot_pwm.dir/home/ubuntu/pico/pico-sdk/src/rp2_common/pico_stdio/stdio.c.obj