Archive member included to satisfy reference by file (symbol)

/usr/lib/gcc/arm-none-eabi/9.2.1/thumb/v6-m/nofp/libgcc.a(_dvmd_tls.o)
                              CMakeFiles/robot_pwm.dir/home/ubuntu/pico/pico-sdk/src/rp2_common/pico_divider/divider.S.obj (__aeabi_idiv0)
/usr/lib/gcc/arm-none-eabi/9.2.1/../../../arm-none-eabi/lib/thumb/v6-m/nofp/libc.a(lib_a-atexit.o)
                              /usr/lib/gcc/arm-none-eabi/9.2.1/../../../arm-none-eabi/lib/thumb/v6-m/nofp/crt0.o (atexit)
/usr/lib/gcc/arm-none-eabi/9.2.1/../../../arm-none-eabi/lib/thumb/v6-m/nofp/libc.a(lib_a-calloc.o)
                              CMakeFiles/robot_pwm.dir/home/ubuntu/pico/pico-sdk/src/rp2_common/pico_malloc/pico_malloc.c.obj (calloc)
/usr/lib/gcc/arm-none-eabi/9.2.1/../../../arm-none-eabi/lib/thumb/v6-m/nofp/libc.a(lib_a-callocr.o)
                              /usr/lib/gcc/arm-none-eabi/9.2.1/../../../arm-none-eabi/lib/thumb/v6-m/nofp/libc.a(lib_a-calloc.o) (_calloc_r)
/usr/lib/gcc/arm-none-eabi/9.2.1/../../../arm-none-eabi/lib/thumb/v6-m/nofp/libc.a(lib_a-fini.o)
                              /usr/lib/gcc/arm-none-eabi/9.2.1/../../../arm-none-eabi/lib/thumb/v6-m/nofp/crt0.o (__libc_fini_array)
/usr/lib/gcc/arm-none-eabi/9.2.1/../../../arm-none-eabi/lib/thumb/v6-m/nofp/libc.a(lib_a-impure.o)
                              /usr/lib/gcc/arm-none-eabi/9.2.1/../../../arm-none-eabi/lib/thumb/v6-m/nofp/libc.a(lib_a-calloc.o) (_impure_ptr)
/usr/lib/gcc/arm-none-eabi/9.2.1/../../../arm-none-eabi/lib/thumb/v6-m/nofp/libc.a(lib_a-init.o)
                              /usr/lib/gcc/arm-none-eabi/9.2.1/../../../arm-none-eabi/lib/thumb/v6-m/nofp/crt0.o (__libc_init_array)
/usr/lib/gcc/arm-none-eabi/9.2.1/../../../arm-none-eabi/lib/thumb/v6-m/nofp/libc.a(lib_a-malloc.o)
                              CMakeFiles/robot_pwm.dir/home/ubuntu/pico/pico-sdk/src/rp2_common/pico_malloc/pico_malloc.c.obj (malloc)
/usr/lib/gcc/arm-none-eabi/9.2.1/../../../arm-none-eabi/lib/thumb/v6-m/nofp/libc.a(lib_a-mallocr.o)
                              /usr/lib/gcc/arm-none-eabi/9.2.1/../../../arm-none-eabi/lib/thumb/v6-m/nofp/libc.a(lib_a-callocr.o) (_malloc_r)
/usr/lib/gcc/arm-none-eabi/9.2.1/../../../arm-none-eabi/lib/thumb/v6-m/nofp/libc.a(lib_a-mlock.o)
                              /usr/lib/gcc/arm-none-eabi/9.2.1/../../../arm-none-eabi/lib/thumb/v6-m/nofp/libc.a(lib_a-mallocr.o) (__malloc_lock)
/usr/lib/gcc/arm-none-eabi/9.2.1/../../../arm-none-eabi/lib/thumb/v6-m/nofp/libc.a(lib_a-realloc.o)
                              CMakeFiles/robot_pwm.dir/home/ubuntu/pico/pico-sdk/src/rp2_common/pico_malloc/pico_malloc.c.obj (realloc)
/usr/lib/gcc/arm-none-eabi/9.2.1/../../../arm-none-eabi/lib/thumb/v6-m/nofp/libc.a(lib_a-reallocr.o)
                              /usr/lib/gcc/arm-none-eabi/9.2.1/../../../arm-none-eabi/lib/thumb/v6-m/nofp/libc.a(lib_a-realloc.o) (_realloc_r)
/usr/lib/gcc/arm-none-eabi/9.2.1/../../../arm-none-eabi/lib/thumb/v6-m/nofp/libc.a(lib_a-sbrkr.o)
                              /usr/lib/gcc/arm-none-eabi/9.2.1/../../../arm-none-eabi/lib/thumb/v6-m/nofp/libc.a(lib_a-mallocr.o) (_sbrk_r)
/usr/lib/gcc/arm-none-eabi/9.2.1/../../../arm-none-eabi/lib/thumb/v6-m/nofp/libc.a(lib_a-strlen-stub.o)
                              CMakeFiles/robot_pwm.dir/home/ubuntu/pico/pico-sdk/src/rp2_common/pico_stdio/stdio.c.obj (strlen)
/usr/lib/gcc/arm-none-eabi/9.2.1/../../../arm-none-eabi/lib/thumb/v6-m/nofp/libc.a(lib_a-strtod.o)
                              CMakeFiles/robot_pwm.dir/main.cpp.obj (strtof)
/usr/lib/gcc/arm-none-eabi/9.2.1/../../../arm-none-eabi/lib/thumb/v6-m/nofp/libc.a(lib_a-__atexit.o)
                              /usr/lib/gcc/arm-none-eabi/9.2.1/../../../arm-none-eabi/lib/thumb/v6-m/nofp/libc.a(lib_a-atexit.o) (__register_exitproc)
/usr/lib/gcc/arm-none-eabi/9.2.1/../../../arm-none-eabi/lib/thumb/v6-m/nofp/libc.a(lib_a-freer.o)
                              /usr/lib/gcc/arm-none-eabi/9.2.1/../../../arm-none-eabi/lib/thumb/v6-m/nofp/libc.a(lib_a-malloc.o) (_free_r)
/usr/lib/gcc/arm-none-eabi/9.2.1/../../../arm-none-eabi/lib/thumb/v6-m/nofp/libc.a(lib_a-gdtoa-gethex.o)
                              /usr/lib/gcc/arm-none-eabi/9.2.1/../../../arm-none-eabi/lib/thumb/v6-m/nofp/libc.a(lib_a-strtod.o) (__gethex)
/usr/lib/gcc/arm-none-eabi/9.2.1/../../../arm-none-eabi/lib/thumb/v6-m/nofp/libc.a(lib_a-gdtoa-hexnan.o)
                              /usr/lib/gcc/arm-none-eabi/9.2.1/../../../arm-none-eabi/lib/thumb/v6-m/nofp/libc.a(lib_a-strtod.o) (__match)
/usr/lib/gcc/arm-none-eabi/9.2.1/../../../arm-none-eabi/lib/thumb/v6-m/nofp/libc.a(lib_a-lnumeric.o)
                              /usr/lib/gcc/arm-none-eabi/9.2.1/../../../arm-none-eabi/lib/thumb/v6-m/nofp/libc.a(lib_a-strtod.o) (_C_numeric_locale)
/usr/lib/gcc/arm-none-eabi/9.2.1/../../../arm-none-eabi/lib/thumb/v6-m/nofp/libc.a(lib_a-locale.o)
                              /usr/lib/gcc/arm-none-eabi/9.2.1/../../../arm-none-eabi/lib/thumb/v6-m/nofp/libc.a(lib_a-strtod.o) (__global_locale)
[...]
Memory Configuration

Name             Origin             Length             Attributes
FLASH            0x0000000010000000 0x0000000000200000 xr
RAM              0x0000000020000000 0x0000000000040000 xrw
SCRATCH_X        0x0000000020040000 0x0000000000001000 xrw
SCRATCH_Y        0x0000000020041000 0x0000000000001000 xrw
*default*        0x0000000000000000 0xffffffffffffffff

Linker script and memory map

LOAD /usr/lib/gcc/arm-none-eabi/9.2.1/thumb/v6-m/nofp/crti.o
LOAD /usr/lib/gcc/arm-none-eabi/9.2.1/thumb/v6-m/nofp/crtbegin.o
LOAD /usr/lib/gcc/arm-none-eabi/9.2.1/../../../arm-none-eabi/lib/thumb/v6-m/nofp/crt0.o

.flash_begin    0x0000000010000000        0x0
                0x0000000010000000                __flash_binary_start = .

.boot2          0x0000000010000000      0x100
                0x0000000010000000                __boot2_start__ = .
 *(.boot2)
 .boot2         0x0000000010000000      0x100 /tmp/ccNYsI04.o
                0x0000000010000100                __boot2_end__ = .
                0x0000000000000001                ASSERT (((__boot2_end__ - __boot2_start__) == 0x100), ERROR: Pico second stage bootloader must be 256 bytes in size)

.text           0x0000000010000100     0xac08
                0x0000000010000100                __logical_binary_start = .
 *(.vectors)
 .vectors       0x0000000010000100       0xd4 CMakeFiles/robot_pwm.dir/home/ubuntu/pico/pico-sdk/src/rp2_common/pico_standard_link/crt0.S.obj
                0x0000000010000100                __vectors
                0x0000000010000100                __VECTOR_TABLE
                0x00000000100001c0                isr_invalid
                0x00000000100001c0                __default_isrs_start
                0x00000000100001c2                isr_nmi
                0x00000000100001c4                isr_hardfault
                0x00000000100001c6                isr_svcall
                0x00000000100001c8                isr_pendsv
                0x00000000100001ca                isr_systick
                0x00000000100001cc                isr_irq30
                0x00000000100001cc                __unhandled_user_irq
                0x00000000100001cc                isr_irq13
                0x00000000100001cc                isr_irq27
                0x00000000100001cc                isr_irq31
                0x00000000100001cc                isr_irq5
                0x00000000100001cc                isr_irq11
                0x00000000100001cc                isr_irq23
                0x00000000100001cc                isr_irq18
                0x00000000100001cc                isr_irq28
                0x00000000100001cc                isr_irq19
                0x00000000100001cc                isr_irq0
                0x00000000100001cc                isr_irq6
                0x00000000100001cc                isr_irq22
                0x00000000100001cc                isr_irq17
                0x00000000100001cc                isr_irq14
                0x00000000100001cc                isr_irq2
                0x00000000100001cc                isr_irq10
                0x00000000100001cc                isr_irq8
                0x00000000100001cc                isr_irq24
                0x00000000100001cc                isr_irq1
                0x00000000100001cc                isr_irq7
                0x00000000100001cc                isr_irq21
                0x00000000100001cc                isr_irq20
                0x00000000100001cc                isr_irq15
                0x00000000100001cc                isr_irq25
                0x00000000100001cc                isr_irq4
                0x00000000100001cc                isr_irq16
                0x00000000100001cc                isr_irq29
                0x00000000100001cc                isr_irq26
                0x00000000100001cc                __default_isrs_end
                0x00000000100001cc                isr_irq3
                0x00000000100001cc                isr_irq12
                0x00000000100001cc                isr_irq9
                0x00000000100001d2                unhandled_user_irq_num_in_r0
 *(.binary_info_header)
 .binary_info_header
                0x00000000100001d4       0x14 CMakeFiles/robot_pwm.dir/home/ubuntu/pico/pico-sdk/src/rp2_common/pico_standard_link/crt0.S.obj
                0x00000000100001e8                __binary_info_header_end = .
 *(.reset)
 .reset         0x00000000100001e8       0xa0 CMakeFiles/robot_pwm.dir/home/ubuntu/pico/pico-sdk/src/rp2_common/pico_standard_link/crt0.S.obj
                0x00000000100001e8                _entry_point
 .reset         0x0000000010000288       0x30 CMakeFiles/robot_pwm.dir/home/ubuntu/pico/pico-sdk/src/rp2_common/pico_standard_link/binary_info.c.obj
 *(.init)
 .init          0x00000000100002b8        0x4 /usr/lib/gcc/arm-none-eabi/9.2.1/thumb/v6-m/nofp/crti.o
                0x00000000100002b8                _init
 *(EXCLUDE_FILE(*libm.a: *libc.a:*lib_a-mem*.o *libgcc.a:) .text*)
 .text          0x00000000100002bc       0x98 /usr/lib/gcc/arm-none-eabi/9.2.1/thumb/v6-m/nofp/crtbegin.o
 .text._Z13gpio_callbackjm
                0x0000000010000354       0x84 CMakeFiles/robot_pwm.dir/main.cpp.obj
                0x0000000010000354                gpio_callback(unsigned int, unsigned long)
 .text._Z19timerStatusCallbackP15repeating_timer
                0x00000000100003d8       0x20 CMakeFiles/robot_pwm.dir/main.cpp.obj
                0x00000000100003d8                timerStatusCallback(repeating_timer*)
 .text._Z13timerCallbackP15repeating_timer
                0x00000000100003f8       0x44 CMakeFiles/robot_pwm.dir/main.cpp.obj
                0x00000000100003f8                timerCallback(repeating_timer*)
 .text._Z5setupv
                0x000000001000043c       0xd4 CMakeFiles/robot_pwm.dir/main.cpp.obj
                0x000000001000043c                setup()
 .text.startup.main
                0x0000000010000510      0x19c CMakeFiles/robot_pwm.dir/main.cpp.obj
                0x0000000010000510                main
 .text.startup._GLOBAL__sub_I_encoder1_ticks
                0x00000000100006ac       0x5c CMakeFiles/robot_pwm.dir/main.cpp.obj
 .text._ZN7DCMotorC2Ejjbff
                0x0000000010000708       0xa4 CMakeFiles/robot_pwm.dir/src/motor_control.cpp.obj
                0x0000000010000708                DCMotor::DCMotor(unsigned int, unsigned int, bool, float, float)
                0x0000000010000708                DCMotor::DCMotor(unsigned int, unsigned int, bool, float, float)
 .text._ZN7DCMotor5writeEf
                0x00000000100007ac       0xe0 CMakeFiles/robot_pwm.dir/src/motor_control.cpp.obj
                0x00000000100007ac                DCMotor::write(float)
 .text._ZN3PIDC2Effffff
                0x000000001000088c       0x1c CMakeFiles/robot_pwm.dir/src/pid.cpp.obj
                0x000000001000088c                PID::PID(float, float, float, float, float, float)
                0x000000001000088c                PID::PID(float, float, float, float, float, float)
 .text._ZN3PID9calculateEfff
                0x00000000100008a8       0xb4 CMakeFiles/robot_pwm.dir/src/pid.cpp.obj
                0x00000000100008a8                PID::calculate(float, float, float)
 .text._ZN5RobotC2Effffffj9RobotPins
                0x000000001000095c       0xfc CMakeFiles/robot_pwm.dir/src/robot.cpp.obj
                0x000000001000095c                Robot::Robot(float, float, float, float, float, float, unsigned int, RobotPins)
                0x000000001000095c                Robot::Robot(float, float, float, float, float, float, unsigned int, RobotPins)
 .text._ZN5Robot9updatePidEmm
                0x0000000010000a58      0x258 CMakeFiles/robot_pwm.dir/src/robot.cpp.obj
                0x0000000010000a58                Robot::updatePid(unsigned long, unsigned long)
 .text._ZN5Robot11setUnicycleEff
                0x0000000010000cb0       0xe4 CMakeFiles/robot_pwm.dir/src/robot.cpp.obj
                0x0000000010000cb0                Robot::setUnicycle(float, float)
 .text._ZN5Robot8getStateEv
                0x0000000010000d94       0x1c CMakeFiles/robot_pwm.dir/src/robot.cpp.obj
                0x0000000010000d94                Robot::getState()
 .text._ZN5Robot11getOdometryEv
                0x0000000010000db0       0x14 CMakeFiles/robot_pwm.dir/src/robot.cpp.obj
                0x0000000010000db0                Robot::getOdometry()
 .text.gpio_default_irq_handler
                0x0000000010000dc4      0x248 CMakeFiles/robot_pwm.dir/home/ubuntu/pico/pico-sdk/src/rp2_common/hardware_gpio/gpio.c.obj
 .text.gpio_set_function
                0x000000001000100c       0x30 CMakeFiles/robot_pwm.dir/home/ubuntu/pico/pico-sdk/src/rp2_common/hardware_gpio/gpio.c.obj
                0x000000001000100c                gpio_set_function
 .text.gpio_set_pulls
                0x000000001000103c       0x30 CMakeFiles/robot_pwm.dir/home/ubuntu/pico/pico-sdk/src/rp2_common/hardware_gpio/gpio.c.obj
                0x000000001000103c                gpio_set_pulls
 .text.gpio_set_irq_enabled_with_callback
                0x000000001000106c       0xb0 CMakeFiles/robot_pwm.dir/home/ubuntu/pico/pico-sdk/src/rp2_common/hardware_gpio/gpio.c.obj
                0x000000001000106c                gpio_set_irq_enabled_with_callback
 .text.gpio_init
                0x000000001000111c       0x3c CMakeFiles/robot_pwm.dir/home/ubuntu/pico/pico-sdk/src/rp2_common/hardware_gpio/gpio.c.obj
                0x000000001000111c                gpio_init
 .text.running_on_fpga
                0x0000000010001158       0x10 CMakeFiles/robot_pwm.dir/home/ubuntu/pico/pico-sdk/src/rp2_common/pico_platform/platform.c.obj
                0x0000000010001158                running_on_fpga
 .text.hw_claim_or_assert
                0x0000000010001168       0x48 CMakeFiles/robot_pwm.dir/home/ubuntu/pico/pico-sdk/src/rp2_common/hardware_claim/claim.c.obj
                0x0000000010001168                hw_claim_or_assert
 .text.hw_claim_unused_from_range
                0x00000000100011b0       0x9c CMakeFiles/robot_pwm.dir/home/ubuntu/pico/pico-sdk/src/rp2_common/hardware_claim/claim.c.obj
                0x00000000100011b0                hw_claim_unused_from_range
 .text.spin_locks_reset
                0x000000001000124c       0x1c CMakeFiles/robot_pwm.dir/home/ubuntu/pico/pico-sdk/src/rp2_common/hardware_sync/sync.c.obj
                0x000000001000124c                spin_locks_reset
 .text.next_striped_spin_lock_num
                0x0000000010001268       0x18 CMakeFiles/robot_pwm.dir/home/ubuntu/pico/pico-sdk/src/rp2_common/hardware_sync/sync.c.obj
                0x0000000010001268                next_striped_spin_lock_num
 .text.spin_lock_claim_unused
                0x0000000010001280       0x20 CMakeFiles/robot_pwm.dir/home/ubuntu/pico/pico-sdk/src/rp2_common/hardware_sync/sync.c.obj
                0x0000000010001280                spin_lock_claim_unused
 .text.irq_set_enabled
                0x00000000100012a0       0x24 CMakeFiles/robot_pwm.dir/home/ubuntu/pico/pico-sdk/src/rp2_common/hardware_irq/irq.c.obj
                0x00000000100012a0                irq_set_enabled
 .text.irq_set_pending
                0x00000000100012c4       0x10 CMakeFiles/robot_pwm.dir/home/ubuntu/pico/pico-sdk/src/rp2_common/hardware_irq/irq.c.obj
                0x00000000100012c4                irq_set_pending
 .text.irq_has_shared_handler
                0x00000000100012d4       0x2c CMakeFiles/robot_pwm.dir/home/ubuntu/pico/pico-sdk/src/rp2_common/hardware_irq/irq.c.obj
                0x00000000100012d4                irq_has_shared_handler
 .text.irq_get_vtable_handler
                0x0000000010001300       0x10 CMakeFiles/robot_pwm.dir/home/ubuntu/pico/pico-sdk/src/rp2_common/hardware_irq/irq.c.obj
                0x0000000010001300                irq_get_vtable_handler
 .text.irq_set_exclusive_handler
                0x0000000010001310       0x54 CMakeFiles/robot_pwm.dir/home/ubuntu/pico/pico-sdk/src/rp2_common/hardware_irq/irq.c.obj
                0x0000000010001310                irq_set_exclusive_handler
 .text.irq_add_shared_handler
                0x0000000010001364      0x1c4 CMakeFiles/robot_pwm.dir/home/ubuntu/pico/pico-sdk/src/rp2_common/hardware_irq/irq.c.obj
                0x0000000010001364                irq_add_shared_handler
 .text.irq_remove_handler
                0x0000000010001528      0x1b4 CMakeFiles/robot_pwm.dir/home/ubuntu/pico/pico-sdk/src/rp2_common/hardware_irq/irq.c.obj
                0x0000000010001528                irq_remove_handler
 .text.irq_add_tail_to_free_list
                0x00000000100016dc       0xb4 CMakeFiles/robot_pwm.dir/home/ubuntu/pico/pico-sdk/src/rp2_common/hardware_irq/irq.c.obj
                0x00000000100016dc                irq_add_tail_to_free_list
 .text.irq_init_priorities
                0x0000000010001790       0x24 CMakeFiles/robot_pwm.dir/home/ubuntu/pico/pico-sdk/src/rp2_common/hardware_irq/irq.c.obj
                0x0000000010001790                irq_init_priorities
 .text.user_irq_claim_unused
                0x00000000100017b4       0x28 CMakeFiles/robot_pwm.dir/home/ubuntu/pico/pico-sdk/src/rp2_common/hardware_irq/irq.c.obj
                0x00000000100017b4                user_irq_claim_unused
 .text.lock_init
                0x00000000100017dc       0x10 CMakeFiles/robot_pwm.dir/home/ubuntu/pico/pico-sdk/src/common/pico_sync/lock_core.c.obj
                0x00000000100017dc                lock_init
 .text.mutex_init
                0x00000000100017ec       0x1c CMakeFiles/robot_pwm.dir/home/ubuntu/pico/pico-sdk/src/common/pico_sync/mutex.c.obj
                0x00000000100017ec                mutex_init
 .text.recursive_mutex_init
                0x0000000010001808       0x1c CMakeFiles/robot_pwm.dir/home/ubuntu/pico/pico-sdk/src/common/pico_sync/mutex.c.obj
                0x0000000010001808                recursive_mutex_init
 .text.critical_section_init
                0x0000000010001824       0x1c CMakeFiles/robot_pwm.dir/home/ubuntu/pico/pico-sdk/src/common/pico_sync/critical_section.c.obj
                0x0000000010001824                critical_section_init
 .text.critical_section_init_with_lock_num
                0x0000000010001840       0x14 CMakeFiles/robot_pwm.dir/home/ubuntu/pico/pico-sdk/src/common/pico_sync/critical_section.c.obj
                0x0000000010001840                critical_section_init_with_lock_num
 .text.timer_pool_entry_comparator
                0x0000000010001854       0x34 CMakeFiles/robot_pwm.dir/home/ubuntu/pico/pico-sdk/src/common/pico_time/time.c.obj
                0x0000000010001854                timer_pool_entry_comparator
 .text.repeating_timer_callback
                0x0000000010001888       0x1c CMakeFiles/robot_pwm.dir/home/ubuntu/pico/pico-sdk/src/common/pico_time/time.c.obj
 .text.sleep_until_callback
                0x00000000100018a4       0x30 CMakeFiles/robot_pwm.dir/home/ubuntu/pico/pico-sdk/src/common/pico_time/time.c.obj
 .text.add_alarm_under_lock
                0x00000000100018d4      0x108 CMakeFiles/robot_pwm.dir/home/ubuntu/pico/pico-sdk/src/common/pico_time/time.c.obj
 .text.alarm_pool_alarm_callback
                0x00000000100019dc      0x1bc CMakeFiles/robot_pwm.dir/home/ubuntu/pico/pico-sdk/src/common/pico_time/time.c.obj
 .text.alarm_pool_init_default
                0x0000000010001b98       0x6c CMakeFiles/robot_pwm.dir/home/ubuntu/pico/pico-sdk/src/common/pico_time/time.c.obj
                0x0000000010001b98                alarm_pool_init_default
 .text.alarm_pool_get_default
                0x0000000010001c04        0x8 CMakeFiles/robot_pwm.dir/home/ubuntu/pico/pico-sdk/src/common/pico_time/time.c.obj
                0x0000000010001c04                alarm_pool_get_default
 .text.alarm_pool_add_alarm_at
                0x0000000010001c0c      0x18c CMakeFiles/robot_pwm.dir/home/ubuntu/pico/pico-sdk/src/common/pico_time/time.c.obj
                0x0000000010001c0c                alarm_pool_add_alarm_at
 .text.alarm_pool_core_num
                0x0000000010001d98        0x4 CMakeFiles/robot_pwm.dir/home/ubuntu/pico/pico-sdk/src/common/pico_time/time.c.obj
                0x0000000010001d98                alarm_pool_core_num
 .text.alarm_pool_add_repeating_timer_us
                0x0000000010001d9c      0x204 CMakeFiles/robot_pwm.dir/home/ubuntu/pico/pico-sdk/src/common/pico_time/time.c.obj
                0x0000000010001d9c                alarm_pool_add_repeating_timer_us
 .text.sleep_until
                0x0000000010001fa0       0xc4 CMakeFiles/robot_pwm.dir/home/ubuntu/pico/pico-sdk/src/common/pico_time/time.c.obj
                0x0000000010001fa0                sleep_until
 .text.sleep_ms
                0x0000000010002064       0x34 CMakeFiles/robot_pwm.dir/home/ubuntu/pico/pico-sdk/src/common/pico_time/time.c.obj
                0x0000000010002064                sleep_ms
 .text.best_effort_wfe_or_timeout
                0x0000000010002098       0xd4 CMakeFiles/robot_pwm.dir/home/ubuntu/pico/pico-sdk/src/common/pico_time/time.c.obj
                0x0000000010002098                best_effort_wfe_or_timeout
 .text.hardware_alarm_irq_handler
                0x000000001000216c       0xbc CMakeFiles/robot_pwm.dir/home/ubuntu/pico/pico-sdk/src/rp2_common/hardware_timer/timer.c.obj
 .text.hardware_alarm_claim
                0x0000000010002228       0x18 CMakeFiles/robot_pwm.dir/home/ubuntu/pico/pico-sdk/src/rp2_common/hardware_timer/timer.c.obj
                0x0000000010002228                hardware_alarm_claim
 .text.time_us_64
                0x0000000010002240       0x14 CMakeFiles/robot_pwm.dir/home/ubuntu/pico/pico-sdk/src/rp2_common/hardware_timer/timer.c.obj
                0x0000000010002240                time_us_64
 .text.busy_wait_us
                0x0000000010002254       0x54 CMakeFiles/robot_pwm.dir/home/ubuntu/pico/pico-sdk/src/rp2_common/hardware_timer/timer.c.obj
                0x0000000010002254                busy_wait_us
 .text.busy_wait_until
                0x00000000100022a8       0x20 CMakeFiles/robot_pwm.dir/home/ubuntu/pico/pico-sdk/src/rp2_common/hardware_timer/timer.c.obj
                0x00000000100022a8                busy_wait_until
 .text.hardware_alarm_set_callback
                0x00000000100022c8       0x8c CMakeFiles/robot_pwm.dir/home/ubuntu/pico/pico-sdk/src/rp2_common/hardware_timer/timer.c.obj
                0x00000000100022c8                hardware_alarm_set_callback
 .text.hardware_alarm_set_target
                0x0000000010002354       0xd4 CMakeFiles/robot_pwm.dir/home/ubuntu/pico/pico-sdk/src/rp2_common/hardware_timer/timer.c.obj
                0x0000000010002354                hardware_alarm_set_target
 .text.hardware_alarm_cancel
                0x0000000010002428       0x40 CMakeFiles/robot_pwm.dir/home/ubuntu/pico/pico-sdk/src/rp2_common/hardware_timer/timer.c.obj
                0x0000000010002428                hardware_alarm_cancel
 .text.ph_merge_nodes
                0x0000000010002468       0x68 CMakeFiles/robot_pwm.dir/home/ubuntu/pico/pico-sdk/src/common/pico_util/pheap.c.obj
 .text.ph_post_alloc_init
                0x00000000100024d0       0x3c CMakeFiles/robot_pwm.dir/home/ubuntu/pico/pico-sdk/src/common/pico_util/pheap.c.obj
                0x00000000100024d0                ph_post_alloc_init
 .text.ph_merge_two_pass
                0x000000001000250c       0x90 CMakeFiles/robot_pwm.dir/home/ubuntu/pico/pico-sdk/src/common/pico_util/pheap.c.obj
                0x000000001000250c                ph_merge_two_pass
 .text.ph_remove_any_head
                0x000000001000259c      0x100 CMakeFiles/robot_pwm.dir/home/ubuntu/pico/pico-sdk/src/common/pico_util/pheap.c.obj
 .text.ph_remove_head
                0x000000001000269c      0x144 CMakeFiles/robot_pwm.dir/home/ubuntu/pico/pico-sdk/src/common/pico_util/pheap.c.obj
                0x000000001000269c                ph_remove_head
 .text.ph_remove_and_free_node
                0x00000000100027e0       0x7c CMakeFiles/robot_pwm.dir/home/ubuntu/pico/pico-sdk/src/common/pico_util/pheap.c.obj
                0x00000000100027e0                ph_remove_and_free_node
 .text.clocks_init
                0x000000001000285c      0x2d0 CMakeFiles/robot_pwm.dir/home/ubuntu/pico/pico-sdk/src/rp2_common/hardware_clocks/clocks.c.obj
                0x000000001000285c                clocks_init
 .text.pll_init
                0x0000000010002b2c       0xa0 CMakeFiles/robot_pwm.dir/home/ubuntu/pico/pico-sdk/src/rp2_common/hardware_pll/pll.c.obj
                0x0000000010002b2c                pll_init
 .text.watchdog_start_tick
                0x0000000010002bcc       0x10 CMakeFiles/robot_pwm.dir/home/ubuntu/pico/pico-sdk/src/rp2_common/hardware_watchdog/watchdog.c.obj
                0x0000000010002bcc                watchdog_start_tick
 .text.watchdog_reboot
                0x0000000010002bdc       0x98 CMakeFiles/robot_pwm.dir/home/ubuntu/pico/pico-sdk/src/rp2_common/hardware_watchdog/watchdog.c.obj
                0x0000000010002bdc                watchdog_reboot
 .text.xosc_init
                0x0000000010002c74       0x28 CMakeFiles/robot_pwm.dir/home/ubuntu/pico/pico-sdk/src/rp2_common/hardware_xosc/xosc.c.obj
                0x0000000010002c74                xosc_init
 .text.runtime_init
                0x0000000010002c9c       0xf0 CMakeFiles/robot_pwm.dir/home/ubuntu/pico/pico-sdk/src/rp2_common/pico_runtime/runtime.c.obj
                0x0000000010002c9c                runtime_init
 .text._exit    0x0000000010002d8c        0x4 CMakeFiles/robot_pwm.dir/home/ubuntu/pico/pico-sdk/src/rp2_common/pico_runtime/runtime.c.obj
                0x0000000010002d8c                _exit
 .text._sbrk    0x0000000010002d90       0x34 CMakeFiles/robot_pwm.dir/home/ubuntu/pico/pico-sdk/src/rp2_common/pico_runtime/runtime.c.obj
                0x0000000010002d90                _sbrk
 .text.exit     0x0000000010002dc4        0x8 CMakeFiles/robot_pwm.dir/home/ubuntu/pico/pico-sdk/src/rp2_common/pico_runtime/runtime.c.obj
                0x0000000010002dc4                exit
 .text.__assert_func
                0x0000000010002dcc       0x34 CMakeFiles/robot_pwm.dir/home/ubuntu/pico/pico-sdk/src/rp2_common/pico_runtime/runtime.c.obj
                0x0000000010002dcc                __assert_func
 .text.panic    0x0000000010002e00       0x30 CMakeFiles/robot_pwm.dir/home/ubuntu/pico/pico-sdk/src/rp2_common/pico_runtime/runtime.c.obj
                0x0000000010002e00                panic
 .text.hard_assertion_failure
                0x0000000010002e30        0xc CMakeFiles/robot_pwm.dir/home/ubuntu/pico/pico-sdk/src/rp2_common/pico_runtime/runtime.c.obj
                0x0000000010002e30                hard_assertion_failure
 .text._out_null
                0x0000000010002e3c        0x4 CMakeFiles/robot_pwm.dir/home/ubuntu/pico/pico-sdk/src/rp2_common/pico_printf/printf.c.obj
 .text._out_rev
                0x0000000010002e40       0xd0 CMakeFiles/robot_pwm.dir/home/ubuntu/pico/pico-sdk/src/rp2_common/pico_printf/printf.c.obj
 .text._ntoa_format
                0x0000000010002f10      0x1d0 CMakeFiles/robot_pwm.dir/home/ubuntu/pico/pico-sdk/src/rp2_common/pico_printf/printf.c.obj
 .text._out_char
                0x00000000100030e0       0x10 CMakeFiles/robot_pwm.dir/home/ubuntu/pico/pico-sdk/src/rp2_common/pico_printf/printf.c.obj
 .text._out_fct
                0x00000000100030f0       0x10 CMakeFiles/robot_pwm.dir/home/ubuntu/pico/pico-sdk/src/rp2_common/pico_printf/printf.c.obj
 .text._etoa    0x0000000010003100      0x478 CMakeFiles/robot_pwm.dir/home/ubuntu/pico/pico-sdk/src/rp2_common/pico_printf/printf.c.obj
 .text._ftoa    0x0000000010003578      0x3e0 CMakeFiles/robot_pwm.dir/home/ubuntu/pico/pico-sdk/src/rp2_common/pico_printf/printf.c.obj
 .text._vsnprintf
                0x0000000010003958      0xb08 CMakeFiles/robot_pwm.dir/home/ubuntu/pico/pico-sdk/src/rp2_common/pico_printf/printf.c.obj
 .text.vfctprintf
                0x0000000010004460       0x20 CMakeFiles/robot_pwm.dir/home/ubuntu/pico/pico-sdk/src/rp2_common/pico_printf/printf.c.obj
                0x0000000010004460                vfctprintf
 .text.weak_raw_printf
                0x0000000010004480       0x40 CMakeFiles/robot_pwm.dir/home/ubuntu/pico/pico-sdk/src/rp2_common/pico_printf/printf.c.obj
                0x0000000010004480                weak_raw_printf
 .text.weak_raw_vprintf
                0x00000000100044c0       0x30 CMakeFiles/robot_pwm.dir/home/ubuntu/pico/pico-sdk/src/rp2_common/pico_printf/printf.c.obj
                0x00000000100044c0                weak_raw_vprintf
 .text          0x00000000100044f0       0x10 CMakeFiles/robot_pwm.dir/home/ubuntu/pico/pico-sdk/src/rp2_common/pico_bit_ops/bit_ops_aeabi.S.obj
 .text.rom_func_lookup
                0x0000000010004500       0x10 CMakeFiles/robot_pwm.dir/home/ubuntu/pico/pico-sdk/src/rp2_common/pico_bootrom/bootrom.c.obj
                0x0000000010004500                rom_func_lookup
 .text.rom_data_lookup
                0x0000000010004510       0x10 CMakeFiles/robot_pwm.dir/home/ubuntu/pico/pico-sdk/src/rp2_common/pico_bootrom/bootrom.c.obj
                0x0000000010004510                rom_data_lookup
 .text.rom_funcs_lookup
                0x0000000010004520       0x3c CMakeFiles/robot_pwm.dir/home/ubuntu/pico/pico-sdk/src/rp2_common/pico_bootrom/bootrom.c.obj
                0x0000000010004520                rom_funcs_lookup
 .text.__wrap___aeabi_idiv
                0x000000001000455c       0x50 CMakeFiles/robot_pwm.dir/home/ubuntu/pico/pico-sdk/src/rp2_common/pico_divider/divider.S.obj
                0x000000001000455c                __wrap___aeabi_idivmod
                0x000000001000455c                divmod_s32s32
                0x000000001000455c                div_s32s32
                0x000000001000455c                __wrap___aeabi_idiv
                0x0000000010004564                divmod_s32s32_unsafe
                0x0000000010004590                divmod_s32s32_savestate
 .text.__wrap___aeabi_uidiv
                0x00000000100045ac       0x4c CMakeFiles/robot_pwm.dir/home/ubuntu/pico/pico-sdk/src/rp2_common/pico_divider/divider.S.obj
                0x00000000100045ac                __wrap___aeabi_uidiv
                0x00000000100045ac                __wrap___aeabi_uidivmod
                0x00000000100045ac                div_u32u32
                0x00000000100045ac                divmod_u32u32
                0x00000000100045b4                divmod_u32u32_unsafe
                0x00000000100045dc                divmod_u32u32_savestate
 .text.__wrap___aeabi_ldiv
                0x00000000100045f8      0x424 CMakeFiles/robot_pwm.dir/home/ubuntu/pico/pico-sdk/src/rp2_common/pico_divider/divider.S.obj
                0x00000000100045f8                div_s64s64
                0x00000000100045f8                divmod_s64s64
                0x00000000100045f8                __wrap___aeabi_ldivmod
                0x0000000010004628                div_u64u64
                0x0000000010004628                divmod_u64u64
                0x0000000010004628                __wrap___aeabi_uldivmod
                0x0000000010004638                divmod_u64u64_savestate
                0x0000000010004658                divmod_s64s64_unsafe
                0x00000000100046e0                divmod_u64u64_unsafe
 .text.__wrap___aeabi_darithmetic
                0x0000000010004a1c       0x80 CMakeFiles/robot_pwm.dir/home/ubuntu/pico/pico-sdk/src/rp2_common/pico_double/double_aeabi.S.obj
                0x0000000010004a1c                __wrap___aeabi_drsub
                0x0000000010004a22                __wrap___aeabi_dsub
                0x0000000010004a34                __wrap___aeabi_dadd
                0x0000000010004a46                __wrap___aeabi_ddiv
                0x0000000010004a82                __wrap___aeabi_dmul
 .text.__wrap___aeabi_cdcmple
                0x0000000010004a9c       0x6c CMakeFiles/robot_pwm.dir/home/ubuntu/pico/pico-sdk/src/rp2_common/pico_double/double_aeabi.S.obj
                0x0000000010004a9c                __wrap___aeabi_cdrcmple
                0x0000000010004aac                __wrap___aeabi_cdcmple
                0x0000000010004aac                __wrap___aeabi_cdcmpeq
 .text.__wrap___aeabi_dcmpeq
                0x0000000010004b08       0x10 CMakeFiles/robot_pwm.dir/home/ubuntu/pico/pico-sdk/src/rp2_common/pico_double/double_aeabi.S.obj
                0x0000000010004b08                __wrap___aeabi_dcmpeq
 .text.__wrap___aeabi_dcmplt
                0x0000000010004b18        0xc CMakeFiles/robot_pwm.dir/home/ubuntu/pico/pico-sdk/src/rp2_common/pico_double/double_aeabi.S.obj
                0x0000000010004b18                __wrap___aeabi_dcmplt
 .text.__wrap___aeabi_dcmple
                0x0000000010004b24       0x10 CMakeFiles/robot_pwm.dir/home/ubuntu/pico/pico-sdk/src/rp2_common/pico_double/double_aeabi.S.obj
                0x0000000010004b24                __wrap___aeabi_dcmple
 .text.__wrap___aeabi_dcmpge
                0x0000000010004b34       0x10 CMakeFiles/robot_pwm.dir/home/ubuntu/pico/pico-sdk/src/rp2_common/pico_double/double_aeabi.S.obj
                0x0000000010004b34                __wrap___aeabi_dcmpge
 .text.__wrap___aeabi_dcmpgt
                0x0000000010004b44        0xa CMakeFiles/robot_pwm.dir/home/ubuntu/pico/pico-sdk/src/rp2_common/pico_double/double_aeabi.S.obj
                0x0000000010004b44                __wrap___aeabi_dcmpgt
 .text.__wrap___aeabi_dcmpun
                0x0000000010004b4e       0x1c CMakeFiles/robot_pwm.dir/home/ubuntu/pico/pico-sdk/src/rp2_common/pico_double/double_aeabi.S.obj
                0x0000000010004b4e                __wrap___aeabi_dcmpun
 *fill*         0x0000000010004b6a        0x2 
 .text.__wrap___aeabi_i2d
                0x0000000010004b6c       0x38 CMakeFiles/robot_pwm.dir/home/ubuntu/pico/pico-sdk/src/rp2_common/pico_double/double_aeabi.S.obj
                0x0000000010004b6c                __wrap___aeabi_ui2d
                0x0000000010004b74                __wrap___aeabi_i2d
 .text.__wrap___aeabi_d2iz
                0x0000000010004ba4       0x48 CMakeFiles/robot_pwm.dir/home/ubuntu/pico/pico-sdk/src/rp2_common/pico_double/double_aeabi.S.obj
                0x0000000010004ba4                __wrap___aeabi_d2iz
                0x0000000010004ba4                double2int_z
 .text.__wrap___aeabi_d2uiz
                0x0000000010004bec       0x18 CMakeFiles/robot_pwm.dir/home/ubuntu/pico/pico-sdk/src/rp2_common/pico_double/double_aeabi.S.obj
                0x0000000010004bec                double2uint
                0x0000000010004bec                __wrap___aeabi_d2uiz
 .text.__wrap___aeabi_l2d
                0x0000000010004c04       0x18 CMakeFiles/robot_pwm.dir/home/ubuntu/pico/pico-sdk/src/rp2_common/pico_double/double_aeabi.S.obj
                0x0000000010004c04                __wrap___aeabi_l2d
 .text.__wrap___aeabi_d2lz
                0x0000000010004c1c       0x26 CMakeFiles/robot_pwm.dir/home/ubuntu/pico/pico-sdk/src/rp2_common/pico_double/double_aeabi.S.obj
                0x0000000010004c1c                __wrap___aeabi_d2lz
                0x0000000010004c1c                double2int64_z
 *fill*         0x0000000010004c42        0x2 
 .text.double2int64
                0x0000000010004c44       0x18 CMakeFiles/robot_pwm.dir/home/ubuntu/pico/pico-sdk/src/rp2_common/pico_double/double_aeabi.S.obj
                0x0000000010004c44                double2int64
 .text.double2ufix64
                0x0000000010004c5c       0x18 CMakeFiles/robot_pwm.dir/home/ubuntu/pico/pico-sdk/src/rp2_common/pico_double/double_aeabi.S.obj
                0x0000000010004c5c                double2ufix64
 .text.__wrap___aeabi_d2f
                0x0000000010004c74       0x18 CMakeFiles/robot_pwm.dir/home/ubuntu/pico/pico-sdk/src/rp2_common/pico_double/double_aeabi.S.obj
                0x0000000010004c74                __wrap___aeabi_d2f
 .text.__aeabi_double_init
                0x0000000010004c8c       0xc0 CMakeFiles/robot_pwm.dir/home/ubuntu/pico/pico-sdk/src/rp2_common/pico_double/double_init_rom.c.obj
                0x0000000010004c8c                __aeabi_double_init
 .text.double_table_shim_on_use_helper
                0x0000000010004d4c       0x2c CMakeFiles/robot_pwm.dir/home/ubuntu/pico/pico-sdk/src/rp2_common/pico_double/double_v1_rom_shim.S.obj
                0x0000000010004d4c                double_table_shim_on_use_helper
 .text.__wrap___aeabi_dsub
                0x0000000010004d78       0x10 CMakeFiles/robot_pwm.dir/home/ubuntu/pico/pico-sdk/src/rp2_common/pico_double/double_v1_rom_shim.S.obj
                0x0000000010004d78                drsub_shim
                0x0000000010004d7e                dsub_shim
 .text.dadd_shim
                0x0000000010004d88      0x15c CMakeFiles/robot_pwm.dir/home/ubuntu/pico/pico-sdk/src/rp2_common/pico_double/double_v1_rom_shim.S.obj
                0x0000000010004d88                dadd_shim
 .text.dmul_shim
                0x0000000010004ee4      0x15c CMakeFiles/robot_pwm.dir/home/ubuntu/pico/pico-sdk/src/rp2_common/pico_double/double_v1_rom_shim.S.obj
                0x0000000010004ee4                dmul_shim
 .text.ddiv_shim
                0x0000000010005040      0x1b0 CMakeFiles/robot_pwm.dir/home/ubuntu/pico/pico-sdk/src/rp2_common/pico_double/double_v1_rom_shim.S.obj
                0x0000000010005040                ddiv_shim
 .text.double2uint_shim
                0x00000000100051f0        0xe CMakeFiles/robot_pwm.dir/home/ubuntu/pico/pico-sdk/src/rp2_common/pico_double/double_v1_rom_shim.S.obj
                0x00000000100051f0                double2uint_shim
                0x00000000100051f2                double2ufix_shim
 .text.double2int64_shim
                0x00000000100051fe       0x1a CMakeFiles/robot_pwm.dir/home/ubuntu/pico/pico-sdk/src/rp2_common/pico_double/double_v1_rom_shim.S.obj
                0x00000000100051fe                double2int64_shim
                0x0000000010005200                double2fix64_shim
 .text.double2uint64_shim
                0x0000000010005218       0x70 CMakeFiles/robot_pwm.dir/home/ubuntu/pico/pico-sdk/src/rp2_common/pico_double/double_v1_rom_shim.S.obj
                0x0000000010005218                double2uint64_shim
                0x000000001000521a                double2ufix64_shim
                0x000000001000523a                d2fix_a
 .text.double2float_shim
                0x0000000010005288       0x5c CMakeFiles/robot_pwm.dir/home/ubuntu/pico/pico-sdk/src/rp2_common/pico_double/double_v1_rom_shim.S.obj
                0x0000000010005288                double2float_shim
 .text.x2double_shims
                0x00000000100052e4       0x90 CMakeFiles/robot_pwm.dir/home/ubuntu/pico/pico-sdk/src/rp2_common/pico_double/double_v1_rom_shim.S.obj
                0x00000000100052e4                uint2double_shim
                0x00000000100052e6                ufix2double_shim
                0x00000000100052ec                int2double_shim
                0x00000000100052ee                fix2double_shim
                0x00000000100052f4                uint642double_shim
                0x00000000100052f6                ufix642double_shim
                0x00000000100052fc                int642double_shim
                0x00000000100052fe                fix642double_shim
 .text.dunpacks
                0x0000000010005374       0x3c CMakeFiles/robot_pwm.dir/home/ubuntu/pico/pico-sdk/src/rp2_common/pico_double/double_v1_rom_shim.S.obj
                0x0000000010005374                dunpacks
 .text.__aeabi_lmul
                0x00000000100053b0       0x32 CMakeFiles/robot_pwm.dir/home/ubuntu/pico/pico-sdk/src/rp2_common/pico_int64_ops/pico_int64_ops_aeabi.S.obj
                0x00000000100053b0                __wrap___aeabi_lmul
 *fill*         0x00000000100053e2        0x2 
 .text.__wrap___aeabi_farithmetic
                0x00000000100053e4       0x48 CMakeFiles/robot_pwm.dir/home/ubuntu/pico/pico-sdk/src/rp2_common/pico_float/float_aeabi.S.obj
                0x00000000100053e4                __wrap___aeabi_frsub
                0x00000000100053ea                __wrap___aeabi_fsub
                0x00000000100053f0                __wrap___aeabi_fadd
                0x00000000100053f6                __wrap___aeabi_fdiv
                0x000000001000541e                __wrap___aeabi_fmul
 .text.__wrap___aeabi_cfcmple
                0x000000001000542c       0x50 CMakeFiles/robot_pwm.dir/home/ubuntu/pico/pico-sdk/src/rp2_common/pico_float/float_aeabi.S.obj
                0x000000001000542c                __wrap___aeabi_cfrcmple
                0x0000000010005438                __wrap___aeabi_cfcmpeq
                0x0000000010005438                __wrap___aeabi_cfcmple
 .text.__wrap___aeabi_fcmplt
                0x000000001000547c        0xc CMakeFiles/robot_pwm.dir/home/ubuntu/pico/pico-sdk/src/rp2_common/pico_float/float_aeabi.S.obj
                0x000000001000547c                __wrap___aeabi_fcmplt
 .text.__wrap___aeabi_fcmple
                0x0000000010005488       0x10 CMakeFiles/robot_pwm.dir/home/ubuntu/pico/pico-sdk/src/rp2_common/pico_float/float_aeabi.S.obj
                0x0000000010005488                __wrap___aeabi_fcmple
 .text.__wrap___aeabi_fcmpge
                0x0000000010005498       0x10 CMakeFiles/robot_pwm.dir/home/ubuntu/pico/pico-sdk/src/rp2_common/pico_float/float_aeabi.S.obj
                0x0000000010005498                __wrap___aeabi_fcmpge
 .text.__wrap___aeabi_fcmpgt
                0x00000000100054a8        0xa CMakeFiles/robot_pwm.dir/home/ubuntu/pico/pico-sdk/src/rp2_common/pico_float/float_aeabi.S.obj
                0x00000000100054a8                __wrap___aeabi_fcmpgt
 .text.__wrap___aeabi_fcmpun
                0x00000000100054b2       0x18 CMakeFiles/robot_pwm.dir/home/ubuntu/pico/pico-sdk/src/rp2_common/pico_float/float_aeabi.S.obj
                0x00000000100054b2                __wrap___aeabi_fcmpun
 .text.__wrap___aeabi_f2iz
                0x00000000100054ca       0x4e CMakeFiles/robot_pwm.dir/home/ubuntu/pico/pico-sdk/src/rp2_common/pico_float/float_aeabi.S.obj
                0x00000000100054ca                __wrap___aeabi_f2iz
                0x00000000100054ca                float2int_z
 .text.float2int
                0x0000000010005518       0x14 CMakeFiles/robot_pwm.dir/home/ubuntu/pico/pico-sdk/src/rp2_common/pico_float/float_aeabi.S.obj
                0x0000000010005518                float2int
 .text.__wrap___aeabi_f2uiz
                0x000000001000552c        0xc CMakeFiles/robot_pwm.dir/home/ubuntu/pico/pico-sdk/src/rp2_common/pico_float/float_aeabi.S.obj
                0x000000001000552c                __wrap___aeabi_f2uiz
 .text.fix2float
                0x0000000010005538        0xc CMakeFiles/robot_pwm.dir/home/ubuntu/pico/pico-sdk/src/rp2_common/pico_float/float_aeabi.S.obj
                0x0000000010005538                fix2float
 .text.__wrap___aeabi_f2d
                0x0000000010005544       0x14 CMakeFiles/robot_pwm.dir/home/ubuntu/pico/pico-sdk/src/rp2_common/pico_float/float_aeabi.S.obj
                0x0000000010005544                __wrap___aeabi_f2d
 .text.__wrap_cosf
                0x0000000010005558       0x24 CMakeFiles/robot_pwm.dir/home/ubuntu/pico/pico-sdk/src/rp2_common/pico_float/float_aeabi.S.obj
                0x0000000010005558                __wrap_cosf
 .text.__wrap_sinf
                0x000000001000557c       0x24 CMakeFiles/robot_pwm.dir/home/ubuntu/pico/pico-sdk/src/rp2_common/pico_float/float_aeabi.S.obj
                0x000000001000557c                __wrap_sinf
 .text.__aeabi_float_init
                0x00000000100055a0       0x64 CMakeFiles/robot_pwm.dir/home/ubuntu/pico/pico-sdk/src/rp2_common/pico_float/float_init_rom.c.obj
                0x00000000100055a0                __aeabi_float_init
 .text.__wrap_remquof
                0x0000000010005604      0x148 CMakeFiles/robot_pwm.dir/home/ubuntu/pico/pico-sdk/src/rp2_common/pico_float/float_math.c.obj
                0x0000000010005604                __wrap_remquof
 .text.__wrap_remainderf
                0x000000001000574c        0xc CMakeFiles/robot_pwm.dir/home/ubuntu/pico/pico-sdk/src/rp2_common/pico_float/float_math.c.obj
                0x000000001000574c                __wrap_remainderf
 .text.float_table_shim_on_use_helper
                0x0000000010005758       0x2c CMakeFiles/robot_pwm.dir/home/ubuntu/pico/pico-sdk/src/rp2_common/pico_float/float_v1_rom_shim.S.obj
                0x0000000010005758                float_table_shim_on_use_helper
 .text.float232_shims
                0x0000000010005784       0x18 CMakeFiles/robot_pwm.dir/home/ubuntu/pico/pico-sdk/src/rp2_common/pico_float/float_v1_rom_shim.S.obj
                0x0000000010005784                float2int_shim
                0x0000000010005786                float2fix_shim
 .text.float2double_shim
                0x000000001000579c       0x30 CMakeFiles/robot_pwm.dir/home/ubuntu/pico/pico-sdk/src/rp2_common/pico_float/float_v1_rom_shim.S.obj
                0x000000001000579c                float2double_shim
 .text          0x00000000100057cc       0x10 CMakeFiles/robot_pwm.dir/home/ubuntu/pico/pico-sdk/src/rp2_common/pico_mem_ops/mem_ops_aeabi.S.obj
                0x00000000100057cc                __aeabi_mem_init
 .text.memset   0x00000000100057dc        0xc CMakeFiles/robot_pwm.dir/home/ubuntu/pico/pico-sdk/src/rp2_common/pico_mem_ops/mem_ops_aeabi.S.obj
                0x00000000100057dc                __wrap_memset
 .text.memcpy   0x00000000100057e8        0xc CMakeFiles/robot_pwm.dir/home/ubuntu/pico/pico-sdk/src/rp2_common/pico_mem_ops/mem_ops_aeabi.S.obj
                0x00000000100057e8                __wrap___aeabi_memcpy
                0x00000000100057e8                __wrap_memcpy
 .text.stdio_out_chars_no_crlf
                0x00000000100057f4       0x10 CMakeFiles/robot_pwm.dir/home/ubuntu/pico/pico-sdk/src/rp2_common/pico_stdio/stdio.c.obj
 .text.stdio_buffered_printer
                0x0000000010005804       0x60 CMakeFiles/robot_pwm.dir/home/ubuntu/pico/pico-sdk/src/rp2_common/pico_stdio/stdio.c.obj
 .text.stdio_out_chars_crlf
                0x0000000010005864       0x10 CMakeFiles/robot_pwm.dir/home/ubuntu/pico/pico-sdk/src/rp2_common/pico_stdio/stdio.c.obj
 .text.stdio_put_string
                0x0000000010005874      0x104 CMakeFiles/robot_pwm.dir/home/ubuntu/pico/pico-sdk/src/rp2_common/pico_stdio/stdio.c.obj
 .text.__wrap_putchar
                0x0000000010005978       0x98 CMakeFiles/robot_pwm.dir/home/ubuntu/pico/pico-sdk/src/rp2_common/pico_stdio/stdio.c.obj
                0x0000000010005978                __wrap_putchar
 .text.__wrap_puts
                0x0000000010005a10       0x3c CMakeFiles/robot_pwm.dir/home/ubuntu/pico/pico-sdk/src/rp2_common/pico_stdio/stdio.c.obj
                0x0000000010005a10                __wrap_puts
 .text.stdio_set_driver_enabled
                0x0000000010005a4c       0x30 CMakeFiles/robot_pwm.dir/home/ubuntu/pico/pico-sdk/src/rp2_common/pico_stdio/stdio.c.obj
                0x0000000010005a4c                stdio_set_driver_enabled
 .text.__wrap_vprintf
                0x0000000010005a7c       0xd4 CMakeFiles/robot_pwm.dir/home/ubuntu/pico/pico-sdk/src/rp2_common/pico_stdio/stdio.c.obj
                0x0000000010005a7c                __wrap_vprintf
 .text.__wrap_printf
                0x0000000010005b50       0x18 CMakeFiles/robot_pwm.dir/home/ubuntu/pico/pico-sdk/src/rp2_common/pico_stdio/stdio.c.obj
                0x0000000010005b50                __wrap_printf
 .text.stdio_init_all
                0x0000000010005b68        0x8 CMakeFiles/robot_pwm.dir/home/ubuntu/pico/pico-sdk/src/rp2_common/pico_stdio/stdio.c.obj
                0x0000000010005b68                stdio_init_all
 .text.getchar_timeout_us
                0x0000000010005b70       0x9c CMakeFiles/robot_pwm.dir/home/ubuntu/pico/pico-sdk/src/rp2_common/pico_stdio/stdio.c.obj
                0x0000000010005b70                getchar_timeout_us
 .text.resetd_init
                0x0000000010005c0c        0x4 CMakeFiles/robot_pwm.dir/home/ubuntu/pico/pico-sdk/src/rp2_common/pico_stdio_usb/reset_interface.c.obj
 .text.resetd_reset
                0x0000000010005c10        0xc CMakeFiles/robot_pwm.dir/home/ubuntu/pico/pico-sdk/src/rp2_common/pico_stdio_usb/reset_interface.c.obj
 .text.resetd_open
                0x0000000010005c1c       0x28 CMakeFiles/robot_pwm.dir/home/ubuntu/pico/pico-sdk/src/rp2_common/pico_stdio_usb/reset_interface.c.obj
 .text.resetd_xfer_cb
                0x0000000010005c44        0x4 CMakeFiles/robot_pwm.dir/home/ubuntu/pico/pico-sdk/src/rp2_common/pico_stdio_usb/reset_interface.c.obj
 .text.resetd_control_xfer_cb
                0x0000000010005c48       0x64 CMakeFiles/robot_pwm.dir/home/ubuntu/pico/pico-sdk/src/rp2_common/pico_stdio_usb/reset_interface.c.obj
 .text.usbd_app_driver_get_cb
                0x0000000010005cac        0xc CMakeFiles/robot_pwm.dir/home/ubuntu/pico/pico-sdk/src/rp2_common/pico_stdio_usb/reset_interface.c.obj
                0x0000000010005cac                usbd_app_driver_get_cb
 .text.tud_cdc_line_coding_cb
                0x0000000010005cb8       0x34 CMakeFiles/robot_pwm.dir/home/ubuntu/pico/pico-sdk/src/rp2_common/pico_stdio_usb/reset_interface.c.obj
                0x0000000010005cb8                tud_cdc_line_coding_cb
 .text.stdio_usb_set_chars_available_callback
                0x0000000010005cec       0x14 CMakeFiles/robot_pwm.dir/home/ubuntu/pico/pico-sdk/src/rp2_common/pico_stdio_usb/stdio_usb.c.obj
                0x0000000010005cec                stdio_usb_set_chars_available_callback
 .text.usb_irq  0x0000000010005d00       0x10 CMakeFiles/robot_pwm.dir/home/ubuntu/pico/pico-sdk/src/rp2_common/pico_stdio_usb/stdio_usb.c.obj
 .text.timer_task
                0x0000000010005d10       0x54 CMakeFiles/robot_pwm.dir/home/ubuntu/pico/pico-sdk/src/rp2_common/pico_stdio_usb/stdio_usb.c.obj
 .text.stdio_usb_in_chars
                0x0000000010005d64       0x90 CMakeFiles/robot_pwm.dir/home/ubuntu/pico/pico-sdk/src/rp2_common/pico_stdio_usb/stdio_usb.c.obj
                0x0000000010005d64                stdio_usb_in_chars
 .text.stdio_usb_out_chars
                0x0000000010005df4      0x100 CMakeFiles/robot_pwm.dir/home/ubuntu/pico/pico-sdk/src/rp2_common/pico_stdio_usb/stdio_usb.c.obj
 .text.low_priority_worker_irq
                0x0000000010005ef4       0xa8 CMakeFiles/robot_pwm.dir/home/ubuntu/pico/pico-sdk/src/rp2_common/pico_stdio_usb/stdio_usb.c.obj
 .text.tud_cdc_rx_cb
                0x0000000010005f9c       0x20 CMakeFiles/robot_pwm.dir/home/ubuntu/pico/pico-sdk/src/rp2_common/pico_stdio_usb/stdio_usb.c.obj
                0x0000000010005f9c                tud_cdc_rx_cb
 .text.stdio_usb_init
                0x0000000010005fbc       0xdc CMakeFiles/robot_pwm.dir/home/ubuntu/pico/pico-sdk/src/rp2_common/pico_stdio_usb/stdio_usb.c.obj
                0x0000000010005fbc                stdio_usb_init
 .text.tud_descriptor_device_cb
                0x0000000010006098        0x8 CMakeFiles/robot_pwm.dir/home/ubuntu/pico/pico-sdk/src/rp2_common/pico_stdio_usb/stdio_usb_descriptors.c.obj
                0x0000000010006098                tud_descriptor_device_cb
 .text.tud_descriptor_configuration_cb
                0x00000000100060a0        0x8 CMakeFiles/robot_pwm.dir/home/ubuntu/pico/pico-sdk/src/rp2_common/pico_stdio_usb/stdio_usb_descriptors.c.obj
                0x00000000100060a0                tud_descriptor_configuration_cb
 .text.tud_descriptor_string_cb
                0x00000000100060a8       0x70 CMakeFiles/robot_pwm.dir/home/ubuntu/pico/pico-sdk/src/rp2_common/pico_stdio_usb/stdio_usb_descriptors.c.obj
                0x00000000100060a8                tud_descriptor_string_cb
 .text.startup._retrieve_unique_id_on_boot
                0x0000000010006118       0x10 CMakeFiles/robot_pwm.dir/home/ubuntu/pico/pico-sdk/src/rp2_common/pico_unique_id/unique_id.c.obj
 .text.pico_get_unique_board_id_string
                0x0000000010006128      0x1bc CMakeFiles/robot_pwm.dir/home/ubuntu/pico/pico-sdk/src/rp2_common/pico_unique_id/unique_id.c.obj
                0x0000000010006128                pico_get_unique_board_id_string
 .text.flash_get_unique_id
                0x00000000100062e4       0x40 CMakeFiles/robot_pwm.dir/home/ubuntu/pico/pico-sdk/src/rp2_common/hardware_flash/flash.c.obj
                0x00000000100062e4                flash_get_unique_id
 .text.dcd_int_enable
                0x0000000010006324        0xc CMakeFiles/robot_pwm.dir/home/ubuntu/pico/pico-sdk/lib/tinyusb/src/portable/raspberrypi/rp2040/dcd_rp2040.c.obj
                0x0000000010006324                dcd_int_enable
 .text.dcd_set_address
                0x0000000010006330       0x14 CMakeFiles/robot_pwm.dir/home/ubuntu/pico/pico-sdk/lib/tinyusb/src/portable/raspberrypi/rp2040/dcd_rp2040.c.obj
                0x0000000010006330                dcd_set_address
 .text.dcd_connect
                0x0000000010006344       0x10 CMakeFiles/robot_pwm.dir/home/ubuntu/pico/pico-sdk/lib/tinyusb/src/portable/raspberrypi/rp2040/dcd_rp2040.c.obj
                0x0000000010006344                dcd_connect
 .text.dcd_init
                0x0000000010006354       0x9c CMakeFiles/robot_pwm.dir/home/ubuntu/pico/pico-sdk/lib/tinyusb/src/portable/raspberrypi/rp2040/dcd_rp2040.c.obj
                0x0000000010006354                dcd_init
 .text.dcd_edpt0_status_complete
                0x00000000100063f0       0x1c CMakeFiles/robot_pwm.dir/home/ubuntu/pico/pico-sdk/lib/tinyusb/src/portable/raspberrypi/rp2040/dcd_rp2040.c.obj
                0x00000000100063f0                dcd_edpt0_status_complete
 .text.dcd_edpt_open
                0x000000001000640c      0x108 CMakeFiles/robot_pwm.dir/home/ubuntu/pico/pico-sdk/lib/tinyusb/src/portable/raspberrypi/rp2040/dcd_rp2040.c.obj
                0x000000001000640c                dcd_edpt_open
 .text.dcd_edpt_close_all
                0x0000000010006514        0x8 CMakeFiles/robot_pwm.dir/home/ubuntu/pico/pico-sdk/lib/tinyusb/src/portable/raspberrypi/rp2040/dcd_rp2040.c.obj
                0x0000000010006514                dcd_edpt_close_all
 .text.dcd_edpt_xfer
                0x000000001000651c       0x24 CMakeFiles/robot_pwm.dir/home/ubuntu/pico/pico-sdk/lib/tinyusb/src/portable/raspberrypi/rp2040/dcd_rp2040.c.obj
                0x000000001000651c                dcd_edpt_xfer
 .text.dcd_edpt_stall
                0x0000000010006540       0x38 CMakeFiles/robot_pwm.dir/home/ubuntu/pico/pico-sdk/lib/tinyusb/src/portable/raspberrypi/rp2040/dcd_rp2040.c.obj
                0x0000000010006540                dcd_edpt_stall
 .text.dcd_edpt_clear_stall
                0x0000000010006578       0x30 CMakeFiles/robot_pwm.dir/home/ubuntu/pico/pico-sdk/lib/tinyusb/src/portable/raspberrypi/rp2040/dcd_rp2040.c.obj
                0x0000000010006578                dcd_edpt_clear_stall
 .text.rp2040_usb_init
                0x00000000100065a8       0x4c CMakeFiles/robot_pwm.dir/home/ubuntu/pico/pico-sdk/lib/tinyusb/src/portable/raspberrypi/rp2040/rp2040_usb.c.obj
                0x00000000100065a8                rp2040_usb_init
 .text.hw_endpoint_xfer_start
                0x00000000100065f4       0x54 CMakeFiles/robot_pwm.dir/home/ubuntu/pico/pico-sdk/lib/tinyusb/src/portable/raspberrypi/rp2040/rp2040_usb.c.obj
                0x00000000100065f4                hw_endpoint_xfer_start
 .text.tud_mounted
                0x0000000010006648       0x10 CMakeFiles/robot_pwm.dir/home/ubuntu/pico/pico-sdk/lib/tinyusb/src/device/usbd.c.obj
                0x0000000010006648                tud_mounted
 .text.tud_suspended
                0x0000000010006658       0x10 CMakeFiles/robot_pwm.dir/home/ubuntu/pico/pico-sdk/lib/tinyusb/src/device/usbd.c.obj
                0x0000000010006658                tud_suspended
 .text.tud_inited
                0x0000000010006668       0x14 CMakeFiles/robot_pwm.dir/home/ubuntu/pico/pico-sdk/lib/tinyusb/src/device/usbd.c.obj
                0x0000000010006668                tud_inited
 .text.tud_init
                0x000000001000667c       0xe4 CMakeFiles/robot_pwm.dir/home/ubuntu/pico/pico-sdk/lib/tinyusb/src/device/usbd.c.obj
                0x000000001000667c                tud_init
 .text.tud_task_ext
                0x0000000010006760      0x858 CMakeFiles/robot_pwm.dir/home/ubuntu/pico/pico-sdk/lib/tinyusb/src/device/usbd.c.obj
                0x0000000010006760                tud_task_ext
 .text.usbd_open_edpt_pair
                0x0000000010006fb8       0x9c CMakeFiles/robot_pwm.dir/home/ubuntu/pico/pico-sdk/lib/tinyusb/src/device/usbd.c.obj
                0x0000000010006fb8                usbd_open_edpt_pair
 .text.usbd_defer_func
                0x0000000010007054       0x4c CMakeFiles/robot_pwm.dir/home/ubuntu/pico/pico-sdk/lib/tinyusb/src/device/usbd.c.obj
                0x0000000010007054                usbd_defer_func
 .text.usbd_edpt_open
                0x00000000100070a0       0x34 CMakeFiles/robot_pwm.dir/home/ubuntu/pico/pico-sdk/lib/tinyusb/src/device/usbd.c.obj
                0x00000000100070a0                usbd_edpt_open
 .text.usbd_edpt_claim
                0x00000000100070d4       0x28 CMakeFiles/robot_pwm.dir/home/ubuntu/pico/pico-sdk/lib/tinyusb/src/device/usbd.c.obj
                0x00000000100070d4                usbd_edpt_claim
 .text.usbd_edpt_release
                0x00000000100070fc       0x28 CMakeFiles/robot_pwm.dir/home/ubuntu/pico/pico-sdk/lib/tinyusb/src/device/usbd.c.obj
                0x00000000100070fc                usbd_edpt_release
 .text.usbd_edpt_xfer
                0x0000000010007124       0x4c CMakeFiles/robot_pwm.dir/home/ubuntu/pico/pico-sdk/lib/tinyusb/src/device/usbd.c.obj
                0x0000000010007124                usbd_edpt_xfer
 .text.tud_control_status
                0x0000000010007170       0x30 CMakeFiles/robot_pwm.dir/home/ubuntu/pico/pico-sdk/lib/tinyusb/src/device/usbd_control.c.obj
                0x0000000010007170                tud_control_status
 .text.tud_control_xfer
                0x00000000100071a0       0xb8 CMakeFiles/robot_pwm.dir/home/ubuntu/pico/pico-sdk/lib/tinyusb/src/device/usbd_control.c.obj
                0x00000000100071a0                tud_control_xfer
 .text.usbd_control_reset
                0x0000000010007258       0x14 CMakeFiles/robot_pwm.dir/home/ubuntu/pico/pico-sdk/lib/tinyusb/src/device/usbd_control.c.obj
                0x0000000010007258                usbd_control_reset
 .text.usbd_control_set_complete_callback
                0x000000001000726c        0xc CMakeFiles/robot_pwm.dir/home/ubuntu/pico/pico-sdk/lib/tinyusb/src/device/usbd_control.c.obj
                0x000000001000726c                usbd_control_set_complete_callback
 .text.usbd_control_set_request
                0x0000000010007278       0x1c CMakeFiles/robot_pwm.dir/home/ubuntu/pico/pico-sdk/lib/tinyusb/src/device/usbd_control.c.obj
                0x0000000010007278                usbd_control_set_request
 .text.usbd_control_xfer_cb
                0x0000000010007294       0xf8 CMakeFiles/robot_pwm.dir/home/ubuntu/pico/pico-sdk/lib/tinyusb/src/device/usbd_control.c.obj
                0x0000000010007294                usbd_control_xfer_cb
 .text.tud_cdc_n_connected
                0x000000001000738c       0x30 CMakeFiles/robot_pwm.dir/home/ubuntu/pico/pico-sdk/lib/tinyusb/src/class/cdc/cdc_device.c.obj
                0x000000001000738c                tud_cdc_n_connected
 .text.tud_cdc_n_available
                0x00000000100073bc       0x18 CMakeFiles/robot_pwm.dir/home/ubuntu/pico/pico-sdk/lib/tinyusb/src/class/cdc/cdc_device.c.obj
                0x00000000100073bc                tud_cdc_n_available
 .text.tud_cdc_n_read
                0x00000000100073d4       0x70 CMakeFiles/robot_pwm.dir/home/ubuntu/pico/pico-sdk/lib/tinyusb/src/class/cdc/cdc_device.c.obj
                0x00000000100073d4                tud_cdc_n_read
 .text.tud_cdc_n_write_flush
                0x0000000010007444       0x78 CMakeFiles/robot_pwm.dir/home/ubuntu/pico/pico-sdk/lib/tinyusb/src/class/cdc/cdc_device.c.obj
                0x0000000010007444                tud_cdc_n_write_flush
 .text.tud_cdc_n_write
                0x00000000100074bc       0x34 CMakeFiles/robot_pwm.dir/home/ubuntu/pico/pico-sdk/lib/tinyusb/src/class/cdc/cdc_device.c.obj
                0x00000000100074bc                tud_cdc_n_write
 .text.tud_cdc_n_write_available
                0x00000000100074f0       0x18 CMakeFiles/robot_pwm.dir/home/ubuntu/pico/pico-sdk/lib/tinyusb/src/class/cdc/cdc_device.c.obj
                0x00000000100074f0                tud_cdc_n_write_available
 .text.cdcd_init
                0x0000000010007508       0x7c CMakeFiles/robot_pwm.dir/home/ubuntu/pico/pico-sdk/lib/tinyusb/src/class/cdc/cdc_device.c.obj
                0x0000000010007508                cdcd_init
 .text.cdcd_reset
                0x0000000010007584       0x2c CMakeFiles/robot_pwm.dir/home/ubuntu/pico/pico-sdk/lib/tinyusb/src/class/cdc/cdc_device.c.obj
                0x0000000010007584                cdcd_reset
 .text.cdcd_open
                0x00000000100075b0       0xe8 CMakeFiles/robot_pwm.dir/home/ubuntu/pico/pico-sdk/lib/tinyusb/src/class/cdc/cdc_device.c.obj
                0x00000000100075b0                cdcd_open
 .text.cdcd_control_xfer_cb
                0x0000000010007698       0xe4 CMakeFiles/robot_pwm.dir/home/ubuntu/pico/pico-sdk/lib/tinyusb/src/class/cdc/cdc_device.c.obj
                0x0000000010007698                cdcd_control_xfer_cb
 .text.cdcd_xfer_cb
                0x000000001000777c      0x198 CMakeFiles/robot_pwm.dir/home/ubuntu/pico/pico-sdk/lib/tinyusb/src/class/cdc/cdc_device.c.obj
                0x000000001000777c                cdcd_xfer_cb
 .text.tusb_init
                0x0000000010007914        0xc CMakeFiles/robot_pwm.dir/home/ubuntu/pico/pico-sdk/lib/tinyusb/src/tusb.c.obj
                0x0000000010007914                tusb_init
 .text.tusb_inited
                0x0000000010007920        0x8 CMakeFiles/robot_pwm.dir/home/ubuntu/pico/pico-sdk/lib/tinyusb/src/tusb.c.obj
                0x0000000010007920                tusb_inited
 .text.tu_edpt_claim
                0x0000000010007928       0x50 CMakeFiles/robot_pwm.dir/home/ubuntu/pico/pico-sdk/lib/tinyusb/src/tusb.c.obj
                0x0000000010007928                tu_edpt_claim
 .text.tu_edpt_release
                0x0000000010007978       0x38 CMakeFiles/robot_pwm.dir/home/ubuntu/pico/pico-sdk/lib/tinyusb/src/tusb.c.obj
                0x0000000010007978                tu_edpt_release
 .text.tu_edpt_validate
                0x00000000100079b0       0x78 CMakeFiles/robot_pwm.dir/home/ubuntu/pico/pico-sdk/lib/tinyusb/src/tusb.c.obj
                0x00000000100079b0                tu_edpt_validate
 .text.tu_edpt_bind_driver
                0x0000000010007a28       0x34 CMakeFiles/robot_pwm.dir/home/ubuntu/pico/pico-sdk/lib/tinyusb/src/tusb.c.obj
                0x0000000010007a28                tu_edpt_bind_driver
 .text.tu_fifo_config
                0x0000000010007a5c       0x70 CMakeFiles/robot_pwm.dir/home/ubuntu/pico/pico-sdk/lib/tinyusb/src/common/tusb_fifo.c.obj
                0x0000000010007a5c                tu_fifo_config
 .text.tu_fifo_count
                0x0000000010007acc       0x2c CMakeFiles/robot_pwm.dir/home/ubuntu/pico/pico-sdk/lib/tinyusb/src/common/tusb_fifo.c.obj
                0x0000000010007acc                tu_fifo_count
 .text.tu_fifo_empty
                0x0000000010007af8       0x10 CMakeFiles/robot_pwm.dir/home/ubuntu/pico/pico-sdk/lib/tinyusb/src/common/tusb_fifo.c.obj
                0x0000000010007af8                tu_fifo_empty
 .text.tu_fifo_remaining
                0x0000000010007b08       0x2c CMakeFiles/robot_pwm.dir/home/ubuntu/pico/pico-sdk/lib/tinyusb/src/common/tusb_fifo.c.obj
                0x0000000010007b08                tu_fifo_remaining
 .text.tu_fifo_read
                0x0000000010007b34       0x9c CMakeFiles/robot_pwm.dir/home/ubuntu/pico/pico-sdk/lib/tinyusb/src/common/tusb_fifo.c.obj
                0x0000000010007b34                tu_fifo_read
 .text.tu_fifo_read_n
                0x0000000010007bd0       0xf0 CMakeFiles/robot_pwm.dir/home/ubuntu/pico/pico-sdk/lib/tinyusb/src/common/tusb_fifo.c.obj
                0x0000000010007bd0                tu_fifo_read_n
 .text.tu_fifo_write
                0x0000000010007cc0       0x88 CMakeFiles/robot_pwm.dir/home/ubuntu/pico/pico-sdk/lib/tinyusb/src/common/tusb_fifo.c.obj
                0x0000000010007cc0                tu_fifo_write
 .text.tu_fifo_write_n
                0x0000000010007d48      0x158 CMakeFiles/robot_pwm.dir/home/ubuntu/pico/pico-sdk/lib/tinyusb/src/common/tusb_fifo.c.obj
                0x0000000010007d48                tu_fifo_write_n
 .text.tu_fifo_clear
                0x0000000010007ea0       0x40 CMakeFiles/robot_pwm.dir/home/ubuntu/pico/pico-sdk/lib/tinyusb/src/common/tusb_fifo.c.obj
                0x0000000010007ea0                tu_fifo_clear
 .text.tu_fifo_set_overwritable
                0x0000000010007ee0       0x48 CMakeFiles/robot_pwm.dir/home/ubuntu/pico/pico-sdk/lib/tinyusb/src/common/tusb_fifo.c.obj
                0x0000000010007ee0                tu_fifo_set_overwritable
 .text          0x0000000010007f28       0x5c /usr/lib/gcc/arm-none-eabi/9.2.1/../../../arm-none-eabi/lib/thumb/v6-m/nofp/libc.a(lib_a-callocr.o)
                0x0000000010007f28                _calloc_r
 .text          0x0000000010007f84      0x58c /usr/lib/gcc/arm-none-eabi/9.2.1/../../../arm-none-eabi/lib/thumb/v6-m/nofp/libc.a(lib_a-mallocr.o)
                0x0000000010007f84                _malloc_r
 .text          0x0000000010008510        0x8 /usr/lib/gcc/arm-none-eabi/9.2.1/../../../arm-none-eabi/lib/thumb/v6-m/nofp/libc.a(lib_a-mlock.o)
                0x0000000010008510                __malloc_lock
                0x0000000010008514                __malloc_unlock
 .text          0x0000000010008518       0x24 /usr/lib/gcc/arm-none-eabi/9.2.1/../../../arm-none-eabi/lib/thumb/v6-m/nofp/libc.a(lib_a-sbrkr.o)
                0x0000000010008518                _sbrk_r
 .text          0x000000001000853c       0x68 /usr/lib/gcc/arm-none-eabi/9.2.1/../../../arm-none-eabi/lib/thumb/v6-m/nofp/libc.a(lib_a-strlen-stub.o)
                0x000000001000853c                strlen
 .text          0x00000000100085a4     0x10b8 /usr/lib/gcc/arm-none-eabi/9.2.1/../../../arm-none-eabi/lib/thumb/v6-m/nofp/libc.a(lib_a-strtod.o)
                0x00000000100085d4                _strtod_l
                0x00000000100094b4                _strtod_r
                0x00000000100094c4                strtod_l
                0x00000000100094dc                strtod
                0x00000000100094f8                strtof_l
                0x00000000100095a8                strtof
 .text          0x000000001000965c      0x27c /usr/lib/gcc/arm-none-eabi/9.2.1/../../../arm-none-eabi/lib/thumb/v6-m/nofp/libc.a(lib_a-freer.o)
                0x000000001000965c                _malloc_trim_r
                0x00000000100096fc                _free_r
 .text          0x00000000100098d8      0x634 /usr/lib/gcc/arm-none-eabi/9.2.1/../../../arm-none-eabi/lib/thumb/v6-m/nofp/libc.a(lib_a-gdtoa-gethex.o)
                0x000000001000997c                __gethex
 .text          0x0000000010009f0c      0x1d8 /usr/lib/gcc/arm-none-eabi/9.2.1/../../../arm-none-eabi/lib/thumb/v6-m/nofp/libc.a(lib_a-gdtoa-hexnan.o)
                0x0000000010009f0c                __match
                0x0000000010009f38                __hexnan
 .text          0x000000001000a0e4       0x44 /usr/lib/gcc/arm-none-eabi/9.2.1/../../../arm-none-eabi/lib/thumb/v6-m/nofp/libc.a(lib_a-mbtowc_r.o)
                0x000000001000a0e4                _mbtowc_r
                0x000000001000a0fc                __ascii_mbtowc
 .text          0x000000001000a128      0xa38 /usr/lib/gcc/arm-none-eabi/9.2.1/../../../arm-none-eabi/lib/thumb/v6-m/nofp/libc.a(lib_a-mprec.o)
                0x000000001000a128                _Balloc
                0x000000001000a178                _Bfree
                0x000000001000a18c                __multadd
                0x000000001000a23c                __s2b
                0x000000001000a2e8                __hi0bits
                0x000000001000a320                __lo0bits
                0x000000001000a37c                __i2b
                0x000000001000a3a8                __multiply
                0x000000001000a534                __pow5mult
                0x000000001000a5e8                __lshift
                0x000000001000a6cc                __mcmp
                0x000000001000a700                __mdiff
                0x000000001000a848                __ulp
                0x000000001000a890                __b2d
                0x000000001000a948                __d2b
                0x000000001000aa20                __ratio
                0x000000001000aa94                _mprec_log10
                0x000000001000aac8                __copybits
                0x000000001000ab08                __any_on
 .text          0x000000001000ab60        0xc /usr/lib/gcc/arm-none-eabi/9.2.1/../../../arm-none-eabi/lib/thumb/v6-m/nofp/libc.a(lib_a-s_nan.o)
                0x000000001000ab60                nan
 .text          0x000000001000ab6c        0x8 /usr/lib/gcc/arm-none-eabi/9.2.1/../../../arm-none-eabi/lib/thumb/v6-m/nofp/libc.a(lib_a-sf_nan.o)
                0x000000001000ab6c                nanf
 .text          0x000000001000ab74       0x94 /usr/lib/gcc/arm-none-eabi/9.2.1/../../../arm-none-eabi/lib/thumb/v6-m/nofp/libc.a(lib_a-strncmp.o)
                0x000000001000ab74                strncmp
 .text          0x000000001000ac08       0x2c /usr/lib/gcc/arm-none-eabi/9.2.1/../../../arm-none-eabi/lib/thumb/v6-m/nofp/libc.a(lib_a-wctomb_r.o)
                0x000000001000ac08                _wctomb_r
                0x000000001000ac18                __ascii_wctomb
 *(.fini)
 .fini          0x000000001000ac34        0x4 /usr/lib/gcc/arm-none-eabi/9.2.1/thumb/v6-m/nofp/crti.o
                0x000000001000ac34                _fini
 .fini.__stub   0x000000001000ac38       0xd0 linker stubs
 *crtbegin.o(.ctors)
 *crtbegin?.o(.ctors)
 *(EXCLUDE_FILE(*crtend.o *crtend?.o) .ctors)
 *(SORT_BY_NAME(.ctors.*))
 *(.ctors)
 *crtbegin.o(.dtors)
 *crtbegin?.o(.dtors)
 *(EXCLUDE_FILE(*crtend.o *crtend?.o) .dtors)
 *(SORT_BY_NAME(.dtors.*))
 *(.dtors)
 *(.eh_frame*)
 .eh_frame      0x000000001000ad08        0x0 /usr/lib/gcc/arm-none-eabi/9.2.1/thumb/v6-m/nofp/crtbegin.o
                0x000000001000ad08                . = ALIGN (0x4)

.glue_7         0x000000001000ad08        0x0
 .glue_7        0x000000001000ad08        0x0 linker stubs

.glue_7t        0x000000001000ad08        0x0
 .glue_7t       0x000000001000ad08        0x0 linker stubs

.vfp11_veneer   0x000000001000ad08        0x0
 .vfp11_veneer  0x000000001000ad08        0x0 linker stubs

.v4_bx          0x000000001000ad08        0x0
 .v4_bx         0x000000001000ad08        0x0 linker stubs

.iplt           0x000000001000ad08        0x0
 .iplt          0x000000001000ad08        0x0 /usr/lib/gcc/arm-none-eabi/9.2.1/thumb/v6-m/nofp/crtbegin.o

.rodata         0x000000001000ad08      0xad0
 *(EXCLUDE_FILE(*libm.a: *libc.a:*lib_a-mem*.o *libgcc.a:) .rodata*)
 .rodata._Z19timerStatusCallbackP15repeating_timer.str1.4
                0x000000001000ad08       0x29 CMakeFiles/robot_pwm.dir/main.cpp.obj
 *fill*         0x000000001000ad31        0x3 
 .rodata._Z10printStateff10RobotState13RobotOdometry.str1.4
                0x000000001000ad34       0x39 CMakeFiles/robot_pwm.dir/main.cpp.obj
 *fill*         0x000000001000ad6d        0x3 
 .rodata.spin_lock_claim_unused.str1.4
                0x000000001000ad70       0x1b CMakeFiles/robot_pwm.dir/home/ubuntu/pico/pico-sdk/src/rp2_common/hardware_sync/sync.c.obj
 *fill*         0x000000001000ad8b        0x1 
 .rodata.user_irq_claim_unused.str1.4
                0x000000001000ad8c       0x1b CMakeFiles/robot_pwm.dir/home/ubuntu/pico/pico-sdk/src/rp2_common/hardware_irq/irq.c.obj
 *fill*         0x000000001000ada7        0x1 
 .rodata.hardware_alarm_claim.str1.4
                0x000000001000ada8       0x22 CMakeFiles/robot_pwm.dir/home/ubuntu/pico/pico-sdk/src/rp2_common/hardware_timer/timer.c.obj
 *fill*         0x000000001000adca        0x2 
 .rodata.__assert_func.str1.4
                0x000000001000adcc       0x3f CMakeFiles/robot_pwm.dir/home/ubuntu/pico/pico-sdk/src/rp2_common/pico_runtime/runtime.c.obj
                                         0x43 (size before relaxing)
 *fill*         0x000000001000ae0b        0x1 
 .rodata.panic.str1.4
                0x000000001000ae0c       0x12 CMakeFiles/robot_pwm.dir/home/ubuntu/pico/pico-sdk/src/rp2_common/pico_runtime/runtime.c.obj
 *fill*         0x000000001000ae1e        0x2 
 .rodata.hard_assertion_failure.str1.4
                0x000000001000ae20        0xc CMakeFiles/robot_pwm.dir/home/ubuntu/pico/pico-sdk/src/rp2_common/pico_runtime/runtime.c.obj
 .rodata._ftoa.str1.4
                0x000000001000ae2c       0x15 CMakeFiles/robot_pwm.dir/home/ubuntu/pico/pico-sdk/src/rp2_common/pico_printf/printf.c.obj
 *fill*         0x000000001000ae41        0x3 
 .rodata._vsnprintf
                0x000000001000ae44      0x1e0 CMakeFiles/robot_pwm.dir/home/ubuntu/pico/pico-sdk/src/rp2_common/pico_printf/printf.c.obj
 *fill*         0x000000001000b024        0x4 
 .rodata.pow10.5444
                0x000000001000b028       0x50 CMakeFiles/robot_pwm.dir/home/ubuntu/pico/pico-sdk/src/rp2_common/pico_printf/printf.c.obj
 .rodata.str1.4
                0x000000001000b078       0x44 CMakeFiles/robot_pwm.dir/home/ubuntu/pico/pico-sdk/src/rp2_common/pico_standard_link/binary_info.c.obj
 .rodata.__bi_44
                0x000000001000b0bc        0xc CMakeFiles/robot_pwm.dir/home/ubuntu/pico/pico-sdk/src/rp2_common/pico_standard_link/binary_info.c.obj
 .rodata.__bi_56
                0x000000001000b0c8        0xc CMakeFiles/robot_pwm.dir/home/ubuntu/pico/pico-sdk/src/rp2_common/pico_standard_link/binary_info.c.obj
 .rodata.__bi_75
                0x000000001000b0d4        0xc CMakeFiles/robot_pwm.dir/home/ubuntu/pico/pico-sdk/src/rp2_common/pico_standard_link/binary_info.c.obj
 .rodata.__bi_81
                0x000000001000b0e0        0xc CMakeFiles/robot_pwm.dir/home/ubuntu/pico/pico-sdk/src/rp2_common/pico_standard_link/binary_info.c.obj
 .rodata._resetd_driver
                0x000000001000b0ec       0x18 CMakeFiles/robot_pwm.dir/home/ubuntu/pico/pico-sdk/src/rp2_common/pico_stdio_usb/reset_interface.c.obj
 .rodata.str1.4
                0x000000001000b104       0x13 CMakeFiles/robot_pwm.dir/home/ubuntu/pico/pico-sdk/src/rp2_common/pico_stdio_usb/stdio_usb.c.obj
 *fill*         0x000000001000b117        0x1 
 .rodata.__bi_182.7656
                0x000000001000b118        0xc CMakeFiles/robot_pwm.dir/home/ubuntu/pico/pico-sdk/src/rp2_common/pico_stdio_usb/stdio_usb.c.obj
 .rodata.str1.4
                0x000000001000b124       0x2a CMakeFiles/robot_pwm.dir/home/ubuntu/pico/pico-sdk/src/rp2_common/pico_stdio_usb/stdio_usb_descriptors.c.obj
 *fill*         0x000000001000b14e        0x2 
 .rodata.usbd_desc_cfg
                0x000000001000b150       0x54 CMakeFiles/robot_pwm.dir/home/ubuntu/pico/pico-sdk/src/rp2_common/pico_stdio_usb/stdio_usb_descriptors.c.obj
 .rodata.usbd_desc_device
                0x000000001000b1a4       0x12 CMakeFiles/robot_pwm.dir/home/ubuntu/pico/pico-sdk/src/rp2_common/pico_stdio_usb/stdio_usb_descriptors.c.obj
 *fill*         0x000000001000b1b6        0x2 
 .rodata.usbd_desc_str
                0x000000001000b1b8       0x18 CMakeFiles/robot_pwm.dir/home/ubuntu/pico/pico-sdk/src/rp2_common/pico_stdio_usb/stdio_usb_descriptors.c.obj
 .rodata.str1.4
                0x000000001000b1d0       0x14 CMakeFiles/robot_pwm.dir/home/ubuntu/pico/pico-sdk/lib/tinyusb/src/portable/raspberrypi/rp2040/dcd_rp2040.c.obj
 .rodata.str1.4
                0x000000001000b1e4       0x53 CMakeFiles/robot_pwm.dir/home/ubuntu/pico/pico-sdk/lib/tinyusb/src/portable/raspberrypi/rp2040/rp2040_usb.c.obj
 *fill*         0x000000001000b237        0x1 
 .rodata.tud_task_ext
                0x000000001000b238       0x8c CMakeFiles/robot_pwm.dir/home/ubuntu/pico/pico-sdk/lib/tinyusb/src/device/usbd.c.obj
 .rodata._usbd_driver
                0x000000001000b2c4       0x18 CMakeFiles/robot_pwm.dir/home/ubuntu/pico/pico-sdk/lib/tinyusb/src/device/usbd.c.obj
 *fill*         0x000000001000b2dc        0x4 
 .rodata        0x000000001000b2e0      0x120 /usr/lib/gcc/arm-none-eabi/9.2.1/../../../arm-none-eabi/lib/thumb/v6-m/nofp/libc.a(lib_a-strtod.o)
 .rodata.str1.4
                0x000000001000b400        0xf /usr/lib/gcc/arm-none-eabi/9.2.1/../../../arm-none-eabi/lib/thumb/v6-m/nofp/libc.a(lib_a-strtod.o)
                                         0x11 (size before relaxing)
 *fill*         0x000000001000b40f        0x1 
 .rodata        0x000000001000b410      0x100 /usr/lib/gcc/arm-none-eabi/9.2.1/../../../arm-none-eabi/lib/thumb/v6-m/nofp/libc.a(lib_a-gdtoa-gethex.o)
                0x000000001000b410                __hexdig
 .rodata.str1.4
                0x000000001000b510       0x4e /usr/lib/gcc/arm-none-eabi/9.2.1/../../../arm-none-eabi/lib/thumb/v6-m/nofp/libc.a(lib_a-gdtoa-gethex.o)
 *fill*         0x000000001000b55e        0x2 
 .rodata        0x000000001000b560        0xc /usr/lib/gcc/arm-none-eabi/9.2.1/../../../arm-none-eabi/lib/thumb/v6-m/nofp/libc.a(lib_a-lnumeric.o)
                0x000000001000b560                _C_numeric_locale
 .rodata.str1.4
                0x000000001000b56c        0x2 /usr/lib/gcc/arm-none-eabi/9.2.1/../../../arm-none-eabi/lib/thumb/v6-m/nofp/libc.a(lib_a-lnumeric.o)
                                          0x5 (size before relaxing)
 *fill*         0x000000001000b56e        0x2 
 .rodata.str1.4
                0x000000001000b570        0x6 /usr/lib/gcc/arm-none-eabi/9.2.1/../../../arm-none-eabi/lib/thumb/v6-m/nofp/libc.a(lib_a-locale.o)
                                         0x12 (size before relaxing)
 *fill*         0x000000001000b576        0x2 
 .rodata        0x000000001000b578      0x128 /usr/lib/gcc/arm-none-eabi/9.2.1/../../../arm-none-eabi/lib/thumb/v6-m/nofp/libc.a(lib_a-mprec.o)
                0x000000001000b588                __mprec_tinytens
                0x000000001000b5b0                __mprec_bigtens
                0x000000001000b5d8                __mprec_tens
 .rodata.str1.4
                0x000000001000b6a0       0x33 /usr/lib/gcc/arm-none-eabi/9.2.1/../../../arm-none-eabi/lib/thumb/v6-m/nofp/libc.a(lib_a-mprec.o)
                                         0x47 (size before relaxing)
 *fill*         0x000000001000b6d3        0x1 
 .rodata        0x000000001000b6d4      0x101 /usr/lib/gcc/arm-none-eabi/9.2.1/../../../arm-none-eabi/lib/thumb/v6-m/nofp/libc.a(lib_a-ctype_.o)
                0x000000001000b6d4                _ctype_
                0x000000001000b7d8                . = ALIGN (0x4)
 *fill*         0x000000001000b7d5        0x3 
 *(SORT_BY_ALIGNMENT(SORT_BY_NAME(.flashdata*)))
                0x000000001000b7d8                . = ALIGN (0x4)

.ARM.extab
 *(.ARM.extab* .gnu.linkonce.armextab.*)
                0x000000001000b7d8                __exidx_start = .

.ARM.exidx
 *(.ARM.exidx* .gnu.linkonce.armexidx.*)
                0x000000001000b7d8                __exidx_end = .
                0x000000001000b7d8                . = ALIGN (0x4)
                0x000000001000b7d8                __binary_info_start = .

.binary_info    0x000000001000b7d8       0x24
 *(.binary_info.keep.*)
 .binary_info.keep.__bi_ptr22
                0x000000001000b7d8        0x4 CMakeFiles/robot_pwm.dir/home/ubuntu/pico/pico-sdk/src/rp2_common/pico_standard_link/binary_info.c.obj
 .binary_info.keep.__bi_ptr30
                0x000000001000b7dc        0x4 CMakeFiles/robot_pwm.dir/home/ubuntu/pico/pico-sdk/src/rp2_common/pico_standard_link/binary_info.c.obj
 .binary_info.keep.__bi_ptr38
                0x000000001000b7e0        0x4 CMakeFiles/robot_pwm.dir/home/ubuntu/pico/pico-sdk/src/rp2_common/pico_standard_link/binary_info.c.obj
 .binary_info.keep.__bi_ptr44
                0x000000001000b7e4        0x4 CMakeFiles/robot_pwm.dir/home/ubuntu/pico/pico-sdk/src/rp2_common/pico_standard_link/binary_info.c.obj
 .binary_info.keep.__bi_ptr50
                0x000000001000b7e8        0x4 CMakeFiles/robot_pwm.dir/home/ubuntu/pico/pico-sdk/src/rp2_common/pico_standard_link/binary_info.c.obj
 .binary_info.keep.__bi_ptr56
                0x000000001000b7ec        0x4 CMakeFiles/robot_pwm.dir/home/ubuntu/pico/pico-sdk/src/rp2_common/pico_standard_link/binary_info.c.obj
 .binary_info.keep.__bi_ptr75
                0x000000001000b7f0        0x4 CMakeFiles/robot_pwm.dir/home/ubuntu/pico/pico-sdk/src/rp2_common/pico_standard_link/binary_info.c.obj
 .binary_info.keep.__bi_ptr81
                0x000000001000b7f4        0x4 CMakeFiles/robot_pwm.dir/home/ubuntu/pico/pico-sdk/src/rp2_common/pico_standard_link/binary_info.c.obj
 *(.binary_info.*)
 .binary_info.__bi_ptr182
                0x000000001000b7f8        0x4 CMakeFiles/robot_pwm.dir/home/ubuntu/pico/pico-sdk/src/rp2_common/pico_stdio_usb/stdio_usb.c.obj
                0x000000001000b7fc                __binary_info_end = .

.rel.dyn        0x000000001000b7fc        0x0
 .rel.iplt      0x000000001000b7fc        0x0 /usr/lib/gcc/arm-none-eabi/9.2.1/thumb/v6-m/nofp/crtbegin.o
                0x000000001000b7fc                . = ALIGN (0x4)

.ram_vector_table
                0x0000000020000000       0xc0
 *(.ram_vector_table)
 .ram_vector_table
                0x0000000020000000       0xc0 CMakeFiles/robot_pwm.dir/home/ubuntu/pico/pico-sdk/src/rp2_common/pico_runtime/runtime.c.obj
                0x0000000020000000                ram_vector_table

.data           0x00000000200000c0     0x1874 load address 0x000000001000b7fc
                0x00000000200000c0                __data_start__ = .
 *(vtable)
 *(.time_critical*)
 .time_critical.mutex_try_enter
                0x00000000200000c0       0x48 CMakeFiles/robot_pwm.dir/home/ubuntu/pico/pico-sdk/src/common/pico_sync/mutex.c.obj
                0x00000000200000c0                mutex_try_enter
 .time_critical.mutex_try_enter_block_until
                0x0000000020000108       0xb0 CMakeFiles/robot_pwm.dir/home/ubuntu/pico/pico-sdk/src/common/pico_sync/mutex.c.obj
                0x0000000020000108                mutex_try_enter_block_until
 .time_critical.mutex_enter_timeout_ms
                0x00000000200001b8       0x90 CMakeFiles/robot_pwm.dir/home/ubuntu/pico/pico-sdk/src/common/pico_sync/mutex.c.obj
                0x00000000200001b8                mutex_enter_timeout_ms
 .time_critical.mutex_exit
                0x0000000020000248       0x28 CMakeFiles/robot_pwm.dir/home/ubuntu/pico/pico-sdk/src/common/pico_sync/mutex.c.obj
                0x0000000020000248                mutex_exit
 .time_critical.flash_init_boot2_copyout
                0x0000000020000270       0x30 CMakeFiles/robot_pwm.dir/home/ubuntu/pico/pico-sdk/src/rp2_common/hardware_flash/flash.c.obj
 .time_critical.flash_enable_xip_via_boot2
                0x00000000200002a0       0x10 CMakeFiles/robot_pwm.dir/home/ubuntu/pico/pico-sdk/src/rp2_common/hardware_flash/flash.c.obj
 .time_critical.flash_cs_force
                0x00000000200002b0       0x38 CMakeFiles/robot_pwm.dir/home/ubuntu/pico/pico-sdk/src/rp2_common/hardware_flash/flash.c.obj
 .time_critical.flash_do_cmd
                0x00000000200002e8       0xc4 CMakeFiles/robot_pwm.dir/home/ubuntu/pico/pico-sdk/src/rp2_common/hardware_flash/flash.c.obj
                0x00000000200002e8                flash_do_cmd
 .time_critical.reset_non_control_endpoints
                0x00000000200003ac       0xbc CMakeFiles/robot_pwm.dir/home/ubuntu/pico/pico-sdk/lib/tinyusb/src/portable/raspberrypi/rp2040/dcd_rp2040.c.obj
 .time_critical.hw_handle_buff_status
                0x0000000020000468       0xb4 CMakeFiles/robot_pwm.dir/home/ubuntu/pico/pico-sdk/lib/tinyusb/src/portable/raspberrypi/rp2040/dcd_rp2040.c.obj
 .time_critical.dcd_rp2040_irq
                0x000000002000051c      0x4f4 CMakeFiles/robot_pwm.dir/home/ubuntu/pico/pico-sdk/lib/tinyusb/src/portable/raspberrypi/rp2040/dcd_rp2040.c.obj
 .time_critical.prepare_ep_buffer
                0x0000000020000a10       0x70 CMakeFiles/robot_pwm.dir/home/ubuntu/pico/pico-sdk/lib/tinyusb/src/portable/raspberrypi/rp2040/rp2040_usb.c.obj
 .time_critical.sync_ep_buffer
                0x0000000020000a80       0x4c CMakeFiles/robot_pwm.dir/home/ubuntu/pico/pico-sdk/lib/tinyusb/src/portable/raspberrypi/rp2040/rp2040_usb.c.obj
 .time_critical._hw_endpoint_xfer_sync
                0x0000000020000acc       0x28 CMakeFiles/robot_pwm.dir/home/ubuntu/pico/pico-sdk/lib/tinyusb/src/portable/raspberrypi/rp2040/rp2040_usb.c.obj
 .time_critical.e15_is_bulkin_ep
                0x0000000020000af4       0x28 CMakeFiles/robot_pwm.dir/home/ubuntu/pico/pico-sdk/lib/tinyusb/src/portable/raspberrypi/rp2040/rp2040_usb.c.obj
 .time_critical.e15_is_critical_frame_period
                0x0000000020000b1c       0x38 CMakeFiles/robot_pwm.dir/home/ubuntu/pico/pico-sdk/lib/tinyusb/src/portable/raspberrypi/rp2040/rp2040_usb.c.obj
 .time_critical.hw_endpoint_reset_transfer
                0x0000000020000b54        0xc CMakeFiles/robot_pwm.dir/home/ubuntu/pico/pico-sdk/lib/tinyusb/src/portable/raspberrypi/rp2040/rp2040_usb.c.obj
                0x0000000020000b54                hw_endpoint_reset_transfer
 .time_critical._hw_endpoint_buffer_control_update32
                0x0000000020000b60       0x58 CMakeFiles/robot_pwm.dir/home/ubuntu/pico/pico-sdk/lib/tinyusb/src/portable/raspberrypi/rp2040/rp2040_usb.c.obj
                0x0000000020000b60                _hw_endpoint_buffer_control_update32
 .time_critical.hw_endpoint_start_next_buffer
                0x0000000020000bb8       0x6c CMakeFiles/robot_pwm.dir/home/ubuntu/pico/pico-sdk/lib/tinyusb/src/portable/raspberrypi/rp2040/rp2040_usb.c.obj
                0x0000000020000bb8                hw_endpoint_start_next_buffer
 .time_critical.hw_endpoint_xfer_continue
                0x0000000020000c24       0x50 CMakeFiles/robot_pwm.dir/home/ubuntu/pico/pico-sdk/lib/tinyusb/src/portable/raspberrypi/rp2040/rp2040_usb.c.obj
                0x0000000020000c24                hw_endpoint_xfer_continue
 .time_critical.tinyusb
                0x0000000020000c74      0x170 CMakeFiles/robot_pwm.dir/home/ubuntu/pico/pico-sdk/lib/tinyusb/src/device/usbd.c.obj
                0x0000000020000c74                dcd_event_handler
 *(.text*)
 .text          0x0000000020000de4        0x4 /usr/lib/gcc/arm-none-eabi/9.2.1/thumb/v6-m/nofp/libgcc.a(_dvmd_tls.o)
                0x0000000020000de4                __aeabi_ldiv0
                0x0000000020000de4                __aeabi_idiv0
 .text.__stub   0x0000000020000de8       0x70 linker stubs
                0x0000000020000e58                . = ALIGN (0x4)
 *(.rodata*)
                0x0000000020000e58                . = ALIGN (0x4)
 *(.data*)
 .data.robot_pins
                0x0000000020000e58       0x28 CMakeFiles/robot_pwm.dir/main.cpp.obj
                0x0000000020000e58                robot_pins
 .data.striped_spin_lock_num
                0x0000000020000e80        0x1 CMakeFiles/robot_pwm.dir/home/ubuntu/pico/pico-sdk/src/rp2_common/hardware_sync/sync.c.obj
 *fill*         0x0000000020000e81        0x3 
 .data          0x0000000020000e84       0x48 CMakeFiles/robot_pwm.dir/home/ubuntu/pico/pico-sdk/src/rp2_common/hardware_irq/irq_handler_chain.S.obj
                0x0000000020000e84                irq_handler_chain_slots
                0x0000000020000eb4                irq_handler_chain_first_slot
                0x0000000020000ebe                irq_handler_chain_remove_tail
 .data.default_alarm_pool
                0x0000000020000ecc       0x18 CMakeFiles/robot_pwm.dir/home/ubuntu/pico/pico-sdk/src/common/pico_time/time.c.obj
 .data.default_alarm_pool_heap
                0x0000000020000ee4       0x10 CMakeFiles/robot_pwm.dir/home/ubuntu/pico/pico-sdk/src/common/pico_time/time.c.obj
 *fill*         0x0000000020000ef4        0xc 
 .data.aeabi_bits_funcs
                0x0000000020000f00       0x10 CMakeFiles/robot_pwm.dir/home/ubuntu/pico/pico-sdk/src/rp2_common/pico_bit_ops/bit_ops_aeabi.S.obj
                0x0000000020000f00                aeabi_bits_funcs
                0x0000000020000f10                aeabi_bits_funcs_end
 .data.aeabi_mem_funcs
                0x0000000020000f10       0x10 CMakeFiles/robot_pwm.dir/home/ubuntu/pico/pico-sdk/src/rp2_common/pico_mem_ops/mem_ops_aeabi.S.obj
                0x0000000020000f10                aeabi_mem_funcs
                0x0000000020000f20                aeabi_mem_funcs_end
 .data.stdio_usb
                0x0000000020000f20       0x14 CMakeFiles/robot_pwm.dir/home/ubuntu/pico/pico-sdk/src/rp2_common/pico_stdio_usb/stdio_usb.c.obj
                0x0000000020000f20                stdio_usb
 .data.ep_dir_string
                0x0000000020000f34        0x8 CMakeFiles/robot_pwm.dir/home/ubuntu/pico/pico-sdk/lib/tinyusb/src/portable/raspberrypi/rp2040/rp2040_usb.c.obj
                0x0000000020000f34                ep_dir_string
 .data._usbd_qdef
                0x0000000020000f3c       0x1c CMakeFiles/robot_pwm.dir/home/ubuntu/pico/pico-sdk/lib/tinyusb/src/device/usbd.c.obj
                0x0000000020000f3c                _usbd_qdef
 .data._usbd_rhport
                0x0000000020000f58        0x1 CMakeFiles/robot_pwm.dir/home/ubuntu/pico/pico-sdk/lib/tinyusb/src/device/usbd.c.obj
 *fill*         0x0000000020000f59        0x7 
 .data          0x0000000020000f60      0x430 /usr/lib/gcc/arm-none-eabi/9.2.1/../../../arm-none-eabi/lib/thumb/v6-m/nofp/libc.a(lib_a-impure.o)
                0x0000000020000f60                _impure_ptr
 .data          0x0000000020001390      0x410 /usr/lib/gcc/arm-none-eabi/9.2.1/../../../arm-none-eabi/lib/thumb/v6-m/nofp/libc.a(lib_a-mallocr.o)
                0x0000000020001390                __malloc_sbrk_base
                0x0000000020001394                __malloc_trim_threshold
                0x0000000020001398                __malloc_av_
 .data          0x00000000200017a0        0x2 /usr/lib/gcc/arm-none-eabi/9.2.1/../../../arm-none-eabi/lib/thumb/v6-m/nofp/libc.a(lib_a-lnumeric.o)
 *fill*         0x00000000200017a2        0x2 
 .data          0x00000000200017a4      0x16c /usr/lib/gcc/arm-none-eabi/9.2.1/../../../arm-none-eabi/lib/thumb/v6-m/nofp/libc.a(lib_a-locale.o)
                0x00000000200017a4                __global_locale
                0x0000000020001910                . = ALIGN (0x4)
 *(.after_data.*)
                0x0000000020001910                . = ALIGN (0x4)
                0x0000000020001910                PROVIDE (__mutex_array_start = .)
 *(SORT_BY_NAME(.mutex_array.*))
 *(.mutex_array)
 .mutex_array   0x0000000020001910        0x8 CMakeFiles/robot_pwm.dir/home/ubuntu/pico/pico-sdk/src/rp2_common/pico_stdio/stdio.c.obj
                0x0000000020001918                PROVIDE (__mutex_array_end = .)
                0x0000000020001918                . = ALIGN (0x4)
                0x0000000020001918                PROVIDE (__preinit_array_start = .)
 *(SORT_BY_NAME(.preinit_array.*))
 .preinit_array.00001
                0x0000000020001918        0x4 CMakeFiles/robot_pwm.dir/home/ubuntu/pico/pico-sdk/src/rp2_common/pico_mem_ops/mem_ops_aeabi.S.obj
 .preinit_array.00010
                0x000000002000191c        0x4 CMakeFiles/robot_pwm.dir/home/ubuntu/pico/pico-sdk/src/rp2_common/pico_bit_ops/bit_ops_aeabi.S.obj
 .preinit_array.00020
                0x0000000020001920        0x4 CMakeFiles/robot_pwm.dir/home/ubuntu/pico/pico-sdk/src/rp2_common/pico_double/double_aeabi.S.obj
 .preinit_array.00020
                0x0000000020001924        0x4 CMakeFiles/robot_pwm.dir/home/ubuntu/pico/pico-sdk/src/rp2_common/pico_float/float_aeabi.S.obj
 *(.preinit_array)
                0x0000000020001928                PROVIDE (__preinit_array_end = .)
                0x0000000020001928                . = ALIGN (0x4)
                0x0000000020001928                PROVIDE (__init_array_start = .)
 *(SORT_BY_NAME(.init_array.*))
 *(.init_array)
 .init_array    0x0000000020001928        0x4 /usr/lib/gcc/arm-none-eabi/9.2.1/thumb/v6-m/nofp/crtbegin.o
 .init_array    0x000000002000192c        0x4 CMakeFiles/robot_pwm.dir/main.cpp.obj
 .init_array    0x0000000020001930        0x4 CMakeFiles/robot_pwm.dir/home/ubuntu/pico/pico-sdk/src/rp2_common/pico_unique_id/unique_id.c.obj
                0x0000000020001934                PROVIDE (__init_array_end = .)
                0x0000000020001934                . = ALIGN (0x4)
                0x0000000020001934                PROVIDE (__fini_array_start = .)
 *(SORT_BY_NAME(.fini_array.*))
 *(.fini_array)
                0x0000000020001934                PROVIDE (__fini_array_end = .)
 *(.jcr)
                0x0000000020001934                . = ALIGN (0x4)
                0x0000000020001934                __data_end__ = .
                0x000000001000b7fc                __etext = LOADADDR (.data)

.tm_clone_table
                0x0000000020001934        0x0 load address 0x000000001000d070
 .tm_clone_table
                0x0000000020001934        0x0 /usr/lib/gcc/arm-none-eabi/9.2.1/thumb/v6-m/nofp/crtbegin.o
 .tm_clone_table
                0x0000000020001934        0x0 /usr/lib/gcc/arm-none-eabi/9.2.1/thumb/v6-m/nofp/crtend.o

.igot.plt       0x0000000020001934        0x0 load address 0x000000001000d070
 .igot.plt      0x0000000020001934        0x0 /usr/lib/gcc/arm-none-eabi/9.2.1/thumb/v6-m/nofp/crtbegin.o

.uninitialized_data
                0x0000000020001934        0x0 load address 0x000000001000d070
                0x0000000020001934                . = ALIGN (0x4)
 *(.uninitialized_data*)

.scratch_x      0x0000000020040000        0x0 load address 0x000000001000d070
                0x0000000020040000                __scratch_x_start__ = .
 *(.scratch_x.*)
                0x0000000020040000                . = ALIGN (0x4)
                0x0000000020040000                __scratch_x_end__ = .
                0x000000001000d070                __scratch_x_source__ = LOADADDR (.scratch_x)

.scratch_y      0x0000000020041000        0x0 load address 0x000000001000d070
                0x0000000020041000                __scratch_y_start__ = .
 *(.scratch_y.*)
                0x0000000020041000                . = ALIGN (0x4)
                0x0000000020041000                __scratch_y_end__ = .
                0x000000001000d070                __scratch_y_source__ = LOADADDR (.scratch_y)

.bss            0x0000000020001938      0xfb0
                0x0000000020001938                . = ALIGN (0x4)
                0x0000000020001938                __bss_start__ = .
 *(SORT_BY_ALIGNMENT(SORT_BY_NAME(.bss*)))
 .bss.boot_time
                0x0000000020001938        0x8 CMakeFiles/robot_pwm.dir/main.cpp.obj
                0x0000000020001938                boot_time
 .bss.default_alarm_pool_entries
                0x0000000020001940      0x100 CMakeFiles/robot_pwm.dir/home/ubuntu/pico/pico-sdk/src/common/pico_time/time.c.obj
 .bss.last_avail_time.7629
                0x0000000020001a40        0x8 CMakeFiles/robot_pwm.dir/home/ubuntu/pico/pico-sdk/src/rp2_common/pico_stdio_usb/stdio_usb.c.obj
 .bss.last_print_time
                0x0000000020001a48        0x8 CMakeFiles/robot_pwm.dir/main.cpp.obj
                0x0000000020001a48                last_print_time
 .bss.robot     0x0000000020001a50      0x150 CMakeFiles/robot_pwm.dir/main.cpp.obj
                0x0000000020001a50                robot
 .bss           0x0000000020001ba0       0x1c /usr/lib/gcc/arm-none-eabi/9.2.1/thumb/v6-m/nofp/crtbegin.o
 .bss           0x0000000020001bbc       0x34 /usr/lib/gcc/arm-none-eabi/9.2.1/../../../arm-none-eabi/lib/thumb/v6-m/nofp/libc.a(lib_a-mallocr.o)
                0x0000000020001bbc                __malloc_top_pad
                0x0000000020001bc0                __malloc_current_mallinfo
                0x0000000020001be8                __malloc_max_sbrked_mem
                0x0000000020001bec                __malloc_max_total_mem
 .bss._app_driver
                0x0000000020001bf0        0x4 CMakeFiles/robot_pwm.dir/home/ubuntu/pico/pico-sdk/lib/tinyusb/src/device/usbd.c.obj
 .bss._cdcd_itf
                0x0000000020001bf4      0x2c8 CMakeFiles/robot_pwm.dir/home/ubuntu/pico/pico-sdk/lib/tinyusb/src/class/cdc/cdc_device.c.obj
 .bss._ctrl_xfer
                0x0000000020001ebc       0x14 CMakeFiles/robot_pwm.dir/home/ubuntu/pico/pico-sdk/lib/tinyusb/src/device/usbd_control.c.obj
 .bss._ubsd_mutexdef
                0x0000000020001ed0        0x8 CMakeFiles/robot_pwm.dir/home/ubuntu/pico/pico-sdk/lib/tinyusb/src/device/usbd.c.obj
 .bss._usbd_ctrl_buf
                0x0000000020001ed8       0x40 CMakeFiles/robot_pwm.dir/home/ubuntu/pico/pico-sdk/lib/tinyusb/src/device/usbd_control.c.obj
 .bss._usbd_dev
                0x0000000020001f18       0x53 CMakeFiles/robot_pwm.dir/home/ubuntu/pico/pico-sdk/lib/tinyusb/src/device/usbd.c.obj
 *fill*         0x0000000020001f6b        0x1 
 .bss._usbd_mutex
                0x0000000020001f6c        0x4 CMakeFiles/robot_pwm.dir/home/ubuntu/pico/pico-sdk/lib/tinyusb/src/device/usbd.c.obj
 .bss._usbd_q   0x0000000020001f70        0x4 CMakeFiles/robot_pwm.dir/home/ubuntu/pico/pico-sdk/lib/tinyusb/src/device/usbd.c.obj
 .bss.alarm_callbacks
                0x0000000020001f74       0x10 CMakeFiles/robot_pwm.dir/home/ubuntu/pico/pico-sdk/src/rp2_common/hardware_timer/timer.c.obj
 .bss.angular   0x0000000020001f84        0x4 CMakeFiles/robot_pwm.dir/main.cpp.obj
                0x0000000020001f84                angular
 .bss.boot2_copyout
                0x0000000020001f88      0x100 CMakeFiles/robot_pwm.dir/home/ubuntu/pico/pico-sdk/src/rp2_common/hardware_flash/flash.c.obj
 .bss.callbacks
                0x0000000020002088        0x8 CMakeFiles/robot_pwm.dir/home/ubuntu/pico/pico-sdk/src/rp2_common/hardware_gpio/gpio.c.obj
 .bss.chars_available_callback
                0x0000000020002090        0x4 CMakeFiles/robot_pwm.dir/home/ubuntu/pico/pico-sdk/src/rp2_common/pico_stdio_usb/stdio_usb.c.obj
 .bss.chars_available_param
                0x0000000020002094        0x4 CMakeFiles/robot_pwm.dir/home/ubuntu/pico/pico-sdk/src/rp2_common/pico_stdio_usb/stdio_usb.c.obj